Component: ARM Compiler 5.06 update 7 (build 960) Tool: armlink [4d3601]

==============================================================================

Section Cross References

    rtc.o(i.Init_TimerTimeout) refers to rtx_timer.o(i.osTimerNew) for osTimerNew
    rtc.o(i.Init_TimerTimeout) refers to rtc.o(.data) for exec1
    rtc.o(i.Init_TimerTimeout) refers to rtc.o(i.Timer2_Callback) for Timer2_Callback
    rtc.o(i.Init_TimerToggleLed) refers to rtx_timer.o(i.osTimerNew) for osTimerNew
    rtc.o(i.Init_TimerToggleLed) refers to rtc.o(.data) for exec2
    rtc.o(i.Init_TimerToggleLed) refers to rtc.o(i.Timer1_Callback) for Timer1_Callback
    rtc.o(i.RTC_Alarm_IRQHandler) refers to stm32f4xx_hal_rtc.o(i.HAL_RTC_AlarmIRQHandler) for HAL_RTC_AlarmIRQHandler
    rtc.o(i.RTC_Alarm_IRQHandler) refers to rtx_thread.o(i.osThreadFlagsSet) for osThreadFlagsSet
    rtc.o(i.RTC_Alarm_IRQHandler) refers to rtc.o(i.set_alarm) for set_alarm
    rtc.o(i.RTC_Alarm_IRQHandler) refers to rtc.o(.bss) for hrtc
    rtc.o(i.RTC_Alarm_IRQHandler) refers to thalarm.o(.data) for tid_ThAlarm
    rtc.o(i.Timer1_Callback) refers to stm32f4xx_hal_gpio.o(i.HAL_GPIO_TogglePin) for HAL_GPIO_TogglePin
    rtc.o(i.Timer2_Callback) refers to rtx_timer.o(i.osTimerStop) for osTimerStop
    rtc.o(i.Timer2_Callback) refers to rtc.o(.data) for tim_toggle
    rtc.o(i.get_time_date) refers to _printf_percent.o(.ARM.Collect$$_printf_percent$$00000000) for _printf_percent
    rtc.o(i.get_time_date) refers to _printf_d.o(.ARM.Collect$$_printf_percent$$00000009) for _printf_d
    rtc.o(i.get_time_date) refers to _printf_dec.o(.text) for _printf_int_dec
    rtc.o(i.get_time_date) refers to _printf_pad.o(.text) for _printf_pre_padding
    rtc.o(i.get_time_date) refers to stm32f4xx_hal_rtc.o(i.HAL_RTC_GetTime) for HAL_RTC_GetTime
    rtc.o(i.get_time_date) refers to noretval__2sprintf.o(.text) for __2sprintf
    rtc.o(i.get_time_date) refers to stm32f4xx_hal_rtc.o(i.HAL_RTC_GetDate) for HAL_RTC_GetDate
    rtc.o(i.get_time_date) refers to rt_memcpy_v6.o(.text) for __aeabi_memcpy
    rtc.o(i.get_time_date) refers to rtc.o(.bss) for sTime
    rtc.o(i.get_time_date) refers to rtc.o(.data) for sDate
    rtc.o(i.init_RTC) refers to stm32f4xx_hal_pwr.o(i.HAL_PWR_EnableBkUpAccess) for HAL_PWR_EnableBkUpAccess
    rtc.o(i.init_RTC) refers to stm32f4xx_hal_rtc.o(i.HAL_RTC_Init) for HAL_RTC_Init
    rtc.o(i.init_RTC) refers to noretval__2printf.o(.text) for __2printf
    rtc.o(i.init_RTC) refers to rtc.o(i.set_time_date) for set_time_date
    rtc.o(i.init_RTC) refers to rtc.o(i.set_alarm) for set_alarm
    rtc.o(i.init_RTC) refers to rtc.o(.bss) for hrtc
    rtc.o(i.set_alarm) refers to stm32f4xx_hal_rtc.o(i.HAL_RTC_GetTime) for HAL_RTC_GetTime
    rtc.o(i.set_alarm) refers to stm32f4xx_hal_rtc.o(i.HAL_RTC_GetDate) for HAL_RTC_GetDate
    rtc.o(i.set_alarm) refers to stm32f4xx_hal_cortex.o(i.HAL_NVIC_SetPriority) for HAL_NVIC_SetPriority
    rtc.o(i.set_alarm) refers to stm32f4xx_hal_cortex.o(i.HAL_NVIC_EnableIRQ) for HAL_NVIC_EnableIRQ
    rtc.o(i.set_alarm) refers to stm32f4xx_hal_rtc.o(i.HAL_RTC_SetAlarm_IT) for HAL_RTC_SetAlarm_IT
    rtc.o(i.set_alarm) refers to noretval__2printf.o(.text) for __2printf
    rtc.o(i.set_alarm) refers to rtc.o(.bss) for sTime
    rtc.o(i.set_alarm) refers to rtc.o(.data) for sDate
    rtc.o(i.set_time_date) refers to stm32f4xx_hal_rtc.o(i.HAL_RTC_SetTime) for HAL_RTC_SetTime
    rtc.o(i.set_time_date) refers to noretval__2printf.o(.text) for __2printf
    rtc.o(i.set_time_date) refers to stm32f4xx_hal_rtc.o(i.HAL_RTC_SetDate) for HAL_RTC_SetDate
    rtc.o(i.set_time_date) refers to rtc.o(.bss) for sTime
    rtc.o(i.set_time_date) refers to rtc.o(.data) for sDate
    configuracion.o(i.configuracion) refers to stm32f4xx_hal_gpio.o(i.HAL_GPIO_Init) for HAL_GPIO_Init
    configuracion.o(i.configuracion) refers to configuracion.o(.bss) for GPIO_InitStruct
    configuracion.o(i.init_rgb) refers to stm32f4xx_hal_gpio.o(i.HAL_GPIO_Init) for HAL_GPIO_Init
    configuracion.o(i.init_rgb) refers to stm32f4xx_hal_gpio.o(i.HAL_GPIO_WritePin) for HAL_GPIO_WritePin
    configuracion.o(i.init_rgb) refers to configuracion.o(.bss) for GPIO_InitStruct
    configuracion.o(i.reset_leds) refers to stm32f4xx_hal_gpio.o(i.HAL_GPIO_WritePin) for HAL_GPIO_WritePin
    lcd.o(i.LCD_Init) refers to lcd.o(i.LCD_wr_cmd) for LCD_wr_cmd
    lcd.o(i.LCD_escribir_linea) refers to lcd.o(i.LCD_symbolToLocalBuffer) for LCD_symbolToLocalBuffer
    lcd.o(i.LCD_escribir_linea) refers to strlen.o(.text) for strlen
    lcd.o(i.LCD_escribir_linea) refers to lcd.o(.data) for vacio
    lcd.o(i.LCD_reset) refers to rt_memclr_w.o(.text) for __aeabi_memclr4
    lcd.o(i.LCD_reset) refers to stm32f4xx_hal_gpio.o(i.HAL_GPIO_Init) for HAL_GPIO_Init
    lcd.o(i.LCD_reset) refers to stm32f4xx_hal_gpio.o(i.HAL_GPIO_WritePin) for HAL_GPIO_WritePin
    lcd.o(i.LCD_reset) refers to lcd.o(i.delay) for delay
    lcd.o(i.LCD_reset) refers to lcd.o(.bss) for buffer
[...]
    __user_perproc_libspace                  0x08001561   Thumb Code     0  libspace.o(.text)
    __rt_heap_descriptor                     0x08001569   Thumb Code    10  rt_heap_descriptor_twolibspace.o(.text)
    __use_no_heap                            0x08001573   Thumb Code     2  hguard.o(.text)
    __heap$guard                             0x08001575   Thumb Code     2  hguard.o(.text)
    _terminate_user_alloc                    0x08001577   Thumb Code     2  init_alloc.o(.text)
    _init_user_alloc                         0x08001579   Thumb Code     2  init_alloc.o(.text)
    __Heap_Full                              0x0800157b   Thumb Code    34  init_alloc.o(.text)
    __Heap_Broken                            0x0800159d   Thumb Code     6  init_alloc.o(.text)
    _init_alloc                              0x080015a3   Thumb Code    94  init_alloc.o(.text)
    _malloc_internal                         0x08001609   Thumb Code   130  h1_alloc_mt.o(.text)
    malloc                                   0x0800168b   Thumb Code    20  h1_alloc_mt.o(.text)
    _printf_char_file                        0x080016a1   Thumb Code    58  _printf_char_file_locked.o(.text)
    _fseek                                   0x080016e1   Thumb Code   242  fseek.o(.text)
    fseek                                    0x080016e1   Thumb Code     0  fseek.o(.text)
    _seterr                                  0x080017d9   Thumb Code    20  stdio.o(.text)
    _writebuf                                0x080017ed   Thumb Code    84  stdio.o(.text)
    _fflush                                  0x08001841   Thumb Code    70  stdio.o(.text)
    _deferredlazyseek                        0x08001887   Thumb Code    60  stdio.o(.text)
    __sig_exit                               0x080018c9   Thumb Code    10  defsig_exit.o(.text)
    __rt_SIGRTRED_inner                      0x080018d5   Thumb Code    14  defsig_rtred_inner.o(.text)
    _sys_exit                                0x08001909   Thumb Code     8  sys_exit.o(.text)
    __Heap_Initialize                        0x08001915   Thumb Code    14  h1_init_mt.o(.text)
    __Heap_DescSize                          0x08001923   Thumb Code     4  h1_init_mt.o(.text)
    __Heap_ProvideMemory                     0x08001927   Thumb Code    62  h1_extend_mt.o(.text)
    _ftell_internal                          0x08001965   Thumb Code    66  ftell.o(.text)
    ftell                                    0x08001965   Thumb Code     0  ftell.o(.text)
    __default_signal_display                 0x080019a7   Thumb Code    50  defsig_general.o(.text)
    __rt_SIGRTMEM                            0x080019d9   Thumb Code    14  defsig_rtmem_outer.o(.text)
    _ttywrch                                 0x080019e7   Thumb Code    14  sys_wrch.o(.text)
    __I$use$semihosting                      0x080019f5   Thumb Code     0  use_no_semi.o(.text)
    __use_no_semihosting_swi                 0x080019f5   Thumb Code     2  use_no_semi.o(.text)
    __aeabi_errno_addr                       0x080019f7   Thumb Code     4  rt_errno_addr_twolibspace.o(.text)
    __errno$twolibspace                      0x080019f7   Thumb Code     0  rt_errno_addr_twolibspace.o(.text)
    __rt_errno_addr$twolibspace              0x080019f7   Thumb Code     0  rt_errno_addr_twolibspace.o(.text)
    __semihosting_library_function           0x080019f7   Thumb Code     0  indicate_semi.o(.text)
    _terminate_alloc                         0x080019fb   Thumb Code    16  term_alloc.o(.text)
    __rt_SIGRTMEM_inner                      0x08001a0d   Thumb Code    22  defsig_rtmem_inner.o(.text)
    __Heap_Finalize                          0x08001a5d   Thumb Code    10  h1_final_mt.o(.text)
    EvrRtxDelay                              0x08001ded   Thumb Code     2  rtx_evr.o(i.EvrRtxDelay)
    EvrRtxDelayCompleted                     0x08001def   Thumb Code     2  rtx_evr.o(i.EvrRtxDelayCompleted)
    EvrRtxDelayError                         0x08001df1   Thumb Code     2  rtx_evr.o(i.EvrRtxDelayError)
    EvrRtxDelayStarted                       0x08001df3   Thumb Code     2  rtx_evr.o(i.EvrRtxDelayStarted)
    EvrRtxEventFlagsWaitTimeout              0x08001df5   Thumb Code     2  rtx_evr.o(i.EvrRtxEventFlagsWaitTimeout)
    EvrRtxKernelError                        0x08001df7   Thumb Code     2  rtx_evr.o(i.EvrRtxKernelError)
    EvrRtxKernelErrorNotify                  0x08001df9   Thumb Code     2  rtx_evr.o(i.EvrRtxKernelErrorNotify)
    EvrRtxKernelGetState                     0x08001dfb   Thumb Code     2  rtx_evr.o(i.EvrRtxKernelGetState)
    EvrRtxKernelGetTickCount                 0x08001dfd   Thumb Code     2  rtx_evr.o(i.EvrRtxKernelGetTickCount)
    EvrRtxKernelInitialize                   0x08001dff   Thumb Code     2  rtx_evr.o(i.EvrRtxKernelInitialize)
    EvrRtxKernelInitialized                  0x08001e01   Thumb Code     2  rtx_evr.o(i.EvrRtxKernelInitialized)
    EvrRtxKernelStart                        0x08001e03   Thumb Code     2  rtx_evr.o(i.EvrRtxKernelStart)
    EvrRtxKernelStarted                      0x08001e05   Thumb Code     2  rtx_evr.o(i.EvrRtxKernelStarted)
    EvrRtxMemoryAlloc                        0x08001e07   Thumb Code     2  rtx_evr.o(i.EvrRtxMemoryAlloc)
    EvrRtxMemoryBlockAlloc                   0x08001e09   Thumb Code     2  rtx_evr.o(i.EvrRtxMemoryBlockAlloc)
    EvrRtxMemoryBlockFree                    0x08001e0b   Thumb Code     2  rtx_evr.o(i.EvrRtxMemoryBlockFree)
    EvrRtxMemoryBlockInit                    0x08001e0d   Thumb Code     2  rtx_evr.o(i.EvrRtxMemoryBlockInit)
    EvrRtxMemoryFree                         0x08001e0f   Thumb Code     2  rtx_evr.o(i.EvrRtxMemoryFree)
    EvrRtxMemoryInit                         0x08001e11   Thumb Code     2  rtx_evr.o(i.EvrRtxMemoryInit)
    EvrRtxMemoryPoolAllocTimeout             0x08001e13   Thumb Code     2  rtx_evr.o(i.EvrRtxMemoryPoolAllocTimeout)
    EvrRtxMessageQueueCreated                0x08001e15   Thumb Code     2  rtx_evr.o(i.EvrRtxMessageQueueCreated)
    EvrRtxMessageQueueError                  0x08001e17   Thumb Code     2  rtx_evr.o(i.EvrRtxMessageQueueError)
    EvrRtxMessageQueueGet                    0x08001e19   Thumb Code     2  rtx_evr.o(i.EvrRtxMessageQueueGet)
    EvrRtxMessageQueueGetPending             0x08001e1b   Thumb Code     2  rtx_evr.o(i.EvrRtxMessageQueueGetPending)
    EvrRtxMessageQueueGetTimeout             0x08001e1d   Thumb Code     2  rtx_evr.o(i.EvrRtxMessageQueueGetTimeout)
    EvrRtxMessageQueueInsertPending          0x08001e1f   Thumb Code     2  rtx_evr.o(i.EvrRtxMessageQueueInsertPending)
    EvrRtxMessageQueueInserted               0x08001e21   Thumb Code     2  rtx_evr.o(i.EvrRtxMessageQueueInserted)
    EvrRtxMessageQueueNotInserted            0x08001e23   Thumb Code     2  rtx_evr.o(i.EvrRtxMessageQueueNotInserted)
    EvrRtxMessageQueueNotRetrieved           0x08001e25   Thumb Code     2  rtx_evr.o(i.EvrRtxMessageQueueNotRetrieved)
    EvrRtxMessageQueuePut                    0x08001e27   Thumb Code     2  rtx_evr.o(i.EvrRtxMessageQueuePut)
    EvrRtxMessageQueuePutPending             0x08001e29   Thumb Code     2  rtx_evr.o(i.EvrRtxMessageQueuePutPending)
    EvrRtxMessageQueuePutTimeout             0x08001e2b   Thumb Code     2  rtx_evr.o(i.EvrRtxMessageQueuePutTimeout)
    EvrRtxMessageQueueRetrieved              0x08001e2d   Thumb Code     2  rtx_evr.o(i.EvrRtxMessageQueueRetrieved)
    EvrRtxMutexAcquire                       0x08001e2f   Thumb Code     2  rtx_evr.o(i.EvrRtxMutexAcquire)
    EvrRtxMutexAcquirePending                0x08001e31   Thumb Code     2  rtx_evr.o(i.EvrRtxMutexAcquirePending)
    EvrRtxMutexAcquireTimeout                0x08001e33   Thumb Code     2  rtx_evr.o(i.EvrRtxMutexAcquireTimeout)
    EvrRtxMutexAcquired                      0x08001e35   Thumb Code     2  rtx_evr.o(i.EvrRtxMutexAcquired)
    EvrRtxMutexCreated                       0x08001e37   Thumb Code     2  rtx_evr.o(i.EvrRtxMutexCreated)
    EvrRtxMutexDelete                        0x08001e39   Thumb Code     2  rtx_evr.o(i.EvrRtxMutexDelete)
    EvrRtxMutexDestroyed                     0x08001e3b   Thumb Code     2  rtx_evr.o(i.EvrRtxMutexDestroyed)
    EvrRtxMutexError                         0x08001e3d   Thumb Code     2  rtx_evr.o(i.EvrRtxMutexError)
    EvrRtxMutexNew                           0x08001e3f   Thumb Code     2  rtx_evr.o(i.EvrRtxMutexNew)
    EvrRtxMutexNotAcquired                   0x08001e41   Thumb Code     2  rtx_evr.o(i.EvrRtxMutexNotAcquired)
    EvrRtxMutexRelease                       0x08001e43   Thumb Code     2  rtx_evr.o(i.EvrRtxMutexRelease)
    EvrRtxMutexReleased                      0x08001e45   Thumb Code     2  rtx_evr.o(i.EvrRtxMutexReleased)
    EvrRtxSemaphoreAcquireTimeout            0x08001e47   Thumb Code     2  rtx_evr.o(i.EvrRtxSemaphoreAcquireTimeout)
    EvrRtxThreadBlocked                      0x08001e49   Thumb Code     2  rtx_evr.o(i.EvrRtxThreadBlocked)
    EvrRtxThreadCreated                      0x08001e4b   Thumb Code     2  rtx_evr.o(i.EvrRtxThreadCreated)
    EvrRtxThreadDestroyed                    0x08001e4d   Thumb Code     2  rtx_evr.o(i.EvrRtxThreadDestroyed)
    EvrRtxThreadError                        0x08001e4f   Thumb Code     2  rtx_evr.o(i.EvrRtxThreadError)
    EvrRtxThreadExit                         0x08001e51   Thumb Code     2  rtx_evr.o(i.EvrRtxThreadExit)
    EvrRtxThreadFlagsError                   0x08001e53   Thumb Code     2  rtx_evr.o(i.EvrRtxThreadFlagsError)
    EvrRtxThreadFlagsSet                     0x08001e55   Thumb Code     2  rtx_evr.o(i.EvrRtxThreadFlagsSet)
    EvrRtxThreadFlagsSetDone                 0x08001e57   Thumb Code     2  rtx_evr.o(i.EvrRtxThreadFlagsSetDone)
    EvrRtxThreadFlagsWait                    0x08001e59   Thumb Code     2  rtx_evr.o(i.EvrRtxThreadFlagsWait)
    EvrRtxThreadFlagsWaitCompleted           0x08001e5b   Thumb Code     2  rtx_evr.o(i.EvrRtxThreadFlagsWaitCompleted)
    EvrRtxThreadFlagsWaitNotCompleted        0x08001e5d   Thumb Code     2  rtx_evr.o(i.EvrRtxThreadFlagsWaitNotCompleted)
    EvrRtxThreadFlagsWaitPending             0x08001e5f   Thumb Code     2  rtx_evr.o(i.EvrRtxThreadFlagsWaitPending)
    EvrRtxThreadFlagsWaitTimeout             0x08001e61   Thumb Code     2  rtx_evr.o(i.EvrRtxThreadFlagsWaitTimeout)
    EvrRtxThreadGetId                        0x08001e63   Thumb Code     2  rtx_evr.o(i.EvrRtxThreadGetId)
    EvrRtxThreadJoined                       0x08001e65   Thumb Code     2  rtx_evr.o(i.EvrRtxThreadJoined)
    EvrRtxThreadNew                          0x08001e67   Thumb Code     2  rtx_evr.o(i.EvrRtxThreadNew)
    EvrRtxThreadPreempted                    0x08001e69   Thumb Code     2  rtx_evr.o(i.EvrRtxThreadPreempted)
    EvrRtxThreadSwitched                     0x08001e6b   Thumb Code     2  rtx_evr.o(i.EvrRtxThreadSwitched)
    EvrRtxThreadUnblocked                    0x08001e6d   Thumb Code     2  rtx_evr.o(i.EvrRtxThreadUnblocked)
    EvrRtxThreadYield                        0x08001e6f   Thumb Code     2  rtx_evr.o(i.EvrRtxThreadYield)
    EvrRtxTimerCallback                      0x08001e71   Thumb Code     2  rtx_evr.o(i.EvrRtxTimerCallback)
    EvrRtxTimerCreated                       0x08001e73   Thumb Code     2  rtx_evr.o(i.EvrRtxTimerCreated)
    EvrRtxTimerError                         0x08001e75   Thumb Code     2  rtx_evr.o(i.EvrRtxTimerError)
    EvrRtxTimerNew                           0x08001e77   Thumb Code     2  rtx_evr.o(i.EvrRtxTimerNew)
    EvrRtxTimerStart                         0x08001e79   Thumb Code     2  rtx_evr.o(i.EvrRtxTimerStart)
    EvrRtxTimerStarted                       0x08001e7b   Thumb Code     2  rtx_evr.o(i.EvrRtxTimerStarted)
    EvrRtxTimerStop                          0x08001e7d   Thumb Code     2  rtx_evr.o(i.EvrRtxTimerStop)
    EvrRtxTimerStopped                       0x08001e7f   Thumb Code     2  rtx_evr.o(i.EvrRtxTimerStopped)
    HAL_DMA_Abort_IT                         0x08001e81   Thumb Code    40  stm32f4xx_hal_dma.o(i.HAL_DMA_Abort_IT)
    HAL_GPIO_DeInit                          0x08001ea9   Thumb Code   336  stm32f4xx_hal_gpio.o(i.HAL_GPIO_DeInit)
    HAL_GPIO_Init                            0x08002029   Thumb Code   486  stm32f4xx_hal_gpio.o(i.HAL_GPIO_Init)
    HAL_GPIO_TogglePin                       0x08002245   Thumb Code    18  stm32f4xx_hal_gpio.o(i.HAL_GPIO_TogglePin)
    HAL_GPIO_WritePin                        0x08002257   Thumb Code    12  stm32f4xx_hal_gpio.o(i.HAL_GPIO_WritePin)
    HAL_GetREVID                             0x08002265   Thumb Code     8  stm32f4xx_hal.o(i.HAL_GetREVID)
    HAL_GetTick                              0x08002271   Thumb Code    66  main.o(i.HAL_GetTick)
    HAL_Init                                 0x080022bd   Thumb Code    44  stm32f4xx_hal.o(i.HAL_Init)
    HAL_InitTick                             0x080022ed   Thumb Code    64  stm32f4xx_hal.o(i.HAL_InitTick)
    HAL_MspInit                              0x08002339   Thumb Code     2  stm32f4xx_hal.o(i.HAL_MspInit)
    HAL_NVIC_DisableIRQ                      0x0800233d   Thumb Code    38  stm32f4xx_hal_cortex.o(i.HAL_NVIC_DisableIRQ)
    HAL_NVIC_EnableIRQ                       0x08002369   Thumb Code    40  stm32f4xx_hal_cortex.o(i.HAL_NVIC_EnableIRQ)
    HAL_NVIC_SetPriority                     0x08002391   Thumb Code   124  stm32f4xx_hal_cortex.o(i.HAL_NVIC_SetPriority)
    HAL_NVIC_SetPriorityGrouping             0x0800240d   Thumb Code    32  stm32f4xx_hal_cortex.o(i.HAL_NVIC_SetPriorityGrouping)
    HAL_PWR_EnableBkUpAccess                 0x08002435   Thumb Code     8  stm32f4xx_hal_pwr.o(i.HAL_PWR_EnableBkUpAccess)
    HAL_RCCEx_PeriphCLKConfig                0x08002441   Thumb Code   746  stm32f4xx_hal_rcc_ex.o(i.HAL_RCCEx_PeriphCLKConfig)
    HAL_RCC_ClockConfig                      0x08002745   Thumb Code   368  stm32f4xx_hal_rcc.o(i.HAL_RCC_ClockConfig)
    HAL_RCC_GetHCLKFreq                      0x080028c9   Thumb Code     6  stm32f4xx_hal_rcc.o(i.HAL_RCC_GetHCLKFreq)
    HAL_RCC_GetPCLK2Freq                     0x080028d5   Thumb Code    22  stm32f4xx_hal_rcc.o(i.HAL_RCC_GetPCLK2Freq)
    HAL_RCC_GetSysClockFreq                  0x080028f5   Thumb Code   162  stm32f4xx_hal_rcc.o(i.HAL_RCC_GetSysClockFreq)
    HAL_RCC_OscConfig                        0x080029a5   Thumb Code  1152  stm32f4xx_hal_rcc.o(i.HAL_RCC_OscConfig)
    HAL_RTCEx_AlarmBEventCallback            0x08002e2d   Thumb Code     2  stm32f4xx_hal_rtc_ex.o(i.HAL_RTCEx_AlarmBEventCallback)
    HAL_RTC_AlarmAEventCallback              0x08002e2f   Thumb Code     2  stm32f4xx_hal_rtc.o(i.HAL_RTC_AlarmAEventCallback)
    HAL_RTC_AlarmIRQHandler                  0x08002e31   Thumb Code   102  stm32f4xx_hal_rtc.o(i.HAL_RTC_AlarmIRQHandler)
    HAL_RTC_GetDate                          0x08002e9d   Thumb Code    72  stm32f4xx_hal_rtc.o(i.HAL_RTC_GetDate)
    HAL_RTC_GetTime                          0x08002ee9   Thumb Code    92  stm32f4xx_hal_rtc.o(i.HAL_RTC_GetTime)
    HAL_RTC_Init                             0x08002f49   Thumb Code   212  stm32f4xx_hal_rtc.o(i.HAL_RTC_Init)
    HAL_RTC_MspInit                          0x08003021   Thumb Code     2  stm32f4xx_hal_rtc.o(i.HAL_RTC_MspInit)
    HAL_RTC_SetAlarm_IT                      0x08003025   Thumb Code   512  stm32f4xx_hal_rtc.o(i.HAL_RTC_SetAlarm_IT)
    HAL_RTC_SetDate                          0x0800322d   Thumb Code   254  stm32f4xx_hal_rtc.o(i.HAL_RTC_SetDate)
    HAL_RTC_SetTime                          0x08003331   Thumb Code   296  stm32f4xx_hal_rtc.o(i.HAL_RTC_SetTime)
    HAL_RTC_WaitForSynchro                   0x0800345d   Thumb Code    58  stm32f4xx_hal_rtc.o(i.HAL_RTC_WaitForSynchro)
    HAL_SYSTICK_Config                       0x08003497   Thumb Code    52  stm32f4xx_hal_cortex.o(i.HAL_SYSTICK_Config)
    HAL_TIM_Base_DeInit                      0x080034cb   Thumb Code    70  stm32f4xx_hal_tim.o(i.HAL_TIM_Base_DeInit)
    HAL_TIM_Base_Init                        0x08003511   Thumb Code    52  stm32f4xx_hal_tim.o(i.HAL_TIM_Base_Init)
    HAL_TIM_Base_MspDeInit                   0x08003545   Thumb Code     2  stm32f4xx_hal_tim.o(i.HAL_TIM_Base_MspDeInit)
    HAL_TIM_Base_MspInit                     0x08003547   Thumb Code     2  stm32f4xx_hal_tim.o(i.HAL_TIM_Base_MspInit)
    HAL_TIM_Base_Start                       0x08003549   Thumb Code    42  stm32f4xx_hal_tim.o(i.HAL_TIM_Base_Start)
    HAL_TIM_Base_Stop                        0x08003573   Thumb Code    56  stm32f4xx_hal_tim.o(i.HAL_TIM_Base_Stop)
    ITM_SendChar                             0x080035ad   Thumb Code    42  retarget_io.o(i.ITM_SendChar)
    Init_ThAlarm                             0x080035dd   Thumb Code    32  thalarm.o(i.Init_ThAlarm)
    Init_ThLCD                               0x08003605   Thumb Code    32  thlcd.o(i.Init_ThLCD)
    Init_TimerTimeout                        0x0800362d   Thumb Code    28  rtc.o(i.Init_TimerTimeout)
    Init_TimerToggleLed                      0x08003655   Thumb Code    28  rtc.o(i.Init_TimerToggleLed)
    LCD_Init                                 0x0800377d   Thumb Code    76  lcd.o(i.LCD_Init)
    LCD_escribir_linea                       0x080037c9   Thumb Code    96  lcd.o(i.LCD_escribir_linea)
    LCD_reset                                0x08003835   Thumb Code   266  lcd.o(i.LCD_reset)
    LCD_symbolToLocalBuffer                  0x08003961   Thumb Code    30  lcd.o(i.LCD_symbolToLocalBuffer)
    LCD_symbolToLocalBuffer_L1               0x08003981   Thumb Code    90  lcd.o(i.LCD_symbolToLocalBuffer_L1)
    LCD_symbolToLocalBuffer_L2               0x080039e9   Thumb Code    90  lcd.o(i.LCD_symbolToLocalBuffer_L2)
    LCD_update                               0x08003a51   Thumb Code   166  lcd.o(i.LCD_update)
    LCD_wr_cmd                               0x08003afd   Thumb Code    80  lcd.o(i.LCD_wr_cmd)
    LCD_wr_data                              0x08003b59   Thumb Code    78  lcd.o(i.LCD_wr_data)
    OS_Tick_AcknowledgeIRQ                   0x08003c61   Thumb Code     8  os_systick.o(i.OS_Tick_AcknowledgeIRQ)
    OS_Tick_Enable                           0x08003c69   Thumb Code    38  os_systick.o(i.OS_Tick_Enable)
    OS_Tick_GetIRQn                          0x08003c99   Thumb Code     6  os_systick.o(i.OS_Tick_GetIRQn)
    OS_Tick_Setup                            0x08003ca1   Thumb Code    66  os_systick.o(i.OS_Tick_Setup)
    RTC_Alarm_IRQHandler                     0x08003cf1   Thumb Code    24  rtc.o(i.RTC_Alarm_IRQHandler)
    RTC_Bcd2ToByte                           0x08003d11   Thumb Code    22  stm32f4xx_hal_rtc.o(i.RTC_Bcd2ToByte)
    RTC_ByteToBcd2                           0x08003d27   Thumb Code    26  stm32f4xx_hal_rtc.o(i.RTC_ByteToBcd2)
    RTC_EnterInitMode                        0x08003d41   Thumb Code    62  stm32f4xx_hal_rtc.o(i.RTC_EnterInitMode)
    SPI1_IRQHandler                          0x08003db9   Thumb Code    10  spi_stm32f4xx.o(i.SPI1_IRQHandler)
    SystemCoreClockUpdate                    0x08004b29   Thumb Code   170  system_stm32f4xx.o(i.SystemCoreClockUpdate)
    SystemInit                               0x08004be9   Thumb Code    24  system_stm32f4xx.o(i.SystemInit)
    TIM_Base_SetConfig                       0x08004c05   Thumb Code   170  stm32f4xx_hal_tim.o(i.TIM_Base_SetConfig)
    ThAlarm                                  0x08004cdd   Thumb Code    52  thalarm.o(i.ThAlarm)
    ThLCD                                    0x08004d19   Thumb Code    62  thlcd.o(i.ThLCD)
    __user_perthread_libspace                0x08004eb9   Thumb Code    80  rtx_lib.o(i.__user_perthread_libspace)
    _is_digit                                0x08004f11   Thumb Code    14  __printf_wp.o(i._is_digit)
    _mutex_acquire                           0x08004f1f   Thumb Code    22  rtx_lib.o(i._mutex_acquire)
    _mutex_free                              0x08004f35   Thumb Code    12  rtx_lib.o(i._mutex_free)
    _mutex_initialize                        0x08004f41   Thumb Code    34  rtx_lib.o(i._mutex_initialize)
    _mutex_release                           0x08004f63   Thumb Code    18  rtx_lib.o(i._mutex_release)
    _platform_post_stackheap_init            0x08004f75   Thumb Code     8  rtx_lib.o(i._platform_post_stackheap_init)
    _sys_close                               0x08004f7d   Thumb Code    38  retarget_io.o(i._sys_close)
    _sys_flen                                0x08004fa3   Thumb Code    36  retarget_io.o(i._sys_flen)
    _sys_istty                               0x08004fc7   Thumb Code    36  retarget_io.o(i._sys_istty)
    _sys_open                                0x08004fed   Thumb Code    80  retarget_io.o(i._sys_open)
    _sys_seek                                0x08005055   Thumb Code    44  retarget_io.o(i._sys_seek)
    _sys_write                               0x08005081   Thumb Code    88  retarget_io.o(i._sys_write)
    configuracion                            0x080050d9   Thumb Code    84  configuracion.o(i.configuracion)
    delay                                    0x08005139   Thumb Code   108  lcd.o(i.delay)
    _fputc$unlocked                          0x080051b1   Thumb Code    26  fputc.o(i.fputc)
    get_time_date                            0x080051cd   Thumb Code    82  rtc.o(i.get_time_date)
    init_RTC                                 0x08005261   Thumb Code   132  rtc.o(i.init_RTC)
    init_rgb                                 0x08005311   Thumb Code   120  configuracion.o(i.init_rgb)
    main                                     0x08005571   Thumb Code    62  main.o(i.main)
    osDelay                                  0x080055b1   Thumb Code    54  rtx_delay.o(i.osDelay)
    osKernelGetState                         0x080055ed   Thumb Code    44  rtx_kernel.o(i.osKernelGetState)
    osKernelGetTickCount                     0x0800561d   Thumb Code    38  rtx_kernel.o(i.osKernelGetTickCount)
    osKernelInitialize                       0x08005649   Thumb Code    52  rtx_kernel.o(i.osKernelInitialize)
    osKernelStart                            0x08005681   Thumb Code    48  rtx_kernel.o(i.osKernelStart)
    osMessageQueueGet                        0x080056b5   Thumb Code    78  rtx_msgqueue.o(i.osMessageQueueGet)
    osMessageQueuePut                        0x08005709   Thumb Code    78  rtx_msgqueue.o(i.osMessageQueuePut)
    osMutexAcquire                           0x0800575d   Thumb Code    62  rtx_mutex.o(i.osMutexAcquire)
    osMutexDelete                            0x080057a1   Thumb Code    56  rtx_mutex.o(i.osMutexDelete)
    osMutexNew                               0x080057dd   Thumb Code    54  rtx_mutex.o(i.osMutexNew)
    osMutexRelease                           0x08005819   Thumb Code    56  rtx_mutex.o(i.osMutexRelease)
    osRtxErrorNotify                         0x08005855   Thumb Code    32  rtx_config.o(i.osRtxErrorNotify)
    osRtxIdleThread                          0x08005875   Thumb Code     4  rtx_config.o(i.osRtxIdleThread)
    osRtxKernelErrorNotify                   0x08005879   Thumb Code    24  rtx_kernel.o(i.osRtxKernelErrorNotify)
    osRtxKernelPreInit                       0x0800589d   Thumb Code     2  rtx_kernel.o(i.osRtxKernelPreInit)
    osRtxMemoryAlloc                         0x0800589f   Thumb Code   238  rtx_memory.o(i.osRtxMemoryAlloc)
    osRtxMemoryFree                          0x0800598d   Thumb Code   124  rtx_memory.o(i.osRtxMemoryFree)
    osRtxMemoryInit                          0x08005a09   Thumb Code   106  rtx_memory.o(i.osRtxMemoryInit)
    osRtxMemoryPoolAlloc                     0x08005a73   Thumb Code    48  rtx_mempool.o(i.osRtxMemoryPoolAlloc)
    osRtxMemoryPoolFree                      0x08005aa3   Thumb Code    68  rtx_mempool.o(i.osRtxMemoryPoolFree)
    osRtxMemoryPoolInit                      0x08005ae7   Thumb Code    88  rtx_mempool.o(i.osRtxMemoryPoolInit)
    osRtxMessageQueueTimerSetup              0x08005c49   Thumb Code    36  rtx_msgqueue.o(i.osRtxMessageQueueTimerSetup)
    osRtxMutexOwnerRelease                   0x08005c75   Thumb Code   102  rtx_mutex.o(i.osRtxMutexOwnerRelease)
    osRtxMutexOwnerRestore                   0x08005cdb   Thumb Code    88  rtx_mutex.o(i.osRtxMutexOwnerRestore)
    osRtxPendSV_Handler                      0x08005d35   Thumb Code   130  rtx_system.o(i.osRtxPendSV_Handler)
    osRtxPostProcess                         0x08005dbd   Thumb Code    50  rtx_system.o(i.osRtxPostProcess)
    osRtxThreadDelayTick                     0x08005f01   Thumb Code   298  rtx_thread.o(i.osRtxThreadDelayTick)
    osRtxThreadDispatch                      0x08006071   Thumb Code   102  rtx_thread.o(i.osRtxThreadDispatch)
    osRtxThreadListGet                       0x08006173   Thumb Code    26  rtx_thread.o(i.osRtxThreadListGet)
    osRtxThreadListPut                       0x0800618d   Thumb Code    44  rtx_thread.o(i.osRtxThreadListPut)
    osRtxThreadListRemove                    0x080061b9   Thumb Code    26  rtx_thread.o(i.osRtxThreadListRemove)
    osRtxThreadListSort                      0x080061e3   Thumb Code    42  rtx_thread.o(i.osRtxThreadListSort)
    osRtxThreadReadyPut                      0x08006241   Thumb Code    18  rtx_thread.o(i.osRtxThreadReadyPut)
    osRtxThreadRegPtr                        0x08006259   Thumb Code    24  rtx_thread.o(i.osRtxThreadRegPtr)
    osRtxThreadStartup                       0x08006289   Thumb Code    76  rtx_thread.o(i.osRtxThreadStartup)
    osRtxThreadSwitch                        0x080062e1   Thumb Code    20  rtx_thread.o(i.osRtxThreadSwitch)
    osRtxThreadWaitEnter                     0x080062f9   Thumb Code    72  rtx_thread.o(i.osRtxThreadWaitEnter)
    osRtxThreadWaitExit                      0x08006345   Thumb Code    54  rtx_thread.o(i.osRtxThreadWaitExit)
    osRtxTick_Handler                        0x0800637d   Thumb Code   152  rtx_system.o(i.osRtxTick_Handler)
    osRtxTimerSetup                          0x08006419   Thumb Code    24  rtx_timer.o(i.osRtxTimerSetup)
    osRtxTimerThread                         0x08006439   Thumb Code    44  rtx_timer.o(i.osRtxTimerThread)
    osThreadExit                             0x080064f5   Thumb Code    28  rtx_thread.o(i.osThreadExit)
    osThreadFlagsSet                         0x08006515   Thumb Code    58  rtx_thread.o(i.osThreadFlagsSet)
    osThreadFlagsWait                        0x08006555   Thumb Code    72  rtx_thread.o(i.osThreadFlagsWait)
    osThreadGetId                            0x080065a1   Thumb Code    38  rtx_thread.o(i.osThreadGetId)
    osThreadNew                              0x080065cd   Thumb Code    70  rtx_thread.o(i.osThreadNew)
    osThreadYield                            0x08006619   Thumb Code    50  rtx_thread.o(i.osThreadYield)
    osTimerNew                               0x08006651   Thumb Code    76  rtx_timer.o(i.osTimerNew)
    osTimerStart                             0x080066a1   Thumb Code    62  rtx_timer.o(i.osTimerStart)
    osTimerStop                              0x080066e5   Thumb Code    56  rtx_timer.o(i.osTimerStop)
    reset_leds                               0x08006741   Thumb Code    66  configuracion.o(i.reset_leds)
    set_alarm                                0x0800678d   Thumb Code   132  rtc.o(i.set_alarm)
    set_time_date                            0x08006841   Thumb Code    90  rtc.o(i.set_time_date)
    _fp_init                                 0x080079d1   Thumb Code    10  fpinit.o(x$fpl$fpinit)
    __fplib_config_fpu_vfp                   0x080079d9   Thumb Code     0  fpinit.o(x$fpl$fpinit)
    __fplib_config_pureend_doubles           0x080079d9   Thumb Code     0  fpinit.o(x$fpl$fpinit)
    Arial12x12                               0x080079da   Data        2400  lcd.o(.constdata)
    irqRtxLib                                0x0800833c   Data           1  irq_armv7m.o(.constdata)
    irqRtxLibRef                             0x080083a0   Data           4  rtx_lib.o(.constdata)
    osRtxUserSVC                             0x080083a4   Data           4  rtx_lib.o(.constdata)
    Driver_SPI1                              0x080083fc   Data          44  spi_stm32f4xx.o(.constdata)
    __stdin_name                             0x08008428   Data           7  retarget_io.o(.constdata)
    __stdout_name                            0x0800842f   Data           8  retarget_io.o(.constdata)
    __stderr_name                            0x08008437   Data           8  retarget_io.o(.constdata)
    AHBPrescTable                            0x0800843f   Data          16  system_stm32f4xx.o(.constdata)
    APBPrescTable                            0x0800844f   Data           8  system_stm32f4xx.o(.constdata)
    osRtxConfig                              0x08008474   Data         112  rtx_lib.o(.rodata)
    os_cb_sections                           0x080084e4   Data          56  rtx_lib.o(.rodata)
    Region$$Table$$Base                      0x0800851c   Number         0  anon$$obj.o(Region$$Table)
    Region$$Table$$Limit                     0x0800853c   Number         0  anon$$obj.o(Region$$Table)
    .bss.os.msgqueue.cb$$Base                0x20008234   Number         0  rtx_lib.o(.bss.os.msgqueue.cb)
    .bss.os.msgqueue.cb$$Limit               0x20008268   Number         0  rtx_lib.o(.bss.os.msgqueue.cb)
    .bss.os.thread.cb$$Base                  0x200082b8   Number         0  rtx_lib.o(.bss.os.thread.cb)
    .bss.os.thread.cb$$Limit                 0x20008340   Number         0  rtx_lib.o(.bss.os.thread.cb)
    sDate                                    0x20008740   Data           4  rtc.o(.data)
    tim_toggle                               0x20008744   Data           4  rtc.o(.data)
    tim_timeout                              0x2000874c   Data           4  rtc.o(.data)
    positionL1                               0x20008754   Data           4  lcd.o(.data)
    positionL2                               0x20008758   Data           4  lcd.o(.data)
    SPIdrv                                   0x2000875c   Data           4  lcd.o(.data)
    vacio                                    0x20008760   Data           4  lcd.o(.data)
    tid_ThAlarm                              0x2000876c   Data           4  thalarm.o(.data)
    uwTick                                   0x20008774   Data           4  stm32f4xx_hal.o(.data)
    uwTickPrio                               0x20008778   Data           4  stm32f4xx_hal.o(.data)
    uwTickFreq                               0x2000877c   Data           1  stm32f4xx_hal.o(.data)
    SystemCoreClock                          0x20008780   Data           4  system_stm32f4xx.o(.data)
    __aeabi_stdin                            0x20008784   Data           4  stdio_streams.o(.data)
    __aeabi_stdout                           0x20008788   Data           4  stdio_streams.o(.data)
    __aeabi_stderr                           0x2000878c   Data           4  stdio_streams.o(.data)
    _stream_list_lock                        0x20008790   Data           4  streamlock.o(.data)
    osRtxInfo                                0x20008794   Data         164  rtx_kernel.o(.data.os)
    hrtc                                     0x20008838   Data          32  rtc.o(.bss)
    sTime                                    0x20008858   Data          20  rtc.o(.bss)
    alarmRtc                                 0x2000886c   Data          40  rtc.o(.bss)
    GPIO_InitStruct                          0x200088bc   Data          20  lcd.o(.bss)
    htim7                                    0x200088d0   Data          64  lcd.o(.bss)
    buffer                                   0x20008910   Data         512  lcd.o(.bss)
    __stdin                                  0x20008b3c   Data          84  stdio_streams.o(.bss)
    __stdout                                 0x20008b90   Data          84  stdio_streams.o(.bss)
    __stderr                                 0x20008be4   Data          84  stdio_streams.o(.bss)
    __libspace_start                         0x20008c38   Data          96  libspace.o(.bss)
    __temporary_stack_top$libspace           0x20008c98   Data           0  libspace.o(.bss)



==============================================================================

Memory Map of the image

  Image Entry point : 0x080001ad

  Load Region LR_IROM1 (Base: 0x08000000, Size: 0x00010d74, Max: 0x00200000, ABSOLUTE, COMPRESSED[0x00008668])

    Execution Region ER_IROM1 (Exec base: 0x08000000, Load base: 0x08000000, Size: 0x0000853c, Max: 0x00200000, ABSOLUTE)

    Exec Addr    Load Addr    Size         Type   Attr      Idx    E Section Name        Object

    0x08000000   0x08000000   0x000001ac   Data   RO         6220    RESET               startup_stm32f429xx.o
    0x080001ac   0x080001ac   0x00000008   Code   RO         6316  * !!!main             c_w.l(__main.o)
    0x080001b4   0x080001b4   0x00000034   Code   RO         6670    !!!scatter          c_w.l(__scatter.o)
    0x080001e8   0x080001e8   0x0000003a   Code   RO         6668    !!dczerorl          c_w.l(__dczerorl.o)
    0x08000222   0x08000222   0x00000002   PAD
    0x08000224   0x08000224   0x0000001c   Code   RO         6672    !!handler_zi        c_w.l(__scatter_zi.o)
    0x08000240   0x08000240   0x00000000   Code   RO         6301    .ARM.Collect$$_printf_percent$$00000000  c_w.l(_printf_percent.o)
    0x08000240   0x08000240   0x00000006   Code   RO         6300    .ARM.Collect$$_printf_percent$$00000009  c_w.l(_printf_d.o)
    0x08000246   0x08000246   0x00000004   Code   RO         6331    .ARM.Collect$$_printf_percent$$00000017  c_w.l(_printf_percent_end.o)
    0x0800024a   0x0800024a   0x00000002   Code   RO         6455    .ARM.Collect$$libinit$$00000000  c_w.l(libinit.o)
    0x0800024c   0x0800024c   0x00000004   Code   RO         6456    .ARM.Collect$$libinit$$00000001  c_w.l(libinit2.o)
    0x08000250   0x08000250   0x00000000   Code   RO         6459    .ARM.Collect$$libinit$$00000004  c_w.l(libinit2.o)
    0x08000250   0x08000250   0x00000008   Code   RO         6460    .ARM.Collect$$libinit$$00000005  c_w.l(libinit2.o)
    0x08000258   0x08000258   0x00000000   Code   RO         6462    .ARM.Collect$$libinit$$0000000A  c_w.l(libinit2.o)
    0x08000258   0x08000258   0x00000000   Code   RO         6464    .ARM.Collect$$libinit$$0000000C  c_w.l(libinit2.o)
    0x08000258   0x08000258   0x00000000   Code   RO         6466    .ARM.Collect$$libinit$$0000000E  c_w.l(libinit2.o)
    0x08000258   0x08000258   0x00000000   Code   RO         6469    .ARM.Collect$$libinit$$00000011  c_w.l(libinit2.o)
    0x08000258   0x08000258   0x00000000   Code   RO         6471    .ARM.Collect$$libinit$$00000013  c_w.l(libinit2.o)
    0x08000258   0x08000258   0x00000000   Code   RO         6473    .ARM.Collect$$libinit$$00000015  c_w.l(libinit2.o)
    0x08000258   0x08000258   0x00000000   Code   RO         6475    .ARM.Collect$$libinit$$00000017  c_w.l(libinit2.o)
    0x08000258   0x08000258   0x00000000   Code   RO         6477    .ARM.Collect$$libinit$$00000019  c_w.l(libinit2.o)
    0x08000258   0x08000258   0x00000000   Code   RO         6479    .ARM.Collect$$libinit$$0000001B  c_w.l(libinit2.o)
    0x08000258   0x08000258   0x00000000   Code   RO         6481    .ARM.Collect$$libinit$$0000001D  c_w.l(libinit2.o)
    0x08000258   0x08000258   0x00000000   Code   RO         6483    .ARM.Collect$$libinit$$0000001F  c_w.l(libinit2.o)
    0x08000258   0x08000258   0x00000000   Code   RO         6485    .ARM.Collect$$libinit$$00000021  c_w.l(libinit2.o)
    0x08000258   0x08000258   0x00000000   Code   RO         6487    .ARM.Collect$$libinit$$00000023  c_w.l(libinit2.o)
    0x08000258   0x08000258   0x00000004   Code   RO         6488    .ARM.Collect$$libinit$$00000024  c_w.l(libinit2.o)
    0x0800025c   0x0800025c   0x00000000   Code   RO         6489    .ARM.Collect$$libinit$$00000025  c_w.l(libinit2.o)
    0x0800025c   0x0800025c   0x00000000   Code   RO         6493    .ARM.Collect$$libinit$$0000002C  c_w.l(libinit2.o)
    0x0800025c   0x0800025c   0x00000000   Code   RO         6495    .ARM.Collect$$libinit$$0000002E  c_w.l(libinit2.o)
    0x0800025c   0x0800025c   0x00000000   Code   RO         6497    .ARM.Collect$$libinit$$00000030  c_w.l(libinit2.o)
    0x0800025c   0x0800025c   0x00000000   Code   RO         6499    .ARM.Collect$$libinit$$00000032  c_w.l(libinit2.o)
    0x0800025c   0x0800025c   0x00000002   Code   RO         6500    .ARM.Collect$$libinit$$00000033  c_w.l(libinit2.o)
    0x0800025e   0x0800025e   0x00000002   Code   RO         6649    .ARM.Collect$$libshutdown$$00000000  c_w.l(libshutdown.o)
    0x08000260   0x08000260   0x00000000   Code   RO         6502    .ARM.Collect$$libshutdown$$00000002  c_w.l(libshutdown2.o)
    0x08000260   0x08000260   0x00000000   Code   RO         6504    .ARM.Collect$$libshutdown$$00000004  c_w.l(libshutdown2.o)
    0x08000260   0x08000260   0x00000004   Code   RO         6505    .ARM.Collect$$libshutdown$$00000005  c_w.l(libshutdown2.o)
    0x08000264   0x08000264   0x00000000   Code   RO         6506    .ARM.Collect$$libshutdown$$00000006  c_w.l(libshutdown2.o)
    0x08000264   0x08000264   0x00000000   Code   RO         6509    .ARM.Collect$$libshutdown$$00000009  c_w.l(libshutdown2.o)
    0x08000264   0x08000264   0x00000000   Code   RO         6512    .ARM.Collect$$libshutdown$$0000000C  c_w.l(libshutdown2.o)
    0x08000264   0x08000264   0x00000000   Code   RO         6514    .ARM.Collect$$libshutdown$$0000000E  c_w.l(libshutdown2.o)
    0x08000264   0x08000264   0x00000004   Code   RO         6515    .ARM.Collect$$libshutdown$$0000000F  c_w.l(libshutdown2.o)
    0x08000268   0x08000268   0x00000000   Code   RO         6517    .ARM.Collect$$libshutdown$$00000011  c_w.l(libshutdown2.o)
    0x08000268   0x08000268   0x00000002   Code   RO         6518    .ARM.Collect$$libshutdown$$00000012  c_w.l(libshutdown2.o)
    0x0800026a   0x0800026a   0x00000000   Code   RO         6318    .ARM.Collect$$rtentry$$00000000  c_w.l(__rtentry.o)
    0x0800026a   0x0800026a   0x00000000   Code   RO         6339    .ARM.Collect$$rtentry$$00000002  c_w.l(__rtentry2.o)
    0x0800026a   0x0800026a   0x00000006   Code   RO         6351    .ARM.Collect$$rtentry$$00000004  c_w.l(__rtentry4.o)
    0x08000270   0x08000270   0x00000008   Code   RO         6340    .ARM.Collect$$rtentry$$00000008  c_w.l(__rtentry2.o)
    0x08000278   0x08000278   0x00000004   Code   RO         6342    .ARM.Collect$$rtentry$$0000000A  c_w.l(__rtentry2.o)
    0x0800027c   0x0800027c   0x00000000   Code   RO         6344    .ARM.Collect$$rtentry$$0000000C  c_w.l(__rtentry2.o)
    0x0800027c   0x0800027c   0x00000008   Code   RO         6345    .ARM.Collect$$rtentry$$0000000D  c_w.l(__rtentry2.o)
    0x08000284   0x08000284   0x00000002   Code   RO         6524    .ARM.Collect$$rtexit$$00000000  c_w.l(rtexit.o)
    0x08000286   0x08000286   0x00000000   Code   RO         6582    .ARM.Collect$$rtexit$$00000002  c_w.l(rtexit2.o)
    0x08000286   0x08000286   0x00000004   Code   RO         6583    .ARM.Collect$$rtexit$$00000003  c_w.l(rtexit2.o)
    0x0800028a   0x0800028a   0x00000006   Code   RO         6584    .ARM.Collect$$rtexit$$00000004  c_w.l(rtexit2.o)
    0x08000290   0x08000290   0x00000148   Code   RO         2099    .emb_text           rtx_mempool.o
    0x080003d8   0x080003d8   0x00000148   Code   RO         2261    .emb_text           rtx_msgqueue.o
    0x08000520   0x08000520   0x00000148   Code   RO         2679    .emb_text           rtx_system.o
    0x08000668   0x08000668   0x00000148   Code   RO         2735    .emb_text           rtx_thread.o
    0x080007b0   0x080007b0   0x00000000   Code   RO         6589    .emb_text           c_w.l(maybetermalloc2.o)
    0x080007b0   0x080007b0   0x00000094   Code   RO          451    .text               irq_armv7m.o
    0x08000844   0x08000844   0x00000040   Code   RO         6221    .text               startup_stm32f429xx.o
    0x08000884   0x08000884   0x000000ee   Code   RO         6264    .text               c_w.l(lludivv7m.o)
    0x08000972   0x08000972   0x00000002   PAD
    0x08000974   0x08000974   0x00000018   Code   RO         6270    .text               c_w.l(noretval__2printf.o)
    0x0800098c   0x0800098c   0x00000028   Code   RO         6272    .text               c_w.l(noretval__2sprintf.o)
    0x080009b4   0x080009b4   0x0000004e   Code   RO         6276    .text               c_w.l(_printf_pad.o)
    0x08000a02   0x08000a02   0x00000002   PAD
    0x08000a04   0x08000a04   0x00000078   Code   RO         6278    .text               c_w.l(_printf_dec.o)
    0x08000a7c   0x08000a7c   0x00000138   Code   RO         6292    .text               c_w.l(__printf_flags_wp.o)
    0x08000bb4   0x08000bb4   0x0000003e   Code   RO         6302    .text               c_w.l(strlen.o)
    0x08000bf2   0x08000bf2   0x0000008a   Code   RO         6304    .text               c_w.l(rt_memcpy_v6.o)
    0x08000c7c   0x08000c7c   0x00000064   Code   RO         6306    .text               c_w.l(rt_memcpy_w.o)
    0x08000ce0   0x08000ce0   0x00000044   Code   RO         6308    .text               c_w.l(rt_memclr.o)
    0x08000d24   0x08000d24   0x0000004e   Code   RO         6310    .text               c_w.l(rt_memclr_w.o)
    0x08000d72   0x08000d72   0x00000002   PAD
    0x08000d74   0x08000d74   0x00000080   Code   RO         6312    .text               c_w.l(strcmpv7m.o)
    0x08000df4   0x08000df4   0x00000006   Code   RO         6314    .text               c_w.l(heapauxi.o)
    0x08000dfa   0x08000dfa   0x000000b2   Code   RO         6323    .text               c_w.l(_printf_intcommon.o)
    0x08000eac   0x08000eac   0x00000030   Code   RO         6325    .text               c_w.l(_printf_char_common.o)
    0x08000edc   0x08000edc   0x0000000a   Code   RO         6327    .text               c_w.l(_sputc.o)
    0x08000ee6   0x08000ee6   0x00000002   PAD
    0x08000ee8   0x08000ee8   0x000001c8   Code   RO         6369    .text               c_w.l(initio_locked.o)
    0x080010b0   0x080010b0   0x0000004a   Code   RO         6371    .text               c_w.l(sys_stackheap_outer.o)
    0x080010fa   0x080010fa   0x00000076   Code   RO         6377    .text               c_w.l(h1_free_mt.o)
    0x08001170   0x08001170   0x000001d6   Code   RO         6429    .text               c_w.l(flsbuf.o)
    0x08001346   0x08001346   0x0000004c   Code   RO         6436    .text               c_w.l(fclose.o)
    0x08001392   0x08001392   0x00000068   Code   RO         6438    .text               c_w.l(setvbuf_locked.o)
    0x080013fa   0x080013fa   0x00000002   PAD
    0x080013fc   0x080013fc   0x00000144   Code   RO         6440    .text               c_w.l(fopen_locked.o)
    0x08001540   0x08001540   0x00000012   Code   RO         6442    .text               c_w.l(exit.o)
    0x08001552   0x08001552   0x0000000e   Code   RO         6448    .text               c_w.l(defsig_rtred_outer.o)
    0x08001560   0x08001560   0x00000008   Code   RO         6521    .text               c_w.l(libspace.o)
    0x08001568   0x08001568   0x0000000a   Code   RO         6533    .text               c_w.l(rt_heap_descriptor_twolibspace.o)
    0x08001572   0x08001572   0x00000004   Code   RO         6535    .text               c_w.l(hguard.o)
    0x08001576   0x08001576   0x0000008a   Code   RO         6537    .text               c_w.l(init_alloc.o)
    0x08001600   0x08001600   0x0000009e   Code   RO         6545    .text               c_w.l(h1_alloc_mt.o)
    0x0800169e   0x0800169e   0x00000002   PAD
    0x080016a0   0x080016a0   0x00000040   Code   RO         6557    .text               c_w.l(_printf_char_file_locked.o)
    0x080016e0   0x080016e0   0x000000f8   Code   RO         6559    .text               c_w.l(fseek.o)
    0x080017d8   0x080017d8   0x000000f0   Code   RO         6561    .text               c_w.l(stdio.o)
    0x080018c8   0x080018c8   0x0000000a   Code   RO         6567    .text               c_w.l(defsig_exit.o)
    0x080018d2   0x080018d2   0x00000002   PAD
    0x080018d4   0x080018d4   0x00000034   Code   RO         6571    .text               c_w.l(defsig_rtred_inner.o)
    0x08001908   0x08001908   0x0000000c   Code   RO         6579    .text               c_w.l(sys_exit.o)
    0x08001914   0x08001914   0x00000012   Code   RO         6594    .text               c_w.l(h1_init_mt.o)
    0x08001926   0x08001926   0x0000003e   Code   RO         6596    .text               c_w.l(h1_extend_mt.o)
    0x08001964   0x08001964   0x00000042   Code   RO         6602    .text               c_w.l(ftell.o)
    0x080019a6   0x080019a6   0x00000032   Code   RO         6610    .text               c_w.l(defsig_general.o)
    0x080019d8   0x080019d8   0x0000000e   Code   RO         6612    .text               c_w.l(defsig_rtmem_outer.o)
    0x080019e6   0x080019e6   0x0000000e   Code   RO         6625    .text               c_w.l(sys_wrch.o)
    0x080019f4   0x080019f4   0x00000002   Code   RO         6629    .text               c_w.l(use_no_semi.o)
    0x080019f6   0x080019f6   0x00000000   Code   RO         6631    .text               c_w.l(indicate_semi.o)
    0x080019f6   0x080019f6   0x00000004   Code   RO         6637    .text               c_w.l(rt_errno_addr_twolibspace.o)
    0x080019fa   0x080019fa   0x00000010   Code   RO         6641    .text               c_w.l(term_alloc.o)
    0x08001a0a   0x08001a0a   0x00000002   PAD
    0x08001a0c   0x08001a0c   0x00000050   Code   RO         6643    .text               c_w.l(defsig_rtmem_inner.o)
    0x08001a5c   0x08001a5c   0x0000000a   Code   RO         6652    .text               c_w.l(h1_final_mt.o)
    0x08001a66   0x08001a66   0x00000002   PAD
    0x08001a68   0x08001a68   0x0000009c   Code   RO         3398    i.Disable_SPI_Clock  spi_stm32f4xx.o
    0x08001b04   0x08001b04   0x000001d8   Code   RO         3399    i.Enable_GPIO_Clock  spi_stm32f4xx.o
    0x08001cdc   0x08001cdc   0x0000010c   Code   RO         3400    i.Enable_SPI_Clock  spi_stm32f4xx.o
    0x08001de8   0x08001de8   0x00000004   Code   RO          330    i.Error_Handler     main.o
    0x08001dec   0x08001dec   0x00000002   Code   RO          683    i.EvrRtxDelay       rtx_evr.o
    0x08001dee   0x08001dee   0x00000002   Code   RO          684    i.EvrRtxDelayCompleted  rtx_evr.o
    0x08001df0   0x08001df0   0x00000002   Code   RO          685    i.EvrRtxDelayError  rtx_evr.o
    0x08001df2   0x08001df2   0x00000002   Code   RO          686    i.EvrRtxDelayStarted  rtx_evr.o
    0x08001df4   0x08001df4   0x00000002   Code   RO          704    i.EvrRtxEventFlagsWaitTimeout  rtx_evr.o
    0x08001df6   0x08001df6   0x00000002   Code   RO          705    i.EvrRtxKernelError  rtx_evr.o
    0x08001df8   0x08001df8   0x00000002   Code   RO          706    i.EvrRtxKernelErrorNotify  rtx_evr.o
    0x08001dfa   0x08001dfa   0x00000002   Code   RO          708    i.EvrRtxKernelGetState  rtx_evr.o
    0x08001dfc   0x08001dfc   0x00000002   Code   RO          711    i.EvrRtxKernelGetTickCount  rtx_evr.o
    0x08001dfe   0x08001dfe   0x00000002   Code   RO          714    i.EvrRtxKernelInitialize  rtx_evr.o
    0x08001e00   0x08001e00   0x00000002   Code   RO          715    i.EvrRtxKernelInitialized  rtx_evr.o
    0x08001e02   0x08001e02   0x00000002   Code   RO          722    i.EvrRtxKernelStart  rtx_evr.o
    0x08001e04   0x08001e04   0x00000002   Code   RO          723    i.EvrRtxKernelStarted  rtx_evr.o
    0x08001e06   0x08001e06   0x00000002   Code   RO          728    i.EvrRtxMemoryAlloc  rtx_evr.o
    0x08001e08   0x08001e08   0x00000002   Code   RO          729    i.EvrRtxMemoryBlockAlloc  rtx_evr.o
    0x08001e0a   0x08001e0a   0x00000002   Code   RO          730    i.EvrRtxMemoryBlockFree  rtx_evr.o
    0x08001e0c   0x08001e0c   0x00000002   Code   RO          731    i.EvrRtxMemoryBlockInit  rtx_evr.o
    0x08001e0e   0x08001e0e   0x00000002   Code   RO          732    i.EvrRtxMemoryFree  rtx_evr.o
    0x08001e10   0x08001e10   0x00000002   Code   RO          733    i.EvrRtxMemoryInit  rtx_evr.o
    0x08001e12   0x08001e12   0x00000002   Code   RO          737    i.EvrRtxMemoryPoolAllocTimeout  rtx_evr.o
    0x08001e14   0x08001e14   0x00000002   Code   RO          752    i.EvrRtxMessageQueueCreated  rtx_evr.o
    0x08001e16   0x08001e16   0x00000002   Code   RO          755    i.EvrRtxMessageQueueError  rtx_evr.o
    0x08001e18   0x08001e18   0x00000002   Code   RO          756    i.EvrRtxMessageQueueGet  rtx_evr.o
    0x08001e1a   0x08001e1a   0x00000002   Code   RO          761    i.EvrRtxMessageQueueGetPending  rtx_evr.o
    0x08001e1c   0x08001e1c   0x00000002   Code   RO          763    i.EvrRtxMessageQueueGetTimeout  rtx_evr.o
    0x08001e1e   0x08001e1e   0x00000002   Code   RO          764    i.EvrRtxMessageQueueInsertPending  rtx_evr.o
    0x08001e20   0x08001e20   0x00000002   Code   RO          765    i.EvrRtxMessageQueueInserted  rtx_evr.o
    0x08001e22   0x08001e22   0x00000002   Code   RO          767    i.EvrRtxMessageQueueNotInserted  rtx_evr.o
    0x08001e24   0x08001e24   0x00000002   Code   RO          768    i.EvrRtxMessageQueueNotRetrieved  rtx_evr.o
    0x08001e26   0x08001e26   0x00000002   Code   RO          769    i.EvrRtxMessageQueuePut  rtx_evr.o
    0x08001e28   0x08001e28   0x00000002   Code   RO          770    i.EvrRtxMessageQueuePutPending  rtx_evr.o
    0x08001e2a   0x08001e2a   0x00000002   Code   RO          771    i.EvrRtxMessageQueuePutTimeout  rtx_evr.o
    0x08001e2c   0x08001e2c   0x00000002   Code   RO          774    i.EvrRtxMessageQueueRetrieved  rtx_evr.o
    0x08001e2e   0x08001e2e   0x00000002   Code   RO          775    i.EvrRtxMutexAcquire  rtx_evr.o
    0x08001e30   0x08001e30   0x00000002   Code   RO          776    i.EvrRtxMutexAcquirePending  rtx_evr.o
    0x08001e32   0x08001e32   0x00000002   Code   RO          777    i.EvrRtxMutexAcquireTimeout  rtx_evr.o
    0x08001e34   0x08001e34   0x00000002   Code   RO          778    i.EvrRtxMutexAcquired  rtx_evr.o
    0x08001e36   0x08001e36   0x00000002   Code   RO          779    i.EvrRtxMutexCreated  rtx_evr.o
    0x08001e38   0x08001e38   0x00000002   Code   RO          780    i.EvrRtxMutexDelete  rtx_evr.o
    0x08001e3a   0x08001e3a   0x00000002   Code   RO          781    i.EvrRtxMutexDestroyed  rtx_evr.o
    0x08001e3c   0x08001e3c   0x00000002   Code   RO          782    i.EvrRtxMutexError  rtx_evr.o
    0x08001e3e   0x08001e3e   0x00000002   Code   RO          785    i.EvrRtxMutexNew    rtx_evr.o
    0x08001e40   0x08001e40   0x00000002   Code   RO          786    i.EvrRtxMutexNotAcquired  rtx_evr.o
    0x08001e42   0x08001e42   0x00000002   Code   RO          787    i.EvrRtxMutexRelease  rtx_evr.o
    0x08001e44   0x08001e44   0x00000002   Code   RO          788    i.EvrRtxMutexReleased  rtx_evr.o
    0x08001e46   0x08001e46   0x00000002   Code   RO          791    i.EvrRtxSemaphoreAcquireTimeout  rtx_evr.o
    0x08001e48   0x08001e48   0x00000002   Code   RO          803    i.EvrRtxThreadBlocked  rtx_evr.o
    0x08001e4a   0x08001e4a   0x00000002   Code   RO          804    i.EvrRtxThreadCreated  rtx_evr.o
    0x08001e4c   0x08001e4c   0x00000002   Code   RO          805    i.EvrRtxThreadDestroyed  rtx_evr.o
    0x08001e4e   0x08001e4e   0x00000002   Code   RO          809    i.EvrRtxThreadError  rtx_evr.o
    0x08001e50   0x08001e50   0x00000002   Code   RO          810    i.EvrRtxThreadExit  rtx_evr.o
    0x08001e52   0x08001e52   0x00000002   Code   RO          813    i.EvrRtxThreadFlagsError  rtx_evr.o
    0x08001e54   0x08001e54   0x00000002   Code   RO          815    i.EvrRtxThreadFlagsSet  rtx_evr.o
    0x08001e56   0x08001e56   0x00000002   Code   RO          816    i.EvrRtxThreadFlagsSetDone  rtx_evr.o
    0x08001e58   0x08001e58   0x00000002   Code   RO          817    i.EvrRtxThreadFlagsWait  rtx_evr.o
    0x08001e5a   0x08001e5a   0x00000002   Code   RO          818    i.EvrRtxThreadFlagsWaitCompleted  rtx_evr.o
    0x08001e5c   0x08001e5c   0x00000002   Code   RO          819    i.EvrRtxThreadFlagsWaitNotCompleted  rtx_evr.o
    0x08001e5e   0x08001e5e   0x00000002   Code   RO          820    i.EvrRtxThreadFlagsWaitPending  rtx_evr.o
    0x08001e60   0x08001e60   0x00000002   Code   RO          821    i.EvrRtxThreadFlagsWaitTimeout  rtx_evr.o
    0x08001e62   0x08001e62   0x00000002   Code   RO          823    i.EvrRtxThreadGetId  rtx_evr.o
    0x08001e64   0x08001e64   0x00000002   Code   RO          831    i.EvrRtxThreadJoined  rtx_evr.o
    0x08001e66   0x08001e66   0x00000002   Code   RO          832    i.EvrRtxThreadNew   rtx_evr.o
    0x08001e68   0x08001e68   0x00000002   Code   RO          833    i.EvrRtxThreadPreempted  rtx_evr.o
    0x08001e6a   0x08001e6a   0x00000002   Code   RO          840    i.EvrRtxThreadSwitched  rtx_evr.o
    0x08001e6c   0x08001e6c   0x00000002   Code   RO          842    i.EvrRtxThreadUnblocked  rtx_evr.o
    0x08001e6e   0x08001e6e   0x00000002   Code   RO          843    i.EvrRtxThreadYield  rtx_evr.o
    0x08001e70   0x08001e70   0x00000002   Code   RO          844    i.EvrRtxTimerCallback  rtx_evr.o
    0x08001e72   0x08001e72   0x00000002   Code   RO          845    i.EvrRtxTimerCreated  rtx_evr.o
    0x08001e74   0x08001e74   0x00000002   Code   RO          848    i.EvrRtxTimerError  rtx_evr.o
    0x08001e76   0x08001e76   0x00000002   Code   RO          851    i.EvrRtxTimerNew    rtx_evr.o
    0x08001e78   0x08001e78   0x00000002   Code   RO          852    i.EvrRtxTimerStart  rtx_evr.o
    0x08001e7a   0x08001e7a   0x00000002   Code   RO          853    i.EvrRtxTimerStarted  rtx_evr.o
    0x08001e7c   0x08001e7c   0x00000002   Code   RO          854    i.EvrRtxTimerStop   rtx_evr.o
    0x08001e7e   0x08001e7e   0x00000002   Code   RO          855    i.EvrRtxTimerStopped  rtx_evr.o
    0x08001e80   0x08001e80   0x00000028   Code   RO         4005    i.HAL_DMA_Abort_IT  stm32f4xx_hal_dma.o
    0x08001ea8   0x08001ea8   0x00000180   Code   RO         4148    i.HAL_GPIO_DeInit   stm32f4xx_hal_gpio.o
    0x08002028   0x08002028   0x0000021c   Code   RO         4151    i.HAL_GPIO_Init     stm32f4xx_hal_gpio.o
    0x08002244   0x08002244   0x00000012   Code   RO         4154    i.HAL_GPIO_TogglePin  stm32f4xx_hal_gpio.o
    0x08002256   0x08002256   0x0000000c   Code   RO         4155    i.HAL_GPIO_WritePin  stm32f4xx_hal_gpio.o
    0x08002262   0x08002262   0x00000002   PAD
    0x08002264   0x08002264   0x0000000c   Code   RO         3677    i.HAL_GetREVID      stm32f4xx_hal.o
    0x08002270   0x08002270   0x0000004c   Code   RO          331    i.HAL_GetTick       main.o
    0x080022bc   0x080022bc   0x00000030   Code   RO         3685    i.HAL_Init          stm32f4xx_hal.o
    0x080022ec   0x080022ec   0x0000004c   Code   RO         3686    i.HAL_InitTick      stm32f4xx_hal.o
    0x08002338   0x08002338   0x00000002   Code   RO         3688    i.HAL_MspInit       stm32f4xx_hal.o
    0x0800233a   0x0800233a   0x00000002   PAD
    0x0800233c   0x0800233c   0x0000002c   Code   RO         3865    i.HAL_NVIC_DisableIRQ  stm32f4xx_hal_cortex.o
    0x08002368   0x08002368   0x00000028   Code   RO         3866    i.HAL_NVIC_EnableIRQ  stm32f4xx_hal_cortex.o
    0x08002390   0x08002390   0x0000007c   Code   RO         3872    i.HAL_NVIC_SetPriority  stm32f4xx_hal_cortex.o
    0x0800240c   0x0800240c   0x00000028   Code   RO         3873    i.HAL_NVIC_SetPriorityGrouping  stm32f4xx_hal_cortex.o
    0x08002434   0x08002434   0x0000000c   Code   RO         4221    i.HAL_PWR_EnableBkUpAccess  stm32f4xx_hal_pwr.o
    0x08002440   0x08002440   0x00000304   Code   RO         4514    i.HAL_RCCEx_PeriphCLKConfig  stm32f4xx_hal_rcc_ex.o
    0x08002744   0x08002744   0x00000184   Code   RO         4407    i.HAL_RCC_ClockConfig  stm32f4xx_hal_rcc.o
    0x080028c8   0x080028c8   0x0000000c   Code   RO         4412    i.HAL_RCC_GetHCLKFreq  stm32f4xx_hal_rcc.o
    0x080028d4   0x080028d4   0x00000020   Code   RO         4415    i.HAL_RCC_GetPCLK2Freq  stm32f4xx_hal_rcc.o
    0x080028f4   0x080028f4   0x000000b0   Code   RO         4416    i.HAL_RCC_GetSysClockFreq  stm32f4xx_hal_rcc.o
    0x080029a4   0x080029a4   0x00000488   Code   RO         4419    i.HAL_RCC_OscConfig  stm32f4xx_hal_rcc.o
    0x08002e2c   0x08002e2c   0x00000002   Code   RO         4712    i.HAL_RTCEx_AlarmBEventCallback  stm32f4xx_hal_rtc_ex.o
    0x08002e2e   0x08002e2e   0x00000002   Code   RO         4574    i.HAL_RTC_AlarmAEventCallback  stm32f4xx_hal_rtc.o
    0x08002e30   0x08002e30   0x0000006c   Code   RO         4575    i.HAL_RTC_AlarmIRQHandler  stm32f4xx_hal_rtc.o
    0x08002e9c   0x08002e9c   0x0000004c   Code   RO         4579    i.HAL_RTC_GetDate   stm32f4xx_hal_rtc.o
    0x08002ee8   0x08002ee8   0x00000060   Code   RO         4581    i.HAL_RTC_GetTime   stm32f4xx_hal_rtc.o
    0x08002f48   0x08002f48   0x000000d8   Code   RO         4582    i.HAL_RTC_Init      stm32f4xx_hal_rtc.o
    0x08003020   0x08003020   0x00000002   Code   RO         4584    i.HAL_RTC_MspInit   stm32f4xx_hal_rtc.o
    0x08003022   0x08003022   0x00000002   PAD
    0x08003024   0x08003024   0x00000208   Code   RO         4587    i.HAL_RTC_SetAlarm_IT  stm32f4xx_hal_rtc.o
    0x0800322c   0x0800322c   0x00000104   Code   RO         4588    i.HAL_RTC_SetDate   stm32f4xx_hal_rtc.o
    0x08003330   0x08003330   0x0000012c   Code   RO         4589    i.HAL_RTC_SetTime   stm32f4xx_hal_rtc.o
    0x0800345c   0x0800345c   0x0000003a   Code   RO         4590    i.HAL_RTC_WaitForSynchro  stm32f4xx_hal_rtc.o
    0x08003496   0x08003496   0x00000034   Code   RO         3877    i.HAL_SYSTICK_Config  stm32f4xx_hal_cortex.o
    0x080034ca   0x080034ca   0x00000046   Code   RO         5282    i.HAL_TIM_Base_DeInit  stm32f4xx_hal_tim.o
    0x08003510   0x08003510   0x00000034   Code   RO         5284    i.HAL_TIM_Base_Init  stm32f4xx_hal_tim.o
    0x08003544   0x08003544   0x00000002   Code   RO         5285    i.HAL_TIM_Base_MspDeInit  stm32f4xx_hal_tim.o
    0x08003546   0x08003546   0x00000002   Code   RO         5286    i.HAL_TIM_Base_MspInit  stm32f4xx_hal_tim.o
    0x08003548   0x08003548   0x0000002a   Code   RO         5287    i.HAL_TIM_Base_Start  stm32f4xx_hal_tim.o
    0x08003572   0x08003572   0x00000038   Code   RO         5290    i.HAL_TIM_Base_Stop  stm32f4xx_hal_tim.o
    0x080035aa   0x080035aa   0x00000002   PAD
    0x080035ac   0x080035ac   0x00000030   Code   RO         3569    i.ITM_SendChar      retarget_io.o
    0x080035dc   0x080035dc   0x00000028   Code   RO          419    i.Init_ThAlarm      thalarm.o
    0x08003604   0x08003604   0x00000028   Code   RO          380    i.Init_ThLCD        thlcd.o
    0x0800362c   0x0800362c   0x00000028   Code   RO            4    i.Init_TimerTimeout  rtc.o
    0x08003654   0x08003654   0x00000028   Code   RO            5    i.Init_TimerToggleLed  rtc.o
    0x0800367c   0x0800367c   0x00000010   Code   RO          459    i.IsException       rtx_delay.o
    0x0800368c   0x0800368c   0x00000010   Code   RO         1744    i.IsException       rtx_kernel.o
    0x0800369c   0x0800369c   0x00000010   Code   RO         2262    i.IsException       rtx_msgqueue.o
    0x080036ac   0x080036ac   0x00000010   Code   RO         2446    i.IsException       rtx_mutex.o
    0x080036bc   0x080036bc   0x00000010   Code   RO         2736    i.IsException       rtx_thread.o
    0x080036cc   0x080036cc   0x00000010   Code   RO         3157    i.IsException       rtx_timer.o
    0x080036dc   0x080036dc   0x00000018   Code   RO          460    i.IsIrqMasked       rtx_delay.o
    0x080036f4   0x080036f4   0x00000018   Code   RO         1745    i.IsIrqMasked       rtx_kernel.o
    0x0800370c   0x0800370c   0x00000018   Code   RO         2263    i.IsIrqMasked       rtx_msgqueue.o
    0x08003724   0x08003724   0x00000018   Code   RO         2447    i.IsIrqMasked       rtx_mutex.o
    0x0800373c   0x0800373c   0x00000018   Code   RO         2737    i.IsIrqMasked       rtx_thread.o
    0x08003754   0x08003754   0x00000018   Code   RO         3158    i.IsIrqMasked       rtx_timer.o
    0x0800376c   0x0800376c   0x00000010   Code   RO         1746    i.IsPrivileged      rtx_kernel.o
    0x0800377c   0x0800377c   0x0000004c   Code   RO          231    i.LCD_Init          lcd.o
    0x080037c8   0x080037c8   0x0000006c   Code   RO          232    i.LCD_escribir_linea  lcd.o
    0x08003834   0x08003834   0x0000012c   Code   RO          233    i.LCD_reset         lcd.o
    0x08003960   0x08003960   0x0000001e   Code   RO          234    i.LCD_symbolToLocalBuffer  lcd.o
    0x0800397e   0x0800397e   0x00000002   PAD
    0x08003980   0x08003980   0x00000068   Code   RO          235    i.LCD_symbolToLocalBuffer_L1  lcd.o
    0x080039e8   0x080039e8   0x00000068   Code   RO          236    i.LCD_symbolToLocalBuffer_L2  lcd.o
    0x08003a50   0x08003a50   0x000000ac   Code   RO          237    i.LCD_update        lcd.o
    0x08003afc   0x08003afc   0x0000005c   Code   RO          238    i.LCD_wr_cmd        lcd.o
    0x08003b58   0x08003b58   0x0000005c   Code   RO          239    i.LCD_wr_data       lcd.o
    0x08003bb4   0x08003bb4   0x0000000a   Code   RO         2052    i.MemBlockPtr       rtx_memory.o
    0x08003bbe   0x08003bbe   0x00000034   Code   RO         2264    i.MessageQueueGet   rtx_msgqueue.o
    0x08003bf2   0x08003bf2   0x0000004c   Code   RO         2265    i.MessageQueuePut   rtx_msgqueue.o
    0x08003c3e   0x08003c3e   0x00000022   Code   RO         2266    i.MessageQueueRemove  rtx_msgqueue.o
    0x08003c60   0x08003c60   0x00000008   Code   RO         3294    i.OS_Tick_AcknowledgeIRQ  os_systick.o
    0x08003c68   0x08003c68   0x00000030   Code   RO         3296    i.OS_Tick_Enable    os_systick.o
    0x08003c98   0x08003c98   0x00000006   Code   RO         3299    i.OS_Tick_GetIRQn   os_systick.o
    0x08003c9e   0x08003c9e   0x00000002   PAD
    0x08003ca0   0x08003ca0   0x00000050   Code   RO         3302    i.OS_Tick_Setup     os_systick.o
    0x08003cf0   0x08003cf0   0x00000020   Code   RO            6    i.RTC_Alarm_IRQHandler  rtc.o
    0x08003d10   0x08003d10   0x00000016   Code   RO         4591    i.RTC_Bcd2ToByte    stm32f4xx_hal_rtc.o
    0x08003d26   0x08003d26   0x0000001a   Code   RO         4592    i.RTC_ByteToBcd2    stm32f4xx_hal_rtc.o
    0x08003d40   0x08003d40   0x0000003e   Code   RO         4593    i.RTC_EnterInitMode  stm32f4xx_hal_rtc.o
    0x08003d7e   0x08003d7e   0x00000002   PAD
    0x08003d80   0x08003d80   0x00000018   Code   RO         3401    i.SPI1_Control      spi_stm32f4xx.o
    0x08003d98   0x08003d98   0x00000010   Code   RO         3402    i.SPI1_GetDataCount  spi_stm32f4xx.o
    0x08003da8   0x08003da8   0x00000010   Code   RO         3403    i.SPI1_GetStatus    spi_stm32f4xx.o
    0x08003db8   0x08003db8   0x00000010   Code   RO         3404    i.SPI1_IRQHandler   spi_stm32f4xx.o
    0x08003dc8   0x08003dc8   0x00000014   Code   RO         3405    i.SPI1_Initialize   spi_stm32f4xx.o
    0x08003ddc   0x08003ddc   0x00000014   Code   RO         3406    i.SPI1_PowerControl  spi_stm32f4xx.o
    0x08003df0   0x08003df0   0x00000018   Code   RO         3407    i.SPI1_Receive      spi_stm32f4xx.o
    0x08003e08   0x08003e08   0x00000018   Code   RO         3408    i.SPI1_Send         spi_stm32f4xx.o
    0x08003e20   0x08003e20   0x0000001c   Code   RO         3409    i.SPI1_Transfer     spi_stm32f4xx.o
    0x08003e3c   0x08003e3c   0x00000010   Code   RO         3410    i.SPI1_Uninitialize  spi_stm32f4xx.o
    0x08003e4c   0x08003e4c   0x0000000c   Code   RO         3411    i.SPIX_GetCapabilities  spi_stm32f4xx.o
    0x08003e58   0x08003e58   0x00000010   Code   RO         3412    i.SPIX_GetVersion   spi_stm32f4xx.o
    0x08003e68   0x08003e68   0x0000050a   Code   RO         3413    i.SPI_Control       spi_stm32f4xx.o
    0x08004372   0x08004372   0x00000008   Code   RO         3414    i.SPI_GetDataCount  spi_stm32f4xx.o
    0x0800437a   0x0800437a   0x0000002c   Code   RO         3415    i.SPI_GetStatus     spi_stm32f4xx.o
    0x080043a6   0x080043a6   0x00000106   Code   RO         3416    i.SPI_IRQHandler    spi_stm32f4xx.o
    0x080044ac   0x080044ac   0x000000d4   Code   RO         3417    i.SPI_Initialize    spi_stm32f4xx.o
    0x08004580   0x08004580   0x00000124   Code   RO         3418    i.SPI_PeripheralReset  spi_stm32f4xx.o
    0x080046a4   0x080046a4   0x00000104   Code   RO         3419    i.SPI_PowerControl  spi_stm32f4xx.o
    0x080047a8   0x080047a8   0x00000088   Code   RO         3420    i.SPI_Receive       spi_stm32f4xx.o
    0x08004830   0x08004830   0x00000056   Code   RO         3421    i.SPI_RxData        spi_stm32f4xx.o
    0x08004886   0x08004886   0x00000088   Code   RO         3422    i.SPI_Send          spi_stm32f4xx.o
    0x0800490e   0x0800490e   0x00000076   Code   RO         3423    i.SPI_Transfer      spi_stm32f4xx.o
    0x08004984   0x08004984   0x00000054   Code   RO         3424    i.SPI_TxData        spi_stm32f4xx.o
    0x080049d8   0x080049d8   0x00000066   Code   RO         3425    i.SPI_Uninitialize  spi_stm32f4xx.o
    0x08004a3e   0x08004a3e   0x00000002   PAD
    0x08004a40   0x08004a40   0x000000e8   Code   RO          332    i.SystemClock_Config  main.o
    0x08004b28   0x08004b28   0x000000c0   Code   RO         6228    i.SystemCoreClockUpdate  system_stm32f4xx.o
    0x08004be8   0x08004be8   0x0000001c   Code   RO         6229    i.SystemInit        system_stm32f4xx.o
    0x08004c04   0x08004c04   0x000000d8   Code   RO         5372    i.TIM_Base_SetConfig  stm32f4xx_hal_tim.o
    0x08004cdc   0x08004cdc   0x0000003c   Code   RO          420    i.ThAlarm           thalarm.o
    0x08004d18   0x08004d18   0x0000003e   Code   RO          381    i.ThLCD             thlcd.o
    0x08004d56   0x08004d56   0x00000056   Code   RO         2738    i.ThreadFlagsCheck  rtx_thread.o
    0x08004dac   0x08004dac   0x00000016   Code   RO         2740    i.ThreadFlagsSet    rtx_thread.o
    0x08004dc2   0x08004dc2   0x00000002   PAD
    0x08004dc4   0x08004dc4   0x00000014   Code   RO            7    i.Timer1_Callback   rtc.o
    0x08004dd8   0x08004dd8   0x00000014   Code   RO            8    i.Timer2_Callback   rtc.o
    0x08004dec   0x08004dec   0x00000040   Code   RO         3159    i.TimerInsert       rtx_timer.o
    0x08004e2c   0x08004e2c   0x00000030   Code   RO         3160    i.TimerRemove       rtx_timer.o
    0x08004e5c   0x08004e5c   0x00000018   Code   RO         3161    i.TimerUnlink       rtx_timer.o
    0x08004e74   0x08004e74   0x00000010   Code   RO         3879    i.__NVIC_GetPriorityGrouping  stm32f4xx_hal_cortex.o
    0x08004e84   0x08004e84   0x00000028   Code   RO         3880    i.__NVIC_SetPriority  stm32f4xx_hal_cortex.o
    0x08004eac   0x08004eac   0x0000000a   Code   RO         1749    i.__set_CONTROL     rtx_kernel.o
    0x08004eb6   0x08004eb6   0x00000002   PAD
    0x08004eb8   0x08004eb8   0x00000058   Code   RO         1975    i.__user_perthread_libspace  rtx_lib.o
    0x08004f10   0x08004f10   0x0000000e   Code   RO         6290    i._is_digit         c_w.l(__printf_wp.o)
    0x08004f1e   0x08004f1e   0x00000016   Code   RO         1976    i._mutex_acquire    rtx_lib.o
    0x08004f34   0x08004f34   0x0000000c   Code   RO         1977    i._mutex_free       rtx_lib.o
    0x08004f40   0x08004f40   0x00000022   Code   RO         1978    i._mutex_initialize  rtx_lib.o
    0x08004f62   0x08004f62   0x00000012   Code   RO         1979    i._mutex_release    rtx_lib.o
    0x08004f74   0x08004f74   0x00000008   Code   RO         1980    i._platform_post_stackheap_init  rtx_lib.o
    0x08004f7c   0x08004f7c   0x00000026   Code   RO         3570    i._sys_close        retarget_io.o
    0x08004fa2   0x08004fa2   0x00000024   Code   RO         3571    i._sys_flen         retarget_io.o
    0x08004fc6   0x08004fc6   0x00000024   Code   RO         3572    i._sys_istty        retarget_io.o
    0x08004fea   0x08004fea   0x00000002   PAD
    0x08004fec   0x08004fec   0x00000068   Code   RO         3573    i._sys_open         retarget_io.o
    0x08005054   0x08005054   0x0000002c   Code   RO         3575    i._sys_seek         retarget_io.o
    0x08005080   0x08005080   0x00000058   Code   RO         3576    i._sys_write        retarget_io.o
    0x080050d8   0x080050d8   0x00000060   Code   RO          194    i.configuracion     configuracion.o
    0x08005138   0x08005138   0x00000078   Code   RO          240    i.delay             lcd.o
    0x080051b0   0x080051b0   0x0000001a   Code   RO         6360    i.fputc             c_w.l(fputc.o)
    0x080051ca   0x080051ca   0x00000002   PAD
    0x080051cc   0x080051cc   0x00000094   Code   RO            9    i.get_time_date     rtc.o
    0x08005260   0x08005260   0x000000b0   Code   RO           10    i.init_RTC          rtc.o
    0x08005310   0x08005310   0x00000084   Code   RO          195    i.init_rgb          configuracion.o
    0x08005394   0x08005394   0x00000082   Code   RO         2267    i.isrRtxMessageQueueGet  rtx_msgqueue.o
    0x08005416   0x08005416   0x00000086   Code   RO         2268    i.isrRtxMessageQueuePut  rtx_msgqueue.o
    0x0800549c   0x0800549c   0x00000064   Code   RO         2741    i.isrRtxThreadFlagsSet  rtx_thread.o
    0x08005500   0x08005500   0x00000034   Code   RO         2680    i.isr_queue_get     rtx_system.o
    0x08005534   0x08005534   0x0000003c   Code   RO         2681    i.isr_queue_put     rtx_system.o
    0x08005570   0x08005570   0x0000003e   Code   RO          333    i.main              main.o
    0x080055ae   0x080055ae   0x00000002   PAD
    0x080055b0   0x080055b0   0x0000003c   Code   RO          461    i.osDelay           rtx_delay.o
    0x080055ec   0x080055ec   0x00000030   Code   RO         1751    i.osKernelGetState  rtx_kernel.o
    0x0800561c   0x0800561c   0x0000002c   Code   RO         1754    i.osKernelGetTickCount  rtx_kernel.o
    0x08005648   0x08005648   0x00000038   Code   RO         1756    i.osKernelInitialize  rtx_kernel.o
    0x08005680   0x08005680   0x00000034   Code   RO         1760    i.osKernelStart     rtx_kernel.o
    0x080056b4   0x080056b4   0x00000054   Code   RO         2270    i.osMessageQueueGet  rtx_msgqueue.o
    0x08005708   0x08005708   0x00000054   Code   RO         2277    i.osMessageQueuePut  rtx_msgqueue.o
    0x0800575c   0x0800575c   0x00000044   Code   RO         2448    i.osMutexAcquire    rtx_mutex.o
    0x080057a0   0x080057a0   0x0000003c   Code   RO         2449    i.osMutexDelete     rtx_mutex.o
    0x080057dc   0x080057dc   0x0000003c   Code   RO         2452    i.osMutexNew        rtx_mutex.o
    0x08005818   0x08005818   0x0000003c   Code   RO         2453    i.osMutexRelease    rtx_mutex.o
    0x08005854   0x08005854   0x00000020   Code   RO         3368    i.osRtxErrorNotify  rtx_config.o
    0x08005874   0x08005874   0x00000004   Code   RO         3369    i.osRtxIdleThread   rtx_config.o
    0x08005878   0x08005878   0x00000018   Code   RO         1763    i.osRtxKernelErrorNotify  rtx_kernel.o
    0x08005890   0x08005890   0x0000000c   Code   RO         2742    i.osRtxKernelGetState  rtx_thread.o
    0x0800589c   0x0800589c   0x00000002   Code   RO         1764    i.osRtxKernelPreInit  rtx_kernel.o
    0x0800589e   0x0800589e   0x000000ee   Code   RO         2053    i.osRtxMemoryAlloc  rtx_memory.o
    0x0800598c   0x0800598c   0x0000007c   Code   RO         2054    i.osRtxMemoryFree   rtx_memory.o
    0x08005a08   0x08005a08   0x0000006a   Code   RO         2055    i.osRtxMemoryInit   rtx_memory.o
    0x08005a72   0x08005a72   0x00000030   Code   RO         2112    i.osRtxMemoryPoolAlloc  rtx_mempool.o
    0x08005aa2   0x08005aa2   0x00000044   Code   RO         2113    i.osRtxMemoryPoolFree  rtx_mempool.o
    0x08005ae6   0x08005ae6   0x00000058   Code   RO         2114    i.osRtxMemoryPoolInit  rtx_mempool.o
    0x08005b3e   0x08005b3e   0x00000108   Code   RO         2279    i.osRtxMessageQueuePostProcess  rtx_msgqueue.o
    0x08005c46   0x08005c46   0x00000002   PAD
    0x08005c48   0x08005c48   0x0000002c   Code   RO         2280    i.osRtxMessageQueueTimerSetup  rtx_msgqueue.o
    0x08005c74   0x08005c74   0x00000066   Code   RO         2454    i.osRtxMutexOwnerRelease  rtx_mutex.o
    0x08005cda   0x08005cda   0x00000058   Code   RO         2455    i.osRtxMutexOwnerRestore  rtx_mutex.o
    0x08005d32   0x08005d32   0x00000002   PAD
    0x08005d34   0x08005d34   0x00000088   Code   RO         2682    i.osRtxPendSV_Handler  rtx_system.o
    0x08005dbc   0x08005dbc   0x0000003c   Code   RO         2683    i.osRtxPostProcess  rtx_system.o
    0x08005df8   0x08005df8   0x00000040   Code   RO         2743    i.osRtxThreadBlock  rtx_thread.o
    0x08005e38   0x08005e38   0x00000068   Code   RO         2744    i.osRtxThreadDelayInsert  rtx_thread.o
    0x08005ea0   0x08005ea0   0x00000060   Code   RO         2745    i.osRtxThreadDelayRemove  rtx_thread.o
    0x08005f00   0x08005f00   0x00000130   Code   RO         2746    i.osRtxThreadDelayTick  rtx_thread.o
    0x08006030   0x08006030   0x00000040   Code   RO         2747    i.osRtxThreadDestroy  rtx_thread.o
    0x08006070   0x08006070   0x0000006c   Code   RO         2748    i.osRtxThreadDispatch  rtx_thread.o
    0x080060dc   0x080060dc   0x00000064   Code   RO         2749    i.osRtxThreadFree   rtx_thread.o
    0x08006140   0x08006140   0x0000000c   Code   RO         2750    i.osRtxThreadGetRunning  rtx_thread.o
    0x0800614c   0x0800614c   0x00000026   Code   RO         2751    i.osRtxThreadJoinWakeup  rtx_thread.o
    0x08006172   0x08006172   0x0000001a   Code   RO         2752    i.osRtxThreadListGet  rtx_thread.o
    0x0800618c   0x0800618c   0x0000002c   Code   RO         2753    i.osRtxThreadListPut  rtx_thread.o
    0x080061b8   0x080061b8   0x0000001a   Code   RO         2754    i.osRtxThreadListRemove  rtx_thread.o
    0x080061d2   0x080061d2   0x00000010   Code   RO         2755    i.osRtxThreadListRoot  rtx_thread.o
    0x080061e2   0x080061e2   0x0000002a   Code   RO         2756    i.osRtxThreadListSort  rtx_thread.o
    0x0800620c   0x0800620c   0x00000034   Code   RO         2758    i.osRtxThreadPostProcess  rtx_thread.o
    0x08006240   0x08006240   0x00000018   Code   RO         2759    i.osRtxThreadReadyPut  rtx_thread.o
    0x08006258   0x08006258   0x00000018   Code   RO         2760    i.osRtxThreadRegPtr  rtx_thread.o
    0x08006270   0x08006270   0x0000000c   Code   RO         2761    i.osRtxThreadSetRunning  rtx_thread.o
    0x0800627c   0x0800627c   0x0000000c   Code   RO         3162    i.osRtxThreadSetRunning  rtx_timer.o
    0x08006288   0x08006288   0x00000058   Code   RO         2762    i.osRtxThreadStartup  rtx_thread.o
    0x080062e0   0x080062e0   0x00000018   Code   RO         2763    i.osRtxThreadSwitch  rtx_thread.o
    0x080062f8   0x080062f8   0x0000004c   Code   RO         2764    i.osRtxThreadWaitEnter  rtx_thread.o
    0x08006344   0x08006344   0x00000036   Code   RO         2765    i.osRtxThreadWaitExit  rtx_thread.o
    0x0800637a   0x0800637a   0x00000002   PAD
    0x0800637c   0x0800637c   0x0000009c   Code   RO         2684    i.osRtxTick_Handler  rtx_system.o
    0x08006418   0x08006418   0x00000020   Code   RO         3163    i.osRtxTimerSetup   rtx_timer.o
    0x08006438   0x08006438   0x0000002c   Code   RO         3164    i.osRtxTimerThread  rtx_timer.o
    0x08006464   0x08006464   0x00000090   Code   RO         3165    i.osRtxTimerTick    rtx_timer.o
    0x080064f4   0x080064f4   0x00000020   Code   RO         2768    i.osThreadExit      rtx_thread.o
    0x08006514   0x08006514   0x00000040   Code   RO         2771    i.osThreadFlagsSet  rtx_thread.o
    0x08006554   0x08006554   0x0000004c   Code   RO         2772    i.osThreadFlagsWait  rtx_thread.o
    0x080065a0   0x080065a0   0x0000002c   Code   RO         2774    i.osThreadGetId     rtx_thread.o
    0x080065cc   0x080065cc   0x0000004c   Code   RO         2781    i.osThreadNew       rtx_thread.o
    0x08006618   0x08006618   0x00000038   Code   RO         2786    i.osThreadYield     rtx_thread.o
    0x08006650   0x08006650   0x00000050   Code   RO         3169    i.osTimerNew        rtx_timer.o
    0x080066a0   0x080066a0   0x00000044   Code   RO         3170    i.osTimerStart      rtx_timer.o
    0x080066e4   0x080066e4   0x0000003c   Code   RO         3171    i.osTimerStop       rtx_timer.o
    0x08006720   0x08006720   0x00000020   Code   RO         1981    i.os_kernel_is_active  rtx_lib.o
    0x08006740   0x08006740   0x0000004c   Code   RO          196    i.reset_leds        configuracion.o
    0x0800678c   0x0800678c   0x000000b4   Code   RO           11    i.set_alarm         rtc.o
    0x08006840   0x08006840   0x000000b8   Code   RO           12    i.set_time_date     rtc.o
    0x080068f8   0x080068f8   0x0000000c   Code   RO         3577    i.stderr_putchar    retarget_io.o
    0x08006904   0x08006904   0x0000000c   Code   RO         3579    i.stdout_putchar    retarget_io.o
    0x08006910   0x08006910   0x00000038   Code   RO          463    i.svcRtxDelay       rtx_delay.o
    0x08006948   0x08006948   0x00000018   Code   RO         1766    i.svcRtxKernelGetState  rtx_kernel.o
    0x08006960   0x08006960   0x00000014   Code   RO         1769    i.svcRtxKernelGetTickCount  rtx_kernel.o
    0x08006974   0x08006974   0x00000218   Code   RO         1771    i.svcRtxKernelInitialize  rtx_kernel.o
    0x08006b8c   0x08006b8c   0x000000d4   Code   RO         1775    i.svcRtxKernelStart  rtx_kernel.o
    0x08006c60   0x08006c60   0x00000138   Code   RO         2282    i.svcRtxMessageQueueGet  rtx_msgqueue.o
    0x08006d98   0x08006d98   0x00000188   Code   RO         2288    i.svcRtxMessageQueueNew  rtx_msgqueue.o
    0x08006f20   0x08006f20   0x00000128   Code   RO         2289    i.svcRtxMessageQueuePut  rtx_msgqueue.o
    0x08007048   0x08007048   0x0000010c   Code   RO         2456    i.svcRtxMutexAcquire  rtx_mutex.o
    0x08007154   0x08007154   0x000000e4   Code   RO         2457    i.svcRtxMutexDelete  rtx_mutex.o
    0x08007238   0x08007238   0x000000ac   Code   RO         2460    i.svcRtxMutexNew    rtx_mutex.o
    0x080072e4   0x080072e4   0x00000110   Code   RO         2461    i.svcRtxMutexRelease  rtx_mutex.o
    0x080073f4   0x080073f4   0x00000050   Code   RO         2789    i.svcRtxThreadExit  rtx_thread.o
    0x08007444   0x08007444   0x0000009a   Code   RO         2792    i.svcRtxThreadFlagsSet  rtx_thread.o
    0x080074de   0x080074de   0x00000092   Code   RO         2793    i.svcRtxThreadFlagsWait  rtx_thread.o
    0x08007570   0x08007570   0x00000012   Code   RO         2795    i.svcRtxThreadGetId  rtx_thread.o
    0x08007582   0x08007582   0x00000002   PAD
    0x08007584   0x08007584   0x00000280   Code   RO         2802    i.svcRtxThreadNew   rtx_thread.o
    0x08007804   0x08007804   0x00000044   Code   RO         2807    i.svcRtxThreadYield  rtx_thread.o
    0x08007848   0x08007848   0x000000d4   Code   RO         3175    i.svcRtxTimerNew    rtx_timer.o
    0x0800791c   0x0800791c   0x00000068   Code   RO         3176    i.svcRtxTimerStart  rtx_timer.o
    0x08007984   0x08007984   0x0000004c   Code   RO         3177    i.svcRtxTimerStop   rtx_timer.o
    0x080079d0   0x080079d0   0x0000000a   Code   RO         6577    x$fpl$fpinit        fz_wm.l(fpinit.o)
    0x080079da   0x080079da   0x00000960   Data   RO          242    .constdata          lcd.o
    0x0800833a   0x0800833a   0x00000002   PAD
    0x0800833c   0x0800833c   0x00000001   Data   RO          450    .constdata          irq_armv7m.o
    0x0800833d   0x0800833d   0x00000003   PAD
    0x08008340   0x08008340   0x00000068   Data   RO         1989    .constdata          rtx_lib.o
    0x080083a8   0x080083a8   0x00000080   Data   RO         3427    .constdata          spi_stm32f4xx.o
    0x08008428   0x08008428   0x00000017   Data   RO         3580    .constdata          retarget_io.o
    0x0800843f   0x0800843f   0x00000018   Data   RO         6230    .constdata          system_stm32f4xx.o
    0x08008457   0x08008457   0x00000011   Data   RO         6293    .constdata          c_w.l(__printf_flags_wp.o)
    0x08008468   0x08008468   0x0000000b   Data   RO         1778    .conststrlit        rtx_kernel.o
    0x08008473   0x08008473   0x00000001   PAD
    0x08008474   0x08008474   0x000000a8   Data   RO         1991    .rodata             rtx_lib.o
    0x0800851c   0x0800851c   0x00000020   Data   RO         6666    Region$$Table       anon$$obj.o


    Execution Region RW_IRAM1 (Exec base: 0x20000000, Load base: 0x0800853c, Size: 0x00009298, Max: 0x00030000, ABSOLUTE, COMPRESSED[0x0000012c])

    Exec Addr    Load Addr    Size         Type   Attr      Idx    E Section Name        Object

    0x20000000   COMPRESSED   0x00008040   Data   RW         1982    .bss.os             rtx_lib.o
    0x20008040   COMPRESSED   0x00000001   Data   RW         3303    .bss.os             os_systick.o
    0x20008041   COMPRESSED   0x00000003   PAD
    0x20008044   COMPRESSED   0x000001f0   Data   RW         1983    .bss.os.libspace    rtx_lib.o
    0x20008234   COMPRESSED   0x00000034   Data   RW         1984    .bss.os.msgqueue.cb  rtx_lib.o
    0x20008268   COMPRESSED   0x00000050   Data   RW         1985    .bss.os.msgqueue.mem  rtx_lib.o
    0x200082b8   COMPRESSED   0x00000088   Data   RW         1986    .bss.os.thread.cb   rtx_lib.o
    0x20008340   COMPRESSED   0x00000200   Data   RW         1987    .bss.os.thread.idle.stack  rtx_lib.o
    0x20008540   COMPRESSED   0x00000200   Data   RW         1988    .bss.os.thread.timer.stack  rtx_lib.o
    0x20008740   COMPRESSED   0x00000014   Data   RW           14    .data               rtc.o
    0x20008754   COMPRESSED   0x00000010   Data   RW          243    .data               lcd.o
    0x20008764   COMPRESSED   0x00000004   Data   RW          334    .data               main.o
    0x20008768   COMPRESSED   0x00000004   Data   RW          382    .data               thlcd.o
    0x2000876c   COMPRESSED   0x00000004   Data   RW          421    .data               thalarm.o
    0x20008770   COMPRESSED   0x00000001   Data   RW         1990    .data               rtx_lib.o
    0x20008771   COMPRESSED   0x00000003   PAD
    0x20008774   COMPRESSED   0x00000009   Data   RW         3692    .data               stm32f4xx_hal.o
    0x2000877d   COMPRESSED   0x00000003   PAD
    0x20008780   COMPRESSED   0x00000004   Data   RW         6231    .data               system_stm32f4xx.o
    0x20008784   COMPRESSED   0x00000004   Data   RW         6335    .data               c_w.l(stdio_streams.o)
    0x20008788   COMPRESSED   0x00000004   Data   RW         6336    .data               c_w.l(stdio_streams.o)
    0x2000878c   COMPRESSED   0x00000004   Data   RW         6337    .data               c_w.l(stdio_streams.o)
    0x20008790   COMPRESSED   0x00000004   Data   RW         6433    .data               c_w.l(streamlock.o)
    0x20008794   COMPRESSED   0x000000a4   Data   RW         1779    .data.os            rtx_kernel.o
    0x20008838        -       0x0000005c   Zero   RW           13    .bss                rtc.o
    0x20008894        -       0x00000028   Zero   RW          197    .bss                configuracion.o
    0x200088bc        -       0x00000254   Zero   RW          241    .bss                lcd.o
    0x20008b10        -       0x0000002c   Zero   RW         3426    .bss                spi_stm32f4xx.o
    0x20008b3c        -       0x00000054   Zero   RW         6332    .bss                c_w.l(stdio_streams.o)
    0x20008b90        -       0x00000054   Zero   RW         6333    .bss                c_w.l(stdio_streams.o)
    0x20008be4        -       0x00000054   Zero   RW         6334    .bss                c_w.l(stdio_streams.o)
    0x20008c38        -       0x00000060   Zero   RW         6522    .bss                c_w.l(libspace.o)
    0x20008c98        -       0x00000200   Zero   RW         6219    HEAP                startup_stm32f429xx.o
    0x20008e98        -       0x00000400   Zero   RW         6218    STACK               startup_stm32f429xx.o


==============================================================================

Image component sizes


      Code (inc. data)   RO Data    RW Data    ZI Data      Debug   Object Name

       304         34          0          0         40       1984   configuracion.o
       148          8          1          0          0        664   irq_armv7m.o
      1198        118       2400         16        596      11831   lcd.o
       374         22          0          4          0       2785   main.o
       142         24          0          1          0       2668   os_systick.o
       418         30         23          0          0       7762   retarget_io.o
       840        296          0         20         92     771065   rtc.o
        36          6          0          0          0       1069   rtx_config.o
       156          6          0          0          0      18749   rtx_delay.o
       148          0          0          0          0      46642   rtx_evr.o
      1084         52         11        164          0      28198   rtx_kernel.o
       214         12        272      34621          0      13706   rtx_lib.o
       478          0          0          0          0       4395   rtx_memory.o
       532          0          0          0          0       4155   rtx_mempool.o
      2270         38          0          0          0      24390   rtx_msgqueue.o
      1418         36          0          0          0      13649   rtx_mutex.o
       792         40          0          0          0      10209   rtx_system.o
      3440        152          0          0          0      38285   rtx_thread.o
      1008         64          0          0          0      14459   rtx_timer.o
      4158        212        128          0         44      55667   spi_stm32f4xx.o
        64         26        428          0       1536        868   startup_stm32f429xx.o
       138         20          0          9          0       9462   stm32f4xx_hal.o
       356         28          0          0          0      35881   stm32f4xx_hal_cortex.o
        40          0          0          0          0       1343   stm32f4xx_hal_dma.o
       954        102          0          0          0       4291   stm32f4xx_hal_gpio.o
        12          4          0          0          0        623   stm32f4xx_hal_pwr.o
      1768         74          0          0          0       5565   stm32f4xx_hal_rcc.o
       772         26          0          0          0       1816   stm32f4xx_hal_rcc_ex.o
      1748         36          0          0          0      11410   stm32f4xx_hal_rtc.o
         2          0          0          0          0       1204   stm32f4xx_hal_rtc_ex.o
       440         46          0          0          0       5660   stm32f4xx_hal_tim.o
       220         26         24          4          0       2031   system_stm32f4xx.o
       100         16          0          4          0       1223   thalarm.o
       102          8          0          4          0       4945   thlcd.o

    ----------------------------------------------------------------------
     25906       1562       3325      34856       2308    1158654   Object Totals
         0          0         32          0          0          0   (incl. Generated)
        32          0          6          9          0          0   (incl. Padding)

    ----------------------------------------------------------------------

      Code (inc. data)   RO Data    RW Data    ZI Data      Debug   Library Member Name

        58          0          0          0          0          0   __dczerorl.o
         8          0          0          0          0         68   __main.o
       312          4         17          0          0         92   __printf_flags_wp.o
        14          0          0          0          0         68   __printf_wp.o
         0          0          0          0          0          0   __rtentry.o
        20          0          0          0          0          0   __rtentry2.o
         6          0          0          0          0          0   __rtentry4.o
        52          8          0          0          0          0   __scatter.o
        28          0          0          0          0          0   __scatter_zi.o
        48          6          0          0          0         96   _printf_char_common.o
        64          6          0          0          0         84   _printf_char_file_locked.o
         6          0          0          0          0          0   _printf_d.o
       120         16          0          0          0         92   _printf_dec.o
       178          0          0          0          0         88   _printf_intcommon.o
        78          0          0          0          0        108   _printf_pad.o
         0          0          0          0          0          0   _printf_percent.o
         4          0          0          0          0          0   _printf_percent_end.o
        10          0          0          0          0         68   _sputc.o
        10          0          0          0          0         68   defsig_exit.o
        50          0          0          0          0         88   defsig_general.o
        80         58          0          0          0         76   defsig_rtmem_inner.o
        14          0          0          0          0         80   defsig_rtmem_outer.o
        52         38          0          0          0         76   defsig_rtred_inner.o
        14          0          0          0          0         80   defsig_rtred_outer.o
        18          0          0          0          0         80   exit.o
        76          0          0          0          0         88   fclose.o
       470          0          0          0          0         88   flsbuf.o
       324          8          0          0          0        152   fopen_locked.o
        26          0          0          0          0         68   fputc.o
       248          6          0          0          0         84   fseek.o
        66          0          0          0          0         76   ftell.o
       158          0          0          0          0        128   h1_alloc_mt.o
        62          0          0          0          0         80   h1_extend_mt.o
        10          0          0          0          0         76   h1_final_mt.o
       118          0          0          0          0        108   h1_free_mt.o
        18          0          0          0          0         84   h1_init_mt.o
         6          0          0          0          0        152   heapauxi.o
         4          0          0          0          0        136   hguard.o
         0          0          0          0          0          0   indicate_semi.o
       138          0          0          0          0        168   init_alloc.o
       456         48          0          0          0        116   initio_locked.o
         2          0          0          0          0          0   libinit.o
        18          0          0          0          0          0   libinit2.o
         2          0          0          0          0          0   libshutdown.o
        10          0          0          0          0          0   libshutdown2.o
         8          4          0          0         96         68   libspace.o
       238          0          0          0          0        100   lludivv7m.o
         0          0          0          0          0          0   maybetermalloc2.o
        24          4          0          0          0         84   noretval__2printf.o
        40          6          0          0          0         84   noretval__2sprintf.o
         4          0          0          0          0         68   rt_errno_addr_twolibspace.o
        10          0          0          0          0         76   rt_heap_descriptor_twolibspace.o
        68          0          0          0          0         68   rt_memclr.o
        78          0          0          0          0         80   rt_memclr_w.o
       138          0          0          0          0         68   rt_memcpy_v6.o
       100          0          0          0          0         80   rt_memcpy_w.o
         2          0          0          0          0          0   rtexit.o
        10          0          0          0          0          0   rtexit2.o
       104          0          0          0          0         88   setvbuf_locked.o
       240          6          0          0          0        156   stdio.o
         0          0          0         12        252          0   stdio_streams.o
       128          0          0          0          0         68   strcmpv7m.o
         0          0          0          4          0          0   streamlock.o
        62          0          0          0          0         76   strlen.o
        12          4          0          0          0         68   sys_exit.o
        74          0          0          0          0         80   sys_stackheap_outer.o
        14          0          0          0          0         76   sys_wrch.o
        16          0          0          0          0         80   term_alloc.o
         2          0          0          0          0         68   use_no_semi.o
        10          0          0          0          0        116   fpinit.o

    ----------------------------------------------------------------------
      4860        222         17         16        348       4568   Library Totals
        22          0          0          0          0          0   (incl. Padding)

    ----------------------------------------------------------------------

      Code (inc. data)   RO Data    RW Data    ZI Data      Debug   Library Name

      4828        222         17         16        348       4452   c_w.l
        10          0          0          0          0        116   fz_wm.l

    ----------------------------------------------------------------------
      4860        222         17         16        348       4568   Library Totals

    ----------------------------------------------------------------------

==============================================================================


      Code (inc. data)   RO Data    RW Data    ZI Data      Debug   

     30766       1784       3342      34872       2656    1129678   Grand Totals
     30766       1784       3342        300       2656    1129678   ELF Image Totals (compressed)
     30766       1784       3342        300          0          0   ROM Totals

==============================================================================

    Total RO  Size (Code + RO Data)                34108 (  33.31kB)
    Total RW  Size (RW Data + ZI Data)             37528 (  36.65kB)
    Total ROM Size (Code + RO Data + RW Data)      34408 (  33.60kB)

==============================================================================

