Component: ARM Compiler 5.06 update 7 (build 960) Tool: armlink [4d3601]

==============================================================================

Section Cross References

    main.o(.text) refers to rtx_kernel.o(.text) for osKernelGetState
    main.o(.text) refers to stm32f4xx_hal_rcc.o(.text) for HAL_RCC_OscConfig
    main.o(.text) refers to stm32f4xx_hal_rcc_ex.o(.text) for HAL_RCCEx_PeriphCLKConfig
    main.o(.text) refers to stm32f4xx_hal.o(.text) for HAL_GetREVID
    main.o(.text) refers to system_stm32f4xx_1.o(.text) for SystemCoreClockUpdate
    main.o(.text) refers to configuracion.o(.text) for configuracion
    main.o(.text) refers to lcd.o(.text) for LCD_reset
    main.o(.text) refers to adc.o(.text) for ADC1_pins_F429ZI_config
    main.o(.text) refers to rtc.o(.text) for init_RTC
    main.o(.text) refers to rtx_thread.o(.text) for osThreadNew
    main.o(.text) refers to system_stm32f4xx_1.o(.data) for SystemCoreClock
    main.o(.text) refers to main.o(.data) for .data
    main.o(.text) refers to main.o(.bss) for .bss
    main.o(.text) refers to http_server.o(.constdata) for app_main_attr
    main.o(.text) refers to http_server.o(.text) for app_main
    http_server.o(.text) refers to adc.o(.text) for ADC_getVoltage
    http_server.o(.text) refers to rtx_thread.o(.text) for osThreadFlagsSet
    http_server.o(.text) refers to net_sys.o(i.netIF_GetOption) for netIF_GetOption
    http_server.o(.text) refers to net_addr.o(i.netIP_ntoa) for netIP_ntoa
    http_server.o(.text) refers to printfa.o(i.__0sprintf) for __2sprintf
    http_server.o(.text) refers to lcd.o(.text) for LCD_escribir_linea
    http_server.o(.text) refers to net_sys.o(i.netInitialize) for netInitialize
    http_server.o(.text) refers to rtx_delay.o(.text) for osDelay
    http_server.o(.text) refers to sntp.o(.text) for get_time
    http_server.o(.text) refers to thlcd.o(.text) for Init_ThLCD
    http_server.o(.text) refers to thalarm.o(.text) for Init_ThAlarm
    http_server.o(.text) refers to main.o(.bss) for adc
    http_server.o(.text) refers to http_server.o(.data) for .data
    http_server.o(.text) refers to http_server.o(.bss) for .bss
    http_server.o(.constdata) refers to http_server.o(.bss) for app_main_stk
    http_server_cgi.o(.text) refers to net_http_server.o(i.netCGI_GetEnvVar) for netCGI_GetEnvVar
    http_server_cgi.o(.text) refers to net_addr.o(i.netIP_aton) for netIP_aton
    http_server_cgi.o(.text) refers to net_sys.o(i.netIF_SetOption) for netIF_SetOption
    http_server_cgi.o(.text) refers to configuracion.o(.text) for reset_leds
    http_server_cgi.o(.text) refers to strcmp.o(.text) for strcmp
    http_server_cgi.o(.text) refers to strncmp.o(.text) for strncmp
    http_server_cgi.o(.text) refers to stm32f4xx_hal_gpio.o(.text) for HAL_GPIO_TogglePin
    http_server_cgi.o(.text) refers to net_http_server.o(i.netHTTPs_LoginActive) for netHTTPs_LoginActive
    http_server_cgi.o(.text) refers to strcpy.o(.text) for strcpy
    http_server_cgi.o(.text) refers to net_http_server.o(i.netHTTPs_SetPassword) for netHTTPs_SetPassword
    http_server_cgi.o(.text) refers to rtx_thread.o(.text) for osThreadFlagsSet
    http_server_cgi.o(.text) refers to net_sys.o(i.netIF_GetOption) for netIF_GetOption
    http_server_cgi.o(.text) refers to net_addr.o(i.netIP_ntoa) for netIP_ntoa
    http_server_cgi.o(.text) refers to printfa.o(i.__0sprintf) for __2sprintf
    http_server_cgi.o(.text) refers to net_tcp.o(i.netTCP_GetState) for netTCP_GetState
    http_server_cgi.o(.text) refers to net_tcp.o(i.netTCP_GetPeer) for netTCP_GetPeer
    http_server_cgi.o(.text) refers to net_tcp.o(i.netTCP_GetTimer) for netTCP_GetTimer
    http_server_cgi.o(.text) refers to net_tcp.o(i.netTCP_GetLocalPort) for netTCP_GetLocalPort
    http_server_cgi.o(.text) refers to http_server_cgi.o(.bss) for .bss
    http_server_cgi.o(.text) refers to http_server_cgi.o(.data) for .data
    http_server_cgi.o(.text) refers to http_server.o(.data) for LEDrun
    http_server_cgi.o(.text) refers to http_server.o(.data) for TID_Display
    http_server_cgi.o(.text) refers to http_server_cgi.o(.conststring) for .conststring
    http_server_cgi.o(.text) refers to net_http_server.o(i.netHTTPs_GetPassword) for netHTTPs_GetPassword
    http_server_cgi.o(.text) refers to net_http_server.o(i.netHTTPs_GetLanguage) for netHTTPs_GetLanguage
    http_server_cgi.o(.text) refers to http_server.o(.text) for AD_in
    http_server_cgi.o(.text) refers to ffltui.o(.text) for __aeabi_ui2f
    http_server_cgi.o(.text) refers to fmul.o(.text) for __aeabi_fmul
    http_server_cgi.o(.text) refers to fscalb.o(.text) for __ARM_scalbnf
    http_server_cgi.o(.text) refers to f2d.o(.text) for __aeabi_f2d
    http_server_cgi.o(.text) refers to rtc.o(.text) for get_time_date
    http_server_cgi.o(.text) refers to memcpya.o(.text) for __aeabi_memcpy
    http_server_cgi.o(.text) refers to strcat.o(.text) for strcat
    web.o(.text) refers to web.o(.constdata) for .constdata
[...]
    net_ip6_send_frame                       0x08018005   Thumb Code   192  net_ip6.o(i.net_ip6_send_frame)
    net_ip6_tx_offl_hl                       0x080180d1   Thumb Code    30  net_ip6.o(i.net_ip6_tx_offl_hl)
    net_itoa                                 0x080180ef   Thumb Code     8  net_common.o(i.net_itoa)
    net_itoa_n0                              0x080180f7   Thumb Code     6  net_common.o(i.net_itoa_n0)
    net_loop_iface_init                      0x080180fd   Thumb Code    40  net_loopback.o(i.net_loop_iface_init)
    net_loop_iface_run                       0x0801812d   Thumb Code   176  net_loopback.o(i.net_loop_iface_run)
    net_loop_send_frame                      0x080181e9   Thumb Code   104  net_loopback.o(i.net_loop_send_frame)
    net_mem_alloc                            0x08018259   Thumb Code   178  net_mem.o(i.net_mem_alloc)
    net_mem_avail                            0x08018319   Thumb Code    22  net_mem.o(i.net_mem_avail)
    net_mem_free                             0x08018335   Thumb Code   152  net_mem.o(i.net_mem_free)
    net_mem_init                             0x080183d9   Thumb Code    98  net_mem.o(i.net_mem_init)
    net_mem_shrink                           0x08018449   Thumb Code    62  net_mem.o(i.net_mem_shrink)
    net_nbns_client_init                     0x08018491   Thumb Code    82  net_nbns_client.o(i.net_nbns_client_init)
    net_ndp_cache_find                       0x080184f5   Thumb Code   438  net_ndp.o(i.net_ndp_cache_find)
    net_ndp_cache_init                       0x080186b9   Thumb Code   114  net_ndp.o(i.net_ndp_cache_init)
    net_ndp_cache_refresh                    0x08018739   Thumb Code   112  net_ndp.o(i.net_ndp_cache_refresh)
    net_ndp_cache_run                        0x080187b1   Thumb Code    22  net_ndp.o(i.net_ndp_cache_run)
    net_ndp_enqueue                          0x080187cd   Thumb Code   108  net_ndp.o(i.net_ndp_enqueue)
    net_ndp_process                          0x0801883d   Thumb Code   872  net_ndp.o(i.net_ndp_process)
    net_path                                 0x08018bb1   Thumb Code    52  net_sys.o(i.net_path)
    net_ping_client_init                     0x08018be9   Thumb Code    22  net_ping_core.o(i.net_ping_client_init)
    net_ping_client_run                      0x08018c09   Thumb Code   110  net_ping_core.o(i.net_ping_client_run)
    net_rand32                               0x08018c89   Thumb Code    18  net_sys.o(i.net_rand32)
    net_sntp_client_init                     0x08018ca5   Thumb Code    80  net_sntp_client_core.o(i.net_sntp_client_init)
    net_sntp_client_run                      0x08018d01   Thumb Code    76  net_sntp_client_core.o(i.net_sntp_client_run)
    net_sntp_client_start                    0x08018d59   Thumb Code   312  net_sntp_client_core.o(i.net_sntp_client_start)
    net_strcasecmp                           0x08018ea1   Thumb Code    46  net_common.o(i.net_strcasecmp)
    net_strchr                               0x08018ecf   Thumb Code    22  net_common.o(i.net_strchr)
    net_strcmp                               0x08018ee5   Thumb Code    26  net_common.o(i.net_strcmp)
    net_strcpy                               0x08018eff   Thumb Code    18  net_common.o(i.net_strcpy)
    net_strnchr                              0x08018f11   Thumb Code    28  net_common.o(i.net_strnchr)
    net_strncpy                              0x08018f2d   Thumb Code    26  net_common.o(i.net_strncpy)
    net_strtoupper                           0x08018f47   Thumb Code    32  net_common.o(i.net_strtoupper)
    net_sys_lock                             0x08018f69   Thumb Code     8  net_sys.o(i.net_sys_lock)
    net_sys_resume                           0x08018f75   Thumb Code    22  net_sys.o(i.net_sys_resume)
    net_sys_tick                             0x08018f8d   Thumb Code    16  net_sys.o(i.net_sys_tick)
    net_sys_unlock                           0x08018fa1   Thumb Code     8  net_sys.o(i.net_sys_unlock)
    net_sys_wakeup                           0x08018fad   Thumb Code    26  net_sys.o(i.net_sys_wakeup)
    net_tcp_abort                            0x08018fcd   Thumb Code   122  net_tcp.o(i.net_tcp_abort)
    net_tcp_close                            0x08019051   Thumb Code   218  net_tcp.o(i.net_tcp_close)
    net_tcp_get_buf                          0x08019135   Thumb Code    46  net_tcp.o(i.net_tcp_get_buf)
    net_tcp_get_local_port                   0x08019165   Thumb Code    48  net_tcp.o(i.net_tcp_get_local_port)
    net_tcp_get_mss                          0x08019199   Thumb Code    34  net_tcp.o(i.net_tcp_get_mss)
    net_tcp_get_peer                         0x080191c1   Thumb Code    80  net_tcp.o(i.net_tcp_get_peer)
    net_tcp_get_socket                       0x08019215   Thumb Code   104  net_tcp.o(i.net_tcp_get_socket)
    net_tcp_get_state                        0x08019285   Thumb Code    40  net_tcp.o(i.net_tcp_get_state)
    net_tcp_get_timer                        0x080192b1   Thumb Code    48  net_tcp.o(i.net_tcp_get_timer)
    net_tcp_listen                           0x080192e5   Thumb Code   168  net_tcp.o(i.net_tcp_listen)
    net_tcp_process                          0x08019395   Thumb Code  1956  net_tcp.o(i.net_tcp_process)
    net_tcp_send                             0x08019b3d   Thumb Code   336  net_tcp.o(i.net_tcp_send)
    net_tcp_set_option                       0x08019c99   Thumb Code   288  net_tcp.o(i.net_tcp_set_option)
    net_tcp_socket_init                      0x08019dc5   Thumb Code    30  net_tcp.o(i.net_tcp_socket_init)
    net_tcp_socket_run                       0x08019ded   Thumb Code   938  net_tcp.o(i.net_tcp_socket_run)
    net_udp_close                            0x0801a1ad   Thumb Code    62  net_udp.o(i.net_udp_close)
    net_udp_enable_lla                       0x0801a1f5   Thumb Code    34  net_udp.o(i.net_udp_enable_lla)
    net_udp_get_buf                          0x0801a21d   Thumb Code    46  net_udp.o(i.net_udp_get_buf)
    net_udp_get_socket                       0x0801a24d   Thumb Code   102  net_udp.o(i.net_udp_get_socket)
    net_udp_open                             0x0801a2bd   Thumb Code   160  net_udp.o(i.net_udp_open)
    net_udp_process                          0x0801a369   Thumb Code   322  net_udp.o(i.net_udp_process)
    net_udp_send                             0x0801a4c1   Thumb Code    18  net_udp.o(i.net_udp_send)
    net_udp_send_if                          0x0801a4d5   Thumb Code   540  net_udp.o(i.net_udp_send_if)
    net_udp_socket_init                      0x0801a701   Thumb Code    30  net_udp.o(i.net_udp_socket_init)
    net_ultoa                                0x0801a725   Thumb Code     8  net_common.o(i.net_ultoa)
    net_ultox                                0x0801a72d   Thumb Code    44  net_common.o(i.net_ultox)
    net_xtoul                                0x0801a75d   Thumb Code    76  net_common.o(i.net_xtoul)
    app_main_attr                            0x0801b854   Data          36  http_server.o(.constdata)
    imageLastModified                        0x0801b878   Data           4  web.o(.constdata)
    Arial12x12                               0x080224e0   Data        2400  lcd.o(.constdata)
    osRtxUserSVC                             0x08022ea0   Data           4  rtx_lib.o(.constdata)
    Driver_ETH_PHY0                          0x08022ea8   Data          32  phy_lan8742a.o(.constdata)
    Driver_ETH_MAC0                          0x08022f18   Data          68  emac_stm32f4xx.o(.constdata)
    Driver_SPI1                              0x08022fb0   Data          44  spi_stm32f4xx.o(.constdata)
    EventRecorderInfo                        0x08022fdc   Data          24  eventrecorder.o(.constdata)
    AHBPrescTable                            0x08022ffc   Data          16  system_stm32f4xx_1.o(.constdata)
    APBPrescTable                            0x0802300c   Data           8  system_stm32f4xx_1.o(.constdata)
    net_sys_config                           0x080230bc   Data          28  net_config.o(.constdata)
    net_eth0_if_config                       0x08023190   Data          44  net_config.o(.constdata)
    net_eth_list                             0x080231bc   Data           8  net_config.o(.constdata)
    net_if_list_lan                          0x080231c4   Data           8  net_config.o(.constdata)
    net_if_list_all                          0x080231cc   Data           8  net_config.o(.constdata)
    net_if_inet_def                          0x080231d4   Data           8  net_config.o(.constdata)
    net_if_link_def                          0x080231dc   Data           8  net_config.o(.constdata)
    net_arp_list                             0x080231e4   Data           8  net_config.o(.constdata)
    net_icmp_list                            0x080231ec   Data           8  net_config.o(.constdata)
    net_igmp_list                            0x080231f4   Data           8  net_config.o(.constdata)
    net_dhcp_list                            0x080231fc   Data           8  net_config.o(.constdata)
    net_ndp_list                             0x08023204   Data           8  net_config.o(.constdata)
    net_icmp6_list                           0x0802320c   Data           8  net_config.o(.constdata)
    net_dhcp6_list                           0x08023214   Data           8  net_config.o(.constdata)
    net_ip4_frag_config                      0x0802321c   Data           8  net_config.o(.constdata)
    net_udp_config                           0x08023224   Data          12  net_config.o(.constdata)
    net_tcp_config                           0x08023230   Data          24  net_config.o(.constdata)
    net_http_config                          0x08023248   Data          52  net_config.o(.constdata)
    net_sntp_config                          0x0802327c   Data           8  net_config.o(.constdata)
    netif_getopt_func                        0x080232f4   Data          16  net_config.o(.constdata)
    netif_setopt_func                        0x08023304   Data          16  net_config.o(.constdata)
    net_loop_if_config                       0x0802331c   Data          44  net_loopback.o(.constdata)
    net_http_auth_basic_func                 0x08023468   Data          24  net_http_server_auth.o(.constdata)
    net_ping_payload                         0x08023480   Data          18  net_ping_core.o(.constdata)
    net_addr_unspec                          0x08023492   Data          16  net_addr.o(.constdata)
    net_addr_bcast                           0x080234a2   Data           6  net_addr.o(.constdata)
    net_addr4_loopback                       0x080234a8   Data           4  net_ip4.o(.constdata)
    net_addr6_all_nodes                      0x080234ac   Data          16  net_ip6.o(.constdata)
    net_addr6_loopback                       0x080234bc   Data          16  net_ip6.o(.constdata)
    net_addr6_all_routers                    0x080234cc   Data          16  net_ip6.o(.constdata)
    net_http_error                           0x080234dc   Data          24  net_http_server_err.o(.constdata)
    net_lib_version                          0x08023594   Data           4  net_version.o(.constdata)
    network_ip4ip6_debug_v7.15.0             0x08023594   Data           4  net_version.o(.constdata)
    osRtxConfig                              0x08023a20   Data         112  rtx_lib.o(.rodata)
    os_cb_sections                           0x08023a90   Data          56  rtx_lib.o(.rodata)
    Region$$Table$$Base                      0x08023ac8   Number         0  anon$$obj.o(Region$$Table)
    Region$$Table$$Limit                     0x08023af8   Number         0  anon$$obj.o(Region$$Table)
    .bss.os.msgqueue.cb$$Base                0x20008044   Number         0  rtx_lib.o(.bss.os.msgqueue.cb)
    .bss.os.msgqueue.cb$$Limit               0x20008078   Number         0  rtx_lib.o(.bss.os.msgqueue.cb)
    .bss.os.mutex.cb$$Base                   0x200080c8   Number         0  net_config.o(.bss.os.mutex.cb)
    .bss.os.mutex.cb$$Limit                  0x20008100   Number         0  net_config.o(.bss.os.mutex.cb)
    .bss.os.semaphore.cb$$Base               0x20008100   Number         0  net_config.o(.bss.os.semaphore.cb)
    .bss.os.semaphore.cb$$Limit              0x20008110   Number         0  net_config.o(.bss.os.semaphore.cb)
    .bss.os.thread.cb$$Base                  0x20008110   Number         0  rtx_lib.o(.bss.os.thread.cb)
    .bss.os.thread.cb$$Limit                 0x20008220   Number         0  net_config.o(.bss.os.thread.cb)
    .bss.os.timer.cb$$Base                   0x20008620   Number         0  net_config.o(.bss.os.timer.cb)
    .bss.os.timer.cb$$Limit                  0x20008640   Number         0  net_config.o(.bss.os.timer.cb)
    TID_Display                              0x20008644   Data           4  http_server.o(.data)
    lcd_text                                 0x20008648   Data          42  http_server.o(.data)
    LEDrun                                   0x20008672   Data           1  http_server.o(.data)
    positionL1                               0x2000867c   Data           4  lcd.o(.data)
    positionL2                               0x20008680   Data           4  lcd.o(.data)
    SPIdrv                                   0x20008684   Data           4  lcd.o(.data)
    vacio                                    0x20008688   Data           4  lcd.o(.data)
    sDate                                    0x2000868c   Data           4  rtc.o(.data)
    tim_toggle                               0x20008690   Data           4  rtc.o(.data)
    tim_timeout                              0x20008698   Data           4  rtc.o(.data)
    tid_ThAlarm                              0x200086a4   Data           4  thalarm.o(.data)
    ITM_RxBuffer                             0x200086a8   Data           4  retarget_io.o(.data)
    uwTickFreq                               0x200086ac   Data           1  stm32f4xx_hal.o(.data)
    uwTickPrio                               0x200086b0   Data           4  stm32f4xx_hal.o(.data)
    uwTick                                   0x200086b4   Data           4  stm32f4xx_hal.o(.data)
    SystemCoreClock                          0x200086b8   Data           4  system_stm32f4xx_1.o(.data)
    net_eth0_igmp_control                    0x200086ca   Data           4  net_igmp.o(.data)
    net_eth0_icmp_control                    0x200086d8   Data           1  net_icmp.o(.data)
    net_eth0_icmp6_control                   0x200086d9   Data           1  net_icmp6.o(.data)
    __stdout                                 0x20008700   Data           4  stdout.o(.data)
    __stderr                                 0x20008704   Data           4  stderr.o(.data)
    osRtxInfo                                0x20008708   Data         164  rtx_kernel.o(.data.os)
    adc                                      0x200087ac   Data          72  main.o(.bss)
    app_main_stk                             0x20008860   Data        1024  http_server.o(.bss)
    tiempo                                   0x20008c98   Data          60  http_server_cgi.o(.bss)
    GPIO_InitStruct                          0x20008d10   Data          20  lcd.o(.bss)
    htim7                                    0x20008d24   Data          64  lcd.o(.bss)
    buffer                                   0x20008d64   Data         512  lcd.o(.bss)
    sTime                                    0x20008f64   Data          20  rtc.o(.bss)
    hrtc                                     0x20008f78   Data          32  rtc.o(.bss)
    alarmRtc                                 0x20008f98   Data          40  rtc.o(.bss)
    net_eth0_if_control                      0x2000f1a4   Data         160  net_eth.o(.bss)
    net_eth0_arp_control                     0x2000f244   Data          24  net_arp.o(.bss)
    net_eth0_ndp_control                     0x2000f25c   Data          68  net_ndp.o(.bss)
    net_eth0_dhcp_control                    0x2000f2bc   Data          40  net_dhcp_client.o(.bss)
    net_eth0_dhcp6_control                   0x2000f2e4   Data          68  net_dhcp6_client.o(.bss)
    net_http_control                         0x2000f3ac   Data          20  net_http_server.o(.bss)
    net_sntp_control                         0x2000f3c0   Data          44  net_sntp_client_core.o(.bss)
    net_ping_control                         0x2000f3ec   Data          44  net_ping_core.o(.bss)
    net_sys_control                          0x2000f428   Data          28  net_sys.o(.bss)
    net_dbg_buf                              0x2000f450   Data          36  net_sys.o(.bss)
    __initial_sp                             0x2000f910   Data           0  startup_stm32f429xx.o(STACK)



==============================================================================

Memory Map of the image

  Image Entry point : 0x080001ad

  Load Region LR_IROM1 (Base: 0x08000000, Size: 0x0002c2a4, Max: 0x00200000, ABSOLUTE, COMPRESSED[0x00023c38])

    Execution Region ER_IROM1 (Exec base: 0x08000000, Load base: 0x08000000, Size: 0x00023af8, Max: 0x00200000, ABSOLUTE)

    Exec Addr    Load Addr    Size         Type   Attr      Idx    E Section Name        Object

    0x08000000   0x08000000   0x000001ac   Data   RO         1716    RESET               startup_stm32f429xx.o
    0x080001ac   0x080001ac   0x00000000   Code   RO         2985  * .ARM.Collect$$$$00000000  mc_w.l(entry.o)
    0x080001ac   0x080001ac   0x00000004   Code   RO         3293    .ARM.Collect$$$$00000001  mc_w.l(entry2.o)
    0x080001b0   0x080001b0   0x00000004   Code   RO         3296    .ARM.Collect$$$$00000004  mc_w.l(entry5.o)
    0x080001b4   0x080001b4   0x00000000   Code   RO         3298    .ARM.Collect$$$$00000008  mc_w.l(entry7b.o)
    0x080001b4   0x080001b4   0x00000000   Code   RO         3300    .ARM.Collect$$$$0000000A  mc_w.l(entry8b.o)
    0x080001b4   0x080001b4   0x00000008   Code   RO         3301    .ARM.Collect$$$$0000000B  mc_w.l(entry9a.o)
    0x080001bc   0x080001bc   0x00000004   Code   RO         3308    .ARM.Collect$$$$0000000E  mc_w.l(entry12b.o)
    0x080001c0   0x080001c0   0x00000000   Code   RO         3303    .ARM.Collect$$$$0000000F  mc_w.l(entry10a.o)
    0x080001c0   0x080001c0   0x00000000   Code   RO         3305    .ARM.Collect$$$$00000011  mc_w.l(entry11a.o)
    0x080001c0   0x080001c0   0x00000004   Code   RO         3294    .ARM.Collect$$$$00002712  mc_w.l(entry2.o)
    0x080001c4   0x080001c4   0x00000148   Code   RO          828    .emb_text           rtx_mempool.o
    0x0800030c   0x0800030c   0x00000148   Code   RO          859    .emb_text           rtx_msgqueue.o
    0x08000454   0x08000454   0x00000148   Code   RO          924    .emb_text           rtx_semaphore.o
    0x0800059c   0x0800059c   0x00000148   Code   RO          955    .emb_text           rtx_system.o
    0x080006e4   0x080006e4   0x00000148   Code   RO          989    .emb_text           rtx_thread.o
    0x0800082c   0x0800082c   0x00000074   Code   RO         1210    .emb_text           eventrecorder.o
    0x080008a0   0x080008a0   0x0000016c   Code   RO            4    .text               main.o
    0x08000a0c   0x08000a0c   0x000000d8   Code   RO          165    .text               http_server.o
    0x08000ae4   0x08000ae4   0x000007d8   Code   RO          224    .text               http_server_cgi.o
    0x080012bc   0x080012bc   0x00000078   Code   RO          263    .text               web.o
    0x08001334   0x08001334   0x00000154   Code   RO          283    .text               configuracion.o
    0x08001488   0x08001488   0x000003c0   Code   RO          308    .text               lcd.o
    0x08001848   0x08001848   0x000000d8   Code   RO          350    .text               adc.o
    0x08001920   0x08001920   0x000002fc   Code   RO          374    .text               rtc.o
    0x08001c1c   0x08001c1c   0x00000154   Code   RO          406    .text               sntp.o
    0x08001d70   0x08001d70   0x00000060   Code   RO          437    .text               thlcd.o
    0x08001dd0   0x08001dd0   0x00000034   Code   RO          464    .text               stm32f4xx_it.o
    0x08001e04   0x08001e04   0x00000064   Code   RO          491    .text               thalarm.o
    0x08001e68   0x08001e68   0x00000094   Code   RO          570    .text               irq_armv7m.o
    0x08001efc   0x08001efc   0x00000104   Code   RO          578    .text               rtx_delay.o
    0x08002000   0x08002000   0x00000958   Code   RO          676    .text               rtx_evr.o
    0x08002958   0x08002958   0x000006cc   Code   RO          701    .text               rtx_kernel.o
    0x08003024   0x08003024   0x00000018   Code   RO          749    .text               rtx_lib.o
    0x0800303c   0x0800303c   0x00000124   Code   RO          798    .text               rtx_memory.o
    0x08003160   0x08003160   0x00000678   Code   RO          829    .text               rtx_mempool.o
    0x080037d8   0x080037d8   0x000009bc   Code   RO          860    .text               rtx_msgqueue.o
    0x08004194   0x08004194   0x00000558   Code   RO          894    .text               rtx_mutex.o
    0x080046ec   0x080046ec   0x00000450   Code   RO          925    .text               rtx_semaphore.o
    0x08004b3c   0x08004b3c   0x00000154   Code   RO          956    .text               rtx_system.o
    0x08004c90   0x08004c90   0x000011d4   Code   RO          990    .text               rtx_thread.o
    0x08005e64   0x08005e64   0x00000480   Code   RO         1024    .text               rtx_timer.o
    0x080062e4   0x080062e4   0x000000c4   Code   RO         1054    .text               os_systick.o
    0x080063a8   0x080063a8   0x00000004   Code   RO         1080    .text               rtx_config.o
    0x080063ac   0x080063ac   0x000001ac   Code   RO         1101    .text               phy_lan8742a.o
    0x08006558   0x08006558   0x000009e8   Code   RO         1129    .text               emac_stm32f4xx.o
    0x08006f40   0x08006f40   0x00000c5c   Code   RO         1171    .text               spi_stm32f4xx.o
    0x08007b9c   0x08007b9c   0x00000538   Code   RO         1211    .text               eventrecorder.o
    0x080080d4   0x080080d4   0x000000f0   Code   RO         1242    .text               retarget_io.o
    0x080081c4   0x080081c4   0x000001c8   Code   RO         1274    .text               stm32f4xx_hal.o
    0x0800838c   0x0800838c   0x00000ab8   Code   RO         1304    .text               stm32f4xx_hal_adc.o
    0x08008e44   0x08008e44   0x00000724   Code   RO         1328    .text               stm32f4xx_hal_adc_ex.o
    0x08009568   0x08009568   0x00000298   Code   RO         1352    .text               stm32f4xx_hal_cortex.o
    0x08009800   0x08009800   0x00000718   Code   RO         1380    .text               stm32f4xx_hal_dma.o
    0x08009f18   0x08009f18   0x00000364   Code   RO         1429    .text               stm32f4xx_hal_gpio.o
    0x0800a27c   0x0800a27c   0x00000178   Code   RO         1453    .text               stm32f4xx_hal_pwr.o
    0x0800a3f4   0x0800a3f4   0x00000760   Code   RO         1501    .text               stm32f4xx_hal_rcc.o
    0x0800ab54   0x0800ab54   0x000005e4   Code   RO         1525    .text               stm32f4xx_hal_rcc_ex.o
    0x0800b138   0x0800b138   0x00000970   Code   RO         1549    .text               stm32f4xx_hal_rtc.o
    0x0800baa8   0x0800baa8   0x00000b0c   Code   RO         1573    .text               stm32f4xx_hal_rtc_ex.o
    0x0800c5b4   0x0800c5b4   0x000023d2   Code   RO         1645    .text               stm32f4xx_hal_tim.o
    0x0800e986   0x0800e986   0x00000002   PAD
    0x0800e988   0x0800e988   0x00000bb0   Code   RO         1669    .text               stm32f4xx_hal_tim_ex.o
    0x0800f538   0x0800f538   0x00000024   Code   RO         1717    .text               startup_stm32f429xx.o
    0x0800f55c   0x0800f55c   0x00000094   Code   RO         1724    .text               system_stm32f4xx_1.o
    0x0800f5f0   0x0800f5f0   0x00000150   Code   RO         1753    .text               net_config.o
    0x0800f740   0x0800f740   0x00000152   Code   RO         1859    .text               net_debug.o
    0x0800f892   0x0800f892   0x00000062   Code   RO         2994    .text               mc_w.l(uldiv.o)
    0x0800f8f4   0x0800f8f4   0x00000094   Code   RO         2996    .text               mc_w.l(localtime.o)
    0x0800f988   0x0800f988   0x00000394   Code   RO         3000    .text               mc_w.l(strftime.o)
    0x0800fd1c   0x0800fd1c   0x00000024   Code   RO         3006    .text               mc_w.l(memcpya.o)
    0x0800fd40   0x0800fd40   0x00000024   Code   RO         3008    .text               mc_w.l(memseta.o)
    0x0800fd64   0x0800fd64   0x00000018   Code   RO         3010    .text               mc_w.l(strcat.o)
    0x0800fd7c   0x0800fd7c   0x0000000e   Code   RO         3012    .text               mc_w.l(strlen.o)
    0x0800fd8a   0x0800fd8a   0x0000001c   Code   RO         3014    .text               mc_w.l(strcmp.o)
    0x0800fda6   0x0800fda6   0x0000001a   Code   RO         3016    .text               mc_w.l(memcmp.o)
    0x0800fdc0   0x0800fdc0   0x00000012   Code   RO         3018    .text               mc_w.l(strcpy.o)
    0x0800fdd2   0x0800fdd2   0x0000001e   Code   RO         3020    .text               mc_w.l(strncmp.o)
    0x0800fdf0   0x0800fdf0   0x00000064   Code   RO         3285    .text               mf_w.l(fmul.o)
    0x0800fe54   0x0800fe54   0x00000018   Code   RO         3287    .text               mf_w.l(fscalb.o)
    0x0800fe6c   0x0800fe6c   0x0000000a   Code   RO         3289    .text               mf_w.l(ffltui.o)
    0x0800fe76   0x0800fe76   0x00000026   Code   RO         3291    .text               mf_w.l(f2d.o)
    0x0800fe9c   0x0800fe9c   0x0000002c   Code   RO         3309    .text               mc_w.l(uidiv.o)
    0x0800fec8   0x0800fec8   0x0000001e   Code   RO         3311    .text               mc_w.l(llshl.o)
    0x0800fee6   0x0800fee6   0x00000020   Code   RO         3313    .text               mc_w.l(llushr.o)
    0x0800ff06   0x0800ff06   0x00000000   Code   RO         3315    .text               mc_w.l(iusefp.o)
    0x0800ff06   0x0800ff06   0x0000006e   Code   RO         3316    .text               mf_w.l(fepilogue.o)
    0x0800ff74   0x0800ff74   0x0000014e   Code   RO         3318    .text               mf_w.l(dadd.o)
    0x080100c2   0x080100c2   0x000000e4   Code   RO         3320    .text               mf_w.l(dmul.o)
    0x080101a6   0x080101a6   0x000000de   Code   RO         3322    .text               mf_w.l(ddiv.o)
    0x08010284   0x08010284   0x00000030   Code   RO         3324    .text               mf_w.l(dfixul.o)
    0x080102b4   0x080102b4   0x00000030   Code   RO         3326    .text               mf_w.l(cdrcmple.o)
    0x080102e4   0x080102e4   0x00000024   Code   RO         3328    .text               mc_w.l(init.o)
    0x08010308   0x08010308   0x00000024   Code   RO         3330    .text               mc_w.l(llsshr.o)
    0x0801032c   0x0801032c   0x000000ba   Code   RO         3332    .text               mf_w.l(depilogue.o)
    0x080103e6   0x080103e6   0x00000056   Code   RO         3341    .text               mc_w.l(__dczerorl2.o)
    0x0801043c   0x0801043c   0x00000020   Code   RO         3257    i.__0printf         mc_w.l(printfa.o)
    0x0801045c   0x0801045c   0x00000028   Code   RO         3259    i.__0sprintf        mc_w.l(printfa.o)
    0x08010484   0x08010484   0x0000000e   Code   RO         3335    i.__scatterload_copy  mc_w.l(handlers.o)
    0x08010492   0x08010492   0x00000002   Code   RO         3336    i.__scatterload_null  mc_w.l(handlers.o)
    0x08010494   0x08010494   0x0000000e   Code   RO         3337    i.__scatterload_zeroinit  mc_w.l(handlers.o)
    0x080104a2   0x080104a2   0x00000002   PAD
    0x080104a4   0x080104a4   0x00000184   Code   RO         3264    i._fp_digits        mc_w.l(printfa.o)
    0x08010628   0x08010628   0x000006b4   Code   RO         3265    i._printf_core      mc_w.l(printfa.o)
    0x08010cdc   0x08010cdc   0x00000024   Code   RO         3266    i._printf_post_padding  mc_w.l(printfa.o)
    0x08010d00   0x08010d00   0x0000002e   Code   RO         3267    i._printf_pre_padding  mc_w.l(printfa.o)
    0x08010d2e   0x08010d2e   0x0000000a   Code   RO         3269    i._sputc            mc_w.l(printfa.o)
    0x08010d38   0x08010d38   0x00000054   Code   RO         2474    i.add_server_id     Net_Dbg_CM3_L.lib(net_http_server.o)
    0x08010d8c   0x08010d8c   0x0000005c   Code   RO         1945    i.arp_cache_alloc   Net_Dbg_CM3_L.lib(net_arp.o)
    0x08010de8   0x08010de8   0x00000170   Code   RO         1946    i.arp_cache_run     Net_Dbg_CM3_L.lib(net_arp.o)
    0x08010f58   0x08010f58   0x00000038   Code   RO         1947    i.arp_is_cacheable  Net_Dbg_CM3_L.lib(net_arp.o)
    0x08010f90   0x08010f90   0x00000088   Code   RO         1948    i.arp_probe_run     Net_Dbg_CM3_L.lib(net_arp.o)
    0x08011018   0x08011018   0x000000d8   Code   RO         1950    i.arp_proc_response  Net_Dbg_CM3_L.lib(net_arp.o)
    0x080110f0   0x080110f0   0x0000001a   Code   RO         1951    i.arp_que_free      Net_Dbg_CM3_L.lib(net_arp.o)
    0x0801110a   0x0801110a   0x00000002   PAD
    0x0801110c   0x0801110c   0x000000a0   Code   RO         1952    i.arp_send_reply    Net_Dbg_CM3_L.lib(net_arp.o)
    0x080111ac   0x080111ac   0x000000d0   Code   RO         1953    i.arp_send_request  Net_Dbg_CM3_L.lib(net_arp.o)
    0x0801127c   0x0801127c   0x00000068   Code   RO         1954    i.arp_sender_valid  Net_Dbg_CM3_L.lib(net_arp.o)
    0x080112e4   0x080112e4   0x0000006c   Code   RO         2418    i.check_client_id   Net_Dbg_CM3_L.lib(net_dhcp6_client.o)
    0x08011350   0x08011350   0x0000018c   Code   RO         2475    i.chk_post_req      Net_Dbg_CM3_L.lib(net_http_server.o)
    0x080114dc   0x080114dc   0x00000028   Code   RO         2899    i.crc32_8bit        Net_Dbg_CM3_L.lib(net_common.o)
    0x08011504   0x08011504   0x00000394   Code   RO         2419    i.dhcp6_client_run  Net_Dbg_CM3_L.lib(net_dhcp6_client.o)
    0x08011898   0x08011898   0x00000058   Code   RO         2420    i.dhcp6_client_start  Net_Dbg_CM3_L.lib(net_dhcp6_client.o)
    0x080118f0   0x080118f0   0x000004b8   Code   RO         2422    i.dhcp6_listener    Net_Dbg_CM3_L.lib(net_dhcp6_client.o)
    0x08011da8   0x08011da8   0x000001f8   Code   RO         2423    i.dhcp6_send_message  Net_Dbg_CM3_L.lib(net_dhcp6_client.o)
    0x08011fa0   0x08011fa0   0x000003c0   Code   RO         2374    i.dhcp_client_run   Net_Dbg_CM3_L.lib(net_dhcp_client.o)
    0x08012360   0x08012360   0x00000058   Code   RO         2375    i.dhcp_client_start  Net_Dbg_CM3_L.lib(net_dhcp_client.o)
    0x080123b8   0x080123b8   0x0000048c   Code   RO         2377    i.dhcp_listener     Net_Dbg_CM3_L.lib(net_dhcp_client.o)
    0x08012844   0x08012844   0x00000268   Code   RO         2378    i.dhcp_send_message  Net_Dbg_CM3_L.lib(net_dhcp_client.o)
    0x08012aac   0x08012aac   0x0000009a   Code   RO         1889    i.eth_check_link    Net_Dbg_CM3_L.lib(net_eth.o)
    0x08012b46   0x08012b46   0x00000002   PAD
    0x08012b48   0x08012b48   0x00000020   Code   RO         1890    i.eth_if_map        Net_Dbg_CM3_L.lib(net_eth.o)
    0x08012b68   0x08012b68   0x00000304   Code   RO         1891    i.eth_iface_init    Net_Dbg_CM3_L.lib(net_eth.o)
    0x08012e6c   0x08012e6c   0x00000290   Code   RO         1892    i.eth_iface_run     Net_Dbg_CM3_L.lib(net_eth.o)
    0x080130fc   0x080130fc   0x00000008   Code   RO         1894    i.eth_lock          Net_Dbg_CM3_L.lib(net_eth.o)
    0x08013104   0x08013104   0x0000001c   Code   RO         1895    i.eth_mtu_limit     Net_Dbg_CM3_L.lib(net_eth.o)
    0x08013120   0x08013120   0x00000048   Code   RO         1896    i.eth_opt_len       Net_Dbg_CM3_L.lib(net_eth.o)
    0x08013168   0x08013168   0x00000088   Code   RO         1897    i.eth_receive       Net_Dbg_CM3_L.lib(net_eth.o)
    0x080131f0   0x080131f0   0x00000008   Code   RO         1898    i.eth_unlock        Net_Dbg_CM3_L.lib(net_eth.o)
    0x080131f8   0x080131f8   0x00000018   Code   RO         2988    i.fputs             mc_w.l(fputs.o)
    0x08013210   0x08013210   0x0000007c   Code   RO         2132    i.frag_map_session  Net_Dbg_CM3_L.lib(net_ip4_frag.o)
    0x0801328c   0x0801328c   0x00000028   Code   RO         2476    i.get_next_field    Net_Dbg_CM3_L.lib(net_http_server.o)
    0x080132b4   0x080132b4   0x00000032   Code   RO         2477    i.get_next_par      Net_Dbg_CM3_L.lib(net_http_server.o)
    0x080132e6   0x080132e6   0x0000005c   Code   RO         2424    i.get_tout          Net_Dbg_CM3_L.lib(net_dhcp6_client.o)
    0x08013342   0x08013342   0x00000022   Code   RO         2478    i.hex2byte          Net_Dbg_CM3_L.lib(net_http_server.o)
    0x08013364   0x08013364   0x0000036c   Code   RO         2479    i.http_add_header   Net_Dbg_CM3_L.lib(net_http_server.o)
    0x080136d0   0x080136d0   0x00000050   Code   RO         2599    i.http_auth_basic_add  Net_Dbg_CM3_L.lib(net_http_server_auth.o)
    0x08013720   0x08013720   0x00000090   Code   RO         2600    i.http_auth_basic_parse  Net_Dbg_CM3_L.lib(net_http_server_auth.o)
    0x080137b0   0x080137b0   0x00000002   Code   RO         2606    i.http_auth_dummy   Net_Dbg_CM3_L.lib(net_http_server_auth.o)
    0x080137b2   0x080137b2   0x00000002   PAD
    0x080137b4   0x080137b4   0x00000024   Code   RO         2607    i.http_auth_init    Net_Dbg_CM3_L.lib(net_http_server_auth.o)
    0x080137d8   0x080137d8   0x000001cc   Code   RO         2480    i.http_error_msg    Net_Dbg_CM3_L.lib(net_http_server.o)
    0x080139a4   0x080139a4   0x00000078   Code   RO         2481    i.http_get_ftype    Net_Dbg_CM3_L.lib(net_http_server.o)
    0x08013a1c   0x08013a1c   0x0000005e   Code   RO         2482    i.http_kill_session  Net_Dbg_CM3_L.lib(net_http_server.o)
    0x08013a7a   0x08013a7a   0x00000002   PAD
    0x08013a7c   0x08013a7c   0x000002a8   Code   RO         2483    i.http_listener     Net_Dbg_CM3_L.lib(net_http_server.o)
    0x08013d24   0x08013d24   0x00000184   Code   RO         2484    i.http_open_file    Net_Dbg_CM3_L.lib(net_http_server.o)
    0x08013ea8   0x08013ea8   0x0000011c   Code   RO         2485    i.http_parse_header  Net_Dbg_CM3_L.lib(net_http_server.o)
    0x08013fc4   0x08013fc4   0x000001a8   Code   RO         2486    i.http_proc_multipart  Net_Dbg_CM3_L.lib(net_http_server.o)
    0x0801416c   0x0801416c   0x00000138   Code   RO         2487    i.http_proc_post    Net_Dbg_CM3_L.lib(net_http_server.o)
    0x080142a4   0x080142a4   0x00000468   Code   RO         2488    i.http_server_run   Net_Dbg_CM3_L.lib(net_http_server.o)
    0x0801470c   0x0801470c   0x00000060   Code   RO         2489    i.http_server_start  Net_Dbg_CM3_L.lib(net_http_server.o)
    0x0801476c   0x0801476c   0x00000020   Code   RO         2491    i.http_strcpy       Net_Dbg_CM3_L.lib(net_http_server.o)
    0x0801478c   0x0801478c   0x000000ac   Code   RO         2492    i.http_to_utc       Net_Dbg_CM3_L.lib(net_http_server.o)
    0x08014838   0x08014838   0x0000001a   Code   RO         2900    i.i2str             Net_Dbg_CM3_L.lib(net_common.o)
    0x08014852   0x08014852   0x00000002   PAD
    0x08014854   0x08014854   0x0000009c   Code   RO         2012    i.igmp_host_run     Net_Dbg_CM3_L.lib(net_igmp.o)
    0x080148f0   0x080148f0   0x00000024   Code   RO         2013    i.igmp_map_group    Net_Dbg_CM3_L.lib(net_igmp.o)
    0x08014914   0x08014914   0x00000070   Code   RO         2014    i.igmp_send_report  Net_Dbg_CM3_L.lib(net_igmp.o)
    0x08014984   0x08014984   0x0000000c   Code   RO         2797    i.ip4_get_chksum    Net_Dbg_CM3_L.lib(net_ip4.o)
    0x08014990   0x08014990   0x00000028   Code   RO         2798    i.ip4_get_mtu       Net_Dbg_CM3_L.lib(net_ip4.o)
    0x080149b8   0x080149b8   0x00000040   Code   RO         2730    i.ip4_ntoa          Net_Dbg_CM3_L.lib(net_addr.o)
    0x080149f8   0x080149f8   0x000000ca   Code   RO         2731    i.ip6_ntoa          Net_Dbg_CM3_L.lib(net_addr.o)
    0x08014ac2   0x08014ac2   0x0000001e   Code   RO         2379    i.is_selected       Net_Dbg_CM3_L.lib(net_dhcp_client.o)
    0x08014ae0   0x08014ae0   0x0000000c   Code   RO         2876    i.mem_lock          Net_Dbg_CM3_L.lib(net_mem.o)
    0x08014aec   0x08014aec   0x0000000c   Code   RO         2877    i.mem_unlock        Net_Dbg_CM3_L.lib(net_mem.o)
    0x08014af8   0x08014af8   0x000001a4   Code   RO         2460    i.nbns_listener     Net_Dbg_CM3_L.lib(net_nbns_client.o)
    0x08014c9c   0x08014c9c   0x00000120   Code   RO         2045    i.ndp_cache_add     Net_Dbg_CM3_L.lib(net_ndp.o)
    0x08014dbc   0x08014dbc   0x00000072   Code   RO         2046    i.ndp_cache_alloc   Net_Dbg_CM3_L.lib(net_ndp.o)
    0x08014e2e   0x08014e2e   0x00000002   PAD
    0x08014e30   0x08014e30   0x00000078   Code   RO         2047    i.ndp_cache_delete  Net_Dbg_CM3_L.lib(net_ndp.o)
    0x08014ea8   0x08014ea8   0x0000016c   Code   RO         2048    i.ndp_cache_run     Net_Dbg_CM3_L.lib(net_ndp.o)
    0x08015014   0x08015014   0x0000002c   Code   RO         2049    i.ndp_check_frame   Net_Dbg_CM3_L.lib(net_ndp.o)
    0x08015040   0x08015040   0x00000012   Code   RO         2050    i.ndp_next_opt      Net_Dbg_CM3_L.lib(net_ndp.o)
    0x08015052   0x08015052   0x00000002   PAD
    0x08015054   0x08015054   0x000000e4   Code   RO         2051    i.ndp_prefix_add    Net_Dbg_CM3_L.lib(net_ndp.o)
    0x08015138   0x08015138   0x0000009c   Code   RO         2052    i.ndp_probe_run     Net_Dbg_CM3_L.lib(net_ndp.o)
    0x080151d4   0x080151d4   0x000000fc   Code   RO         2054    i.ndp_proc_response  Net_Dbg_CM3_L.lib(net_ndp.o)
    0x080152d0   0x080152d0   0x0000001a   Code   RO         2055    i.ndp_que_free      Net_Dbg_CM3_L.lib(net_ndp.o)
    0x080152ea   0x080152ea   0x00000002   PAD
    0x080152ec   0x080152ec   0x00000038   Code   RO         2056    i.ndp_router_remove  Net_Dbg_CM3_L.lib(net_ndp.o)
    0x08015324   0x08015324   0x0000009c   Code   RO         2057    i.ndp_send_reply    Net_Dbg_CM3_L.lib(net_ndp.o)
    0x080153c0   0x080153c0   0x000000bc   Code   RO         2058    i.ndp_send_request  Net_Dbg_CM3_L.lib(net_ndp.o)
    0x0801547c   0x0801547c   0x000001a0   Code   RO         2059    i.ndp_slaac_run     Net_Dbg_CM3_L.lib(net_ndp.o)
    0x0801561c   0x0801561c   0x00000004   Code   RO         2493    i.netCGI_Charset    Net_Dbg_CM3_L.lib(net_http_server.o)
    0x08015620   0x08015620   0x00000004   Code   RO         2494    i.netCGI_ContentType  Net_Dbg_CM3_L.lib(net_http_server.o)
    0x08015624   0x08015624   0x00000004   Code   RO         2495    i.netCGI_CustomHeader  Net_Dbg_CM3_L.lib(net_http_server.o)
    0x08015628   0x08015628   0x0000006c   Code   RO         2496    i.netCGI_GetEnvVar  Net_Dbg_CM3_L.lib(net_http_server.o)
    0x08015694   0x08015694   0x00000004   Code   RO         2499    i.netCGI_Redirect   Net_Dbg_CM3_L.lib(net_http_server.o)
    0x08015698   0x08015698   0x00000004   Code   RO         2501    i.netCGX_ContentType  Net_Dbg_CM3_L.lib(net_http_server.o)
    0x0801569c   0x0801569c   0x00000064   Code   RO         2680    i.netCore_Thread    Net_Dbg_CM3_L.lib(net_sys.o)
    0x08015700   0x08015700   0x00000002   Code   RO         2427    i.netDHCP6_Notify   Net_Dbg_CM3_L.lib(net_dhcp6_client.o)
    0x08015702   0x08015702   0x00000002   Code   RO         1899    i.netETH_Notify     Net_Dbg_CM3_L.lib(net_eth.o)
    0x08015704   0x08015704   0x00000002   Code   RO         1900    i.netETH_ReceiveRaw  Net_Dbg_CM3_L.lib(net_eth.o)
    0x08015706   0x08015706   0x00000072   Code   RO         1902    i.netETH_Thread     Net_Dbg_CM3_L.lib(net_eth.o)
    0x08015778   0x08015778   0x00000004   Code   RO         2502    i.netHTTPs_AcceptClient  Net_Dbg_CM3_L.lib(net_http_server.o)
    0x0801577c   0x0801577c   0x00000004   Code   RO         2608    i.netHTTPs_CheckAccount  Net_Dbg_CM3_L.lib(net_http_server_auth.o)
    0x08015780   0x08015780   0x00000004   Code   RO         2504    i.netHTTPs_FileAccess  Net_Dbg_CM3_L.lib(net_http_server.o)
    0x08015784   0x08015784   0x00000020   Code   RO         2507    i.netHTTPs_GetLanguage  Net_Dbg_CM3_L.lib(net_http_server.o)
    0x080157a4   0x080157a4   0x0000000c   Code   RO         2508    i.netHTTPs_GetPassword  Net_Dbg_CM3_L.lib(net_http_server.o)
    0x080157b0   0x080157b0   0x0000000c   Code   RO         2514    i.netHTTPs_LoginActive  Net_Dbg_CM3_L.lib(net_http_server.o)
    0x080157bc   0x080157bc   0x00000058   Code   RO         2517    i.netHTTPs_SetPassword  Net_Dbg_CM3_L.lib(net_http_server.o)
    0x08015814   0x08015814   0x00000088   Code   RO         2681    i.netIF_GetOption   Net_Dbg_CM3_L.lib(net_sys.o)
    0x0801589c   0x0801589c   0x00000084   Code   RO         2683    i.netIF_SetOption   Net_Dbg_CM3_L.lib(net_sys.o)
    0x08015920   0x08015920   0x0000001a   Code   RO         2733    i.netIP_aton        Net_Dbg_CM3_L.lib(net_addr.o)
    0x0801593a   0x0801593a   0x00000032   Code   RO         2734    i.netIP_ntoa        Net_Dbg_CM3_L.lib(net_addr.o)
    0x0801596c   0x0801596c   0x000000ac   Code   RO         2684    i.netInitialize     Net_Dbg_CM3_L.lib(net_sys.o)
    0x08015a18   0x08015a18   0x0000008c   Code   RO         2735    i.netMAC_aton       Net_Dbg_CM3_L.lib(net_addr.o)
    0x08015aa4   0x08015aa4   0x0000001c   Code   RO         2633    i.netSNTPc_GetTime  Net_Dbg_CM3_L.lib(net_sntp_client_core.o)
    0x08015ac0   0x08015ac0   0x00000004   Code   RO         2255    i.netTCP_GetLocalPort  Net_Dbg_CM3_L.lib(net_tcp.o)
    0x08015ac4   0x08015ac4   0x00000020   Code   RO         2257    i.netTCP_GetPeer    Net_Dbg_CM3_L.lib(net_tcp.o)
    0x08015ae4   0x08015ae4   0x00000004   Code   RO         2259    i.netTCP_GetState   Net_Dbg_CM3_L.lib(net_tcp.o)
    0x08015ae8   0x08015ae8   0x00000004   Code   RO         2260    i.netTCP_GetTimer   Net_Dbg_CM3_L.lib(net_tcp.o)
    0x08015aec   0x08015aec   0x0000007c   Code   RO         2737    i.net_addr4_aton    Net_Dbg_CM3_L.lib(net_addr.o)
    0x08015b68   0x08015b68   0x0000001e   Code   RO         2739    i.net_addr4_to_mac  Net_Dbg_CM3_L.lib(net_addr.o)
    0x08015b86   0x08015b86   0x00000002   PAD
    0x08015b88   0x08015b88   0x000000e6   Code   RO         2740    i.net_addr6_aton    Net_Dbg_CM3_L.lib(net_addr.o)
    0x08015c6e   0x08015c6e   0x00000028   Code   RO         2741    i.net_addr6_comp    Net_Dbg_CM3_L.lib(net_addr.o)
    0x08015c96   0x08015c96   0x00000012   Code   RO         2742    i.net_addr6_copy    Net_Dbg_CM3_L.lib(net_addr.o)
    0x08015ca8   0x08015ca8   0x0000004c   Code   RO         2743    i.net_addr6_create  Net_Dbg_CM3_L.lib(net_addr.o)
    0x08015cf4   0x08015cf4   0x00000028   Code   RO         2744    i.net_addr6_get_solicited  Net_Dbg_CM3_L.lib(net_addr.o)
    0x08015d1c   0x08015d1c   0x00000018   Code   RO         2745    i.net_addr6_is_linklocal  Net_Dbg_CM3_L.lib(net_addr.o)
    0x08015d34   0x08015d34   0x0000006e   Code   RO         2746    i.net_addr6_is_onlink  Net_Dbg_CM3_L.lib(net_addr.o)
    0x08015da2   0x08015da2   0x00000048   Code   RO         2747    i.net_addr6_is_solicited  Net_Dbg_CM3_L.lib(net_addr.o)
    0x08015dea   0x08015dea   0x00000018   Code   RO         2748    i.net_addr6_is_unspec  Net_Dbg_CM3_L.lib(net_addr.o)
    0x08015e02   0x08015e02   0x0000000e   Code   RO         2750    i.net_addr6_to_mac  Net_Dbg_CM3_L.lib(net_addr.o)
    0x08015e10   0x08015e10   0x0000002c   Code   RO         2751    i.net_addr_comp     Net_Dbg_CM3_L.lib(net_addr.o)
    0x08015e3c   0x08015e3c   0x00000026   Code   RO         2752    i.net_addr_copy     Net_Dbg_CM3_L.lib(net_addr.o)
    0x08015e62   0x08015e62   0x0000001a   Code   RO         2753    i.net_addr_find_route  Net_Dbg_CM3_L.lib(net_addr.o)
    0x08015e7c   0x08015e7c   0x00000020   Code   RO         2755    i.net_addr_get_local  Net_Dbg_CM3_L.lib(net_addr.o)
    0x08015e9c   0x08015e9c   0x00000022   Code   RO         2756    i.net_addr_is_unspec  Net_Dbg_CM3_L.lib(net_addr.o)
    0x08015ebe   0x08015ebe   0x00000002   PAD
    0x08015ec0   0x08015ec0   0x0000011c   Code   RO         1962    i.net_arp_cache_add  Net_Dbg_CM3_L.lib(net_arp.o)
    0x08015fdc   0x08015fdc   0x000000bc   Code   RO         1963    i.net_arp_cache_early  Net_Dbg_CM3_L.lib(net_arp.o)
    0x08016098   0x08016098   0x000000ec   Code   RO         1964    i.net_arp_cache_find  Net_Dbg_CM3_L.lib(net_arp.o)
    0x08016184   0x08016184   0x00000048   Code   RO         1965    i.net_arp_cache_init  Net_Dbg_CM3_L.lib(net_arp.o)
    0x080161cc   0x080161cc   0x0000001c   Code   RO         1966    i.net_arp_cache_run  Net_Dbg_CM3_L.lib(net_arp.o)
    0x080161e8   0x080161e8   0x00000078   Code   RO         1968    i.net_arp_enqueue   Net_Dbg_CM3_L.lib(net_arp.o)
    0x08016260   0x08016260   0x00000020   Code   RO         1970    i.net_arp_notify    Net_Dbg_CM3_L.lib(net_arp.o)
    0x08016280   0x08016280   0x00000012   Code   RO         1971    i.net_arp_probe     Net_Dbg_CM3_L.lib(net_arp.o)
    0x08016292   0x08016292   0x00000002   PAD
    0x08016294   0x08016294   0x00000224   Code   RO         1972    i.net_arp_process   Net_Dbg_CM3_L.lib(net_arp.o)
    0x080164b8   0x080164b8   0x00000042   Code   RO         2901    i.net_atoi          Net_Dbg_CM3_L.lib(net_common.o)
    0x080164fa   0x080164fa   0x00000002   PAD
    0x080164fc   0x080164fc   0x00000078   Code   RO         2967    i.net_base64_decode  Net_Dbg_CM3_L.lib(net_base64.o)
    0x08016574   0x08016574   0x00000030   Code   RO         2903    i.net_chksum_buf    Net_Dbg_CM3_L.lib(net_common.o)
    0x080165a4   0x080165a4   0x0000001e   Code   RO         2904    i.net_crc_buf       Net_Dbg_CM3_L.lib(net_common.o)
    0x080165c2   0x080165c2   0x00000002   PAD
    0x080165c4   0x080165c4   0x00000088   Code   RO         2428    i.net_dhcp6_client_init  Net_Dbg_CM3_L.lib(net_dhcp6_client.o)
    0x0801664c   0x0801664c   0x0000001c   Code   RO         2429    i.net_dhcp6_client_run  Net_Dbg_CM3_L.lib(net_dhcp6_client.o)
    0x08016668   0x08016668   0x00000094   Code   RO         2384    i.net_dhcp_client_init  Net_Dbg_CM3_L.lib(net_dhcp_client.o)
    0x080166fc   0x080166fc   0x0000001c   Code   RO         2385    i.net_dhcp_client_run  Net_Dbg_CM3_L.lib(net_dhcp_client.o)
    0x08016718   0x08016718   0x0000000e   Code   RO         1903    i.net_eth_callback  Net_Dbg_CM3_L.lib(net_eth.o)
    0x08016726   0x08016726   0x00000068   Code   RO         1904    i.net_eth_config_mcast  Net_Dbg_CM3_L.lib(net_eth.o)
    0x0801678e   0x0801678e   0x000000ea   Code   RO         1906    i.net_eth_get_option  Net_Dbg_CM3_L.lib(net_eth.o)
    0x08016878   0x08016878   0x0000001c   Code   RO         1907    i.net_eth_iface_init  Net_Dbg_CM3_L.lib(net_eth.o)
    0x08016894   0x08016894   0x0000001c   Code   RO         1908    i.net_eth_iface_run  Net_Dbg_CM3_L.lib(net_eth.o)
    0x080168b0   0x080168b0   0x000000a8   Code   RO         1910    i.net_eth_output    Net_Dbg_CM3_L.lib(net_eth.o)
    0x08016958   0x08016958   0x000001e0   Code   RO         1911    i.net_eth_send_frame  Net_Dbg_CM3_L.lib(net_eth.o)
    0x08016b38   0x08016b38   0x00000270   Code   RO         1912    i.net_eth_set_option  Net_Dbg_CM3_L.lib(net_eth.o)
    0x08016da8   0x08016da8   0x000000e8   Code   RO         2523    i.net_http_server_init  Net_Dbg_CM3_L.lib(net_http_server.o)
    0x08016e90   0x08016e90   0x00000028   Code   RO         2524    i.net_http_server_run  Net_Dbg_CM3_L.lib(net_http_server.o)
    0x08016eb8   0x08016eb8   0x00000018   Code   RO         2174    i.net_icmp6_init    Net_Dbg_CM3_L.lib(net_icmp6.o)
    0x08016ed0   0x08016ed0   0x00000238   Code   RO         2175    i.net_icmp6_process  Net_Dbg_CM3_L.lib(net_icmp6.o)
    0x08017108   0x08017108   0x00000084   Code   RO         2176    i.net_icmp6_send    Net_Dbg_CM3_L.lib(net_icmp6.o)
    0x0801718c   0x0801718c   0x00000058   Code   RO         2177    i.net_icmp6_send_echo  Net_Dbg_CM3_L.lib(net_icmp6.o)
    0x080171e4   0x080171e4   0x00000018   Code   RO         2154    i.net_icmp_init     Net_Dbg_CM3_L.lib(net_icmp.o)
    0x080171fc   0x080171fc   0x000001c8   Code   RO         2155    i.net_icmp_process  Net_Dbg_CM3_L.lib(net_icmp.o)
    0x080173c4   0x080173c4   0x000000a0   Code   RO         2156    i.net_icmp_send_echo  Net_Dbg_CM3_L.lib(net_icmp.o)
    0x08017464   0x08017464   0x0000000c   Code   RO         2688    i.net_if_map_all    Net_Dbg_CM3_L.lib(net_sys.o)
    0x08017470   0x08017470   0x0000006c   Code   RO         2017    i.net_igmp_collect_mcast  Net_Dbg_CM3_L.lib(net_igmp.o)
    0x080174dc   0x080174dc   0x00000048   Code   RO         2018    i.net_igmp_host_init  Net_Dbg_CM3_L.lib(net_igmp.o)
    0x08017524   0x08017524   0x0000001c   Code   RO         2019    i.net_igmp_host_run  Net_Dbg_CM3_L.lib(net_igmp.o)
    0x08017540   0x08017540   0x00000020   Code   RO         2021    i.net_igmp_is_member  Net_Dbg_CM3_L.lib(net_igmp.o)
    0x08017560   0x08017560   0x000001ac   Code   RO         2022    i.net_igmp_process  Net_Dbg_CM3_L.lib(net_igmp.o)
    0x0801770c   0x0801770c   0x0000018c   Code   RO         2799    i.net_ip4_chk_frame  Net_Dbg_CM3_L.lib(net_ip4.o)
    0x08017898   0x08017898   0x0000002c   Code   RO         2800    i.net_ip4_chksum    Net_Dbg_CM3_L.lib(net_ip4.o)
    0x080178c4   0x080178c4   0x00000006   Code   RO         2801    i.net_ip4_chksum_buf  Net_Dbg_CM3_L.lib(net_ip4.o)
    0x080178ca   0x080178ca   0x00000002   PAD
    0x080178cc   0x080178cc   0x00000080   Code   RO         2803    i.net_ip4_find_route  Net_Dbg_CM3_L.lib(net_ip4.o)
    0x0801794c   0x0801794c   0x00000124   Code   RO         2133    i.net_ip4_frag_add  Net_Dbg_CM3_L.lib(net_ip4_frag.o)
    0x08017a70   0x08017a70   0x000000ac   Code   RO         2134    i.net_ip4_frag_get  Net_Dbg_CM3_L.lib(net_ip4_frag.o)
    0x08017b1c   0x08017b1c   0x00000010   Code   RO         2135    i.net_ip4_frag_init  Net_Dbg_CM3_L.lib(net_ip4_frag.o)
    0x08017b2c   0x08017b2c   0x0000003c   Code   RO         2136    i.net_ip4_frag_run  Net_Dbg_CM3_L.lib(net_ip4_frag.o)
    0x08017b68   0x08017b68   0x0000002c   Code   RO         2804    i.net_ip4_get_local  Net_Dbg_CM3_L.lib(net_ip4.o)
    0x08017b94   0x08017b94   0x00000024   Code   RO         2805    i.net_ip4_init      Net_Dbg_CM3_L.lib(net_ip4.o)
    0x08017bb8   0x08017bb8   0x00000020   Code   RO         2806    i.net_ip4_is_onlink  Net_Dbg_CM3_L.lib(net_ip4.o)
    0x08017bd8   0x08017bd8   0x00000026   Code   RO         2807    i.net_ip4_is_subcast  Net_Dbg_CM3_L.lib(net_ip4.o)
    0x08017bfe   0x08017bfe   0x0000000e   Code   RO         2808    i.net_ip4_reass_frame  Net_Dbg_CM3_L.lib(net_ip4.o)
    0x08017c0c   0x08017c0c   0x00000164   Code   RO         2809    i.net_ip4_send_frame  Net_Dbg_CM3_L.lib(net_ip4.o)
    0x08017d70   0x08017d70   0x0000002a   Code   RO         2811    i.net_ip4_tx_offl_hl  Net_Dbg_CM3_L.lib(net_ip4.o)
    0x08017d9a   0x08017d9a   0x00000002   PAD
    0x08017d9c   0x08017d9c   0x00000100   Code   RO         2837    i.net_ip6_chk_frame  Net_Dbg_CM3_L.lib(net_ip6.o)
    0x08017e9c   0x08017e9c   0x00000032   Code   RO         2838    i.net_ip6_chksum    Net_Dbg_CM3_L.lib(net_ip6.o)
    0x08017ece   0x08017ece   0x00000002   PAD
    0x08017ed0   0x08017ed0   0x0000007c   Code   RO         2839    i.net_ip6_collect_mcast  Net_Dbg_CM3_L.lib(net_ip6.o)
    0x08017f4c   0x08017f4c   0x00000048   Code   RO         2841    i.net_ip6_find_route  Net_Dbg_CM3_L.lib(net_ip6.o)
    0x08017f94   0x08017f94   0x00000054   Code   RO         2842    i.net_ip6_get_local  Net_Dbg_CM3_L.lib(net_ip6.o)
    0x08017fe8   0x08017fe8   0x0000001c   Code   RO         2843    i.net_ip6_init      Net_Dbg_CM3_L.lib(net_ip6.o)
    0x08018004   0x08018004   0x000000cc   Code   RO         2844    i.net_ip6_send_frame  Net_Dbg_CM3_L.lib(net_ip6.o)
    0x080180d0   0x080180d0   0x0000001e   Code   RO         2846    i.net_ip6_tx_offl_hl  Net_Dbg_CM3_L.lib(net_ip6.o)
    0x080180ee   0x080180ee   0x00000008   Code   RO         2905    i.net_itoa          Net_Dbg_CM3_L.lib(net_common.o)
    0x080180f6   0x080180f6   0x00000006   Code   RO         2907    i.net_itoa_n0       Net_Dbg_CM3_L.lib(net_common.o)
    0x080180fc   0x080180fc   0x00000030   Code   RO         2115    i.net_loop_iface_init  Net_Dbg_CM3_L.lib(net_loopback.o)
    0x0801812c   0x0801812c   0x000000bc   Code   RO         2116    i.net_loop_iface_run  Net_Dbg_CM3_L.lib(net_loopback.o)
    0x080181e8   0x080181e8   0x00000070   Code   RO         2118    i.net_loop_send_frame  Net_Dbg_CM3_L.lib(net_loopback.o)
    0x08018258   0x08018258   0x000000c0   Code   RO         2878    i.net_mem_alloc     Net_Dbg_CM3_L.lib(net_mem.o)
    0x08018318   0x08018318   0x0000001c   Code   RO         2879    i.net_mem_avail     Net_Dbg_CM3_L.lib(net_mem.o)
    0x08018334   0x08018334   0x000000a4   Code   RO         2880    i.net_mem_free      Net_Dbg_CM3_L.lib(net_mem.o)
    0x080183d8   0x080183d8   0x00000070   Code   RO         2881    i.net_mem_init      Net_Dbg_CM3_L.lib(net_mem.o)
    0x08018448   0x08018448   0x00000048   Code   RO         2882    i.net_mem_shrink    Net_Dbg_CM3_L.lib(net_mem.o)
    0x08018490   0x08018490   0x00000064   Code   RO         2461    i.net_nbns_client_init  Net_Dbg_CM3_L.lib(net_nbns_client.o)
    0x080184f4   0x080184f4   0x000001c4   Code   RO         2066    i.net_ndp_cache_find  Net_Dbg_CM3_L.lib(net_ndp.o)
    0x080186b8   0x080186b8   0x00000080   Code   RO         2067    i.net_ndp_cache_init  Net_Dbg_CM3_L.lib(net_ndp.o)
    0x08018738   0x08018738   0x00000078   Code   RO         2069    i.net_ndp_cache_refresh  Net_Dbg_CM3_L.lib(net_ndp.o)
    0x080187b0   0x080187b0   0x0000001c   Code   RO         2070    i.net_ndp_cache_run  Net_Dbg_CM3_L.lib(net_ndp.o)
    0x080187cc   0x080187cc   0x00000070   Code   RO         2072    i.net_ndp_enqueue   Net_Dbg_CM3_L.lib(net_ndp.o)
    0x0801883c   0x0801883c   0x00000374   Code   RO         2074    i.net_ndp_process   Net_Dbg_CM3_L.lib(net_ndp.o)
    0x08018bb0   0x08018bb0   0x00000038   Code   RO         2690    i.net_path          Net_Dbg_CM3_L.lib(net_sys.o)
    0x08018be8   0x08018be8   0x00000020   Code   RO         2661    i.net_ping_client_init  Net_Dbg_CM3_L.lib(net_ping_core.o)
    0x08018c08   0x08018c08   0x00000080   Code   RO         2662    i.net_ping_client_run  Net_Dbg_CM3_L.lib(net_ping_core.o)
    0x08018c88   0x08018c88   0x0000001c   Code   RO         2691    i.net_rand32        Net_Dbg_CM3_L.lib(net_sys.o)
    0x08018ca4   0x08018ca4   0x0000005c   Code   RO         2635    i.net_sntp_client_init  Net_Dbg_CM3_L.lib(net_sntp_client_core.o)
    0x08018d00   0x08018d00   0x00000058   Code   RO         2636    i.net_sntp_client_run  Net_Dbg_CM3_L.lib(net_sntp_client_core.o)
    0x08018d58   0x08018d58   0x00000148   Code   RO         2637    i.net_sntp_client_start  Net_Dbg_CM3_L.lib(net_sntp_client_core.o)
    0x08018ea0   0x08018ea0   0x0000002e   Code   RO         2908    i.net_strcasecmp    Net_Dbg_CM3_L.lib(net_common.o)
    0x08018ece   0x08018ece   0x00000016   Code   RO         2909    i.net_strchr        Net_Dbg_CM3_L.lib(net_common.o)
    0x08018ee4   0x08018ee4   0x0000001a   Code   RO         2910    i.net_strcmp        Net_Dbg_CM3_L.lib(net_common.o)
    0x08018efe   0x08018efe   0x00000012   Code   RO         2911    i.net_strcpy        Net_Dbg_CM3_L.lib(net_common.o)
    0x08018f10   0x08018f10   0x0000001c   Code   RO         2913    i.net_strnchr       Net_Dbg_CM3_L.lib(net_common.o)
    0x08018f2c   0x08018f2c   0x0000001a   Code   RO         2914    i.net_strncpy       Net_Dbg_CM3_L.lib(net_common.o)
    0x08018f46   0x08018f46   0x00000020   Code   RO         2915    i.net_strtoupper    Net_Dbg_CM3_L.lib(net_common.o)
    0x08018f66   0x08018f66   0x00000002   PAD
    0x08018f68   0x08018f68   0x0000000c   Code   RO         2692    i.net_sys_lock      Net_Dbg_CM3_L.lib(net_sys.o)
    0x08018f74   0x08018f74   0x00000016   Code   RO         2693    i.net_sys_resume    Net_Dbg_CM3_L.lib(net_sys.o)
    0x08018f8a   0x08018f8a   0x00000002   PAD
    0x08018f8c   0x08018f8c   0x00000014   Code   RO         2695    i.net_sys_tick      Net_Dbg_CM3_L.lib(net_sys.o)
    0x08018fa0   0x08018fa0   0x0000000c   Code   RO         2696    i.net_sys_unlock    Net_Dbg_CM3_L.lib(net_sys.o)
    0x08018fac   0x08018fac   0x00000020   Code   RO         2698    i.net_sys_wakeup    Net_Dbg_CM3_L.lib(net_sys.o)
    0x08018fcc   0x08018fcc   0x00000084   Code   RO         2267    i.net_tcp_abort     Net_Dbg_CM3_L.lib(net_tcp.o)
    0x08019050   0x08019050   0x000000e4   Code   RO         2270    i.net_tcp_close     Net_Dbg_CM3_L.lib(net_tcp.o)
    0x08019134   0x08019134   0x0000002e   Code   RO         2273    i.net_tcp_get_buf   Net_Dbg_CM3_L.lib(net_tcp.o)
    0x08019162   0x08019162   0x00000002   PAD
    0x08019164   0x08019164   0x00000034   Code   RO         2275    i.net_tcp_get_local_port  Net_Dbg_CM3_L.lib(net_tcp.o)
    0x08019198   0x08019198   0x00000028   Code   RO         2276    i.net_tcp_get_mss   Net_Dbg_CM3_L.lib(net_tcp.o)
    0x080191c0   0x080191c0   0x00000054   Code   RO         2278    i.net_tcp_get_peer  Net_Dbg_CM3_L.lib(net_tcp.o)
    0x08019214   0x08019214   0x00000070   Code   RO         2280    i.net_tcp_get_socket  Net_Dbg_CM3_L.lib(net_tcp.o)
    0x08019284   0x08019284   0x0000002c   Code   RO         2281    i.net_tcp_get_state  Net_Dbg_CM3_L.lib(net_tcp.o)
    0x080192b0   0x080192b0   0x00000034   Code   RO         2282    i.net_tcp_get_timer  Net_Dbg_CM3_L.lib(net_tcp.o)
    0x080192e4   0x080192e4   0x000000b0   Code   RO         2283    i.net_tcp_listen    Net_Dbg_CM3_L.lib(net_tcp.o)
    0x08019394   0x08019394   0x000007a8   Code   RO         2285    i.net_tcp_process   Net_Dbg_CM3_L.lib(net_tcp.o)
    0x08019b3c   0x08019b3c   0x0000015c   Code   RO         2289    i.net_tcp_send      Net_Dbg_CM3_L.lib(net_tcp.o)
    0x08019c98   0x08019c98   0x0000012c   Code   RO         2291    i.net_tcp_set_option  Net_Dbg_CM3_L.lib(net_tcp.o)
    0x08019dc4   0x08019dc4   0x00000028   Code   RO         2292    i.net_tcp_socket_init  Net_Dbg_CM3_L.lib(net_tcp.o)
    0x08019dec   0x08019dec   0x000003c0   Code   RO         2293    i.net_tcp_socket_run  Net_Dbg_CM3_L.lib(net_tcp.o)
    0x0801a1ac   0x0801a1ac   0x00000048   Code   RO         2201    i.net_udp_close     Net_Dbg_CM3_L.lib(net_udp.o)
    0x0801a1f4   0x0801a1f4   0x00000028   Code   RO         2202    i.net_udp_enable_lla  Net_Dbg_CM3_L.lib(net_udp.o)
    0x0801a21c   0x0801a21c   0x0000002e   Code   RO         2204    i.net_udp_get_buf   Net_Dbg_CM3_L.lib(net_udp.o)
    0x0801a24a   0x0801a24a   0x00000002   PAD
    0x0801a24c   0x0801a24c   0x00000070   Code   RO         2207    i.net_udp_get_socket  Net_Dbg_CM3_L.lib(net_udp.o)
    0x0801a2bc   0x0801a2bc   0x000000ac   Code   RO         2209    i.net_udp_open      Net_Dbg_CM3_L.lib(net_udp.o)
    0x0801a368   0x0801a368   0x00000158   Code   RO         2210    i.net_udp_process   Net_Dbg_CM3_L.lib(net_udp.o)
    0x0801a4c0   0x0801a4c0   0x00000012   Code   RO         2212    i.net_udp_send      Net_Dbg_CM3_L.lib(net_udp.o)
    0x0801a4d2   0x0801a4d2   0x00000002   PAD
    0x0801a4d4   0x0801a4d4   0x0000022c   Code   RO         2213    i.net_udp_send_if   Net_Dbg_CM3_L.lib(net_udp.o)
    0x0801a700   0x0801a700   0x00000024   Code   RO         2215    i.net_udp_socket_init  Net_Dbg_CM3_L.lib(net_udp.o)
    0x0801a724   0x0801a724   0x00000008   Code   RO         2916    i.net_ultoa         Net_Dbg_CM3_L.lib(net_common.o)
    0x0801a72c   0x0801a72c   0x00000030   Code   RO         2919    i.net_ultox         Net_Dbg_CM3_L.lib(net_common.o)
    0x0801a75c   0x0801a75c   0x0000004c   Code   RO         2920    i.net_xtoul         Net_Dbg_CM3_L.lib(net_common.o)
    0x0801a7a8   0x0801a7a8   0x0000001c   Code   RO         2665    i.ping_send_req     Net_Dbg_CM3_L.lib(net_ping_core.o)
    0x0801a7c4   0x0801a7c4   0x00000104   Code   RO         2431    i.proc_opt_ia_na    Net_Dbg_CM3_L.lib(net_dhcp6_client.o)
    0x0801a8c8   0x0801a8c8   0x000000f0   Code   RO         2387    i.proc_opt_renew    Net_Dbg_CM3_L.lib(net_dhcp_client.o)
    0x0801a9b8   0x0801a9b8   0x000001a4   Code   RO         2388    i.proc_opt_req      Net_Dbg_CM3_L.lib(net_dhcp_client.o)
    0x0801ab5c   0x0801ab5c   0x00000048   Code   RO         2389    i.proc_opt_sel      Net_Dbg_CM3_L.lib(net_dhcp_client.o)
    0x0801aba4   0x0801aba4   0x00000058   Code   RO         2527    i.proc_req_line     Net_Dbg_CM3_L.lib(net_http_server.o)
    0x0801abfc   0x0801abfc   0x0000001a   Code   RO         2138    i.que_free_list     Net_Dbg_CM3_L.lib(net_ip4_frag.o)
    0x0801ac16   0x0801ac16   0x000000a0   Code   RO         2528    i.read_script_line  Net_Dbg_CM3_L.lib(net_http_server.o)
    0x0801acb6   0x0801acb6   0x00000048   Code   RO         2529    i.search_delim      Net_Dbg_CM3_L.lib(net_http_server.o)
    0x0801acfe   0x0801acfe   0x00000070   Code   RO         2432    i.select_server     Net_Dbg_CM3_L.lib(net_dhcp6_client.o)
    0x0801ad6e   0x0801ad6e   0x00000002   PAD
    0x0801ad70   0x0801ad70   0x000000fc   Code   RO         2639    i.sntp_listener     Net_Dbg_CM3_L.lib(net_sntp_client_core.o)
    0x0801ae6c   0x0801ae6c   0x0000003c   Code   RO         2640    i.sntp_send_message  Net_Dbg_CM3_L.lib(net_sntp_client_core.o)
    0x0801aea8   0x0801aea8   0x00000018   Code   RO         2642    i.sntp_stop         Net_Dbg_CM3_L.lib(net_sntp_client_core.o)
    0x0801aec0   0x0801aec0   0x00000018   Code   RO         2699    i.sys_map_if        Net_Dbg_CM3_L.lib(net_sys.o)
    0x0801aed8   0x0801aed8   0x0000004c   Code   RO         2700    i.sys_proc_tick     Net_Dbg_CM3_L.lib(net_sys.o)
    0x0801af24   0x0801af24   0x00000110   Code   RO         2295    i.tcp_map_socket    Net_Dbg_CM3_L.lib(net_tcp.o)
    0x0801b034   0x0801b034   0x00000084   Code   RO         2296    i.tcp_parse_opt     Net_Dbg_CM3_L.lib(net_tcp.o)
    0x0801b0b8   0x0801b0b8   0x0000011c   Code   RO         2297    i.tcp_proc_acknr    Net_Dbg_CM3_L.lib(net_tcp.o)
    0x0801b1d4   0x0801b1d4   0x000000ac   Code   RO         2298    i.tcp_proc_dupack   Net_Dbg_CM3_L.lib(net_tcp.o)
    0x0801b280   0x0801b280   0x0000001a   Code   RO         2299    i.tcp_que_free      Net_Dbg_CM3_L.lib(net_tcp.o)
    0x0801b29a   0x0801b29a   0x0000001a   Code   RO         2300    i.tcp_que_init      Net_Dbg_CM3_L.lib(net_tcp.o)
    0x0801b2b4   0x0801b2b4   0x000000ac   Code   RO         2301    i.tcp_que_resend    Net_Dbg_CM3_L.lib(net_tcp.o)
    0x0801b360   0x0801b360   0x00000090   Code   RO         2302    i.tcp_send_ctrl     Net_Dbg_CM3_L.lib(net_tcp.o)
    0x0801b3f0   0x0801b3f0   0x0000007c   Code   RO         2303    i.tcp_send_data     Net_Dbg_CM3_L.lib(net_tcp.o)
    0x0801b46c   0x0801b46c   0x00000090   Code   RO         2304    i.tcp_send_reset    Net_Dbg_CM3_L.lib(net_tcp.o)
    0x0801b4fc   0x0801b4fc   0x00000044   Code   RO         2305    i.tcp_set_cwnd      Net_Dbg_CM3_L.lib(net_tcp.o)
    0x0801b540   0x0801b540   0x00000074   Code   RO         2306    i.tcp_transit       Net_Dbg_CM3_L.lib(net_tcp.o)
    0x0801b5b4   0x0801b5b4   0x0000010c   Code   RO         2307    i.tcp_write         Net_Dbg_CM3_L.lib(net_tcp.o)
    0x0801b6c0   0x0801b6c0   0x0000002c   Code   RO         2217    i.udp_port_in_use   Net_Dbg_CM3_L.lib(net_udp.o)
    0x0801b6ec   0x0801b6ec   0x00000044   Code   RO         2921    i.ul2str            Net_Dbg_CM3_L.lib(net_common.o)
    0x0801b730   0x0801b730   0x00000124   Code   RO         2530    i.utc_to_http       Net_Dbg_CM3_L.lib(net_http_server.o)
    0x0801b854   0x0801b854   0x00000024   Data   RO          168    .constdata          http_server.o
    0x0801b878   0x0801b878   0x00000004   Data   RO          264    .constdata          web.o
    0x0801b87c   0x0801b87c   0x00006bb1   Data   RO          265    .constdata          web.o
    0x0802242d   0x0802242d   0x00000003   PAD
    0x08022430   0x08022430   0x000000b0   Data   RO          266    .constdata          web.o
    0x080224e0   0x080224e0   0x00000960   Data   RO          310    .constdata          lcd.o
    0x08022e40   0x08022e40   0x00000024   Data   RO          758    .constdata          rtx_lib.o
    0x08022e64   0x08022e64   0x00000024   Data   RO          759    .constdata          rtx_lib.o
    0x08022e88   0x08022e88   0x00000018   Data   RO          760    .constdata          rtx_lib.o
    0x08022ea0   0x08022ea0   0x00000004   Data   RO          762    .constdata          rtx_lib.o
    0x08022ea4   0x08022ea4   0x00000004   Data   RO         1103    .constdata          phy_lan8742a.o
    0x08022ea8   0x08022ea8   0x00000020   Data   RO         1104    .constdata          phy_lan8742a.o
    0x08022ec8   0x08022ec8   0x00000050   Data   RO         1131    .constdata          emac_stm32f4xx.o
    0x08022f18   0x08022f18   0x00000044   Data   RO         1132    .constdata          emac_stm32f4xx.o
    0x08022f5c   0x08022f5c   0x00000034   Data   RO         1174    .constdata          spi_stm32f4xx.o
    0x08022f90   0x08022f90   0x00000010   Data   RO         1175    .constdata          spi_stm32f4xx.o
    0x08022fa0   0x08022fa0   0x00000010   Data   RO         1176    .constdata          spi_stm32f4xx.o
    0x08022fb0   0x08022fb0   0x0000002c   Data   RO         1177    .constdata          spi_stm32f4xx.o
    0x08022fdc   0x08022fdc   0x00000018   Data   RO         1213    .constdata          eventrecorder.o
    0x08022ff4   0x08022ff4   0x00000008   Data   RO         1381    .constdata          stm32f4xx_hal_dma.o
    0x08022ffc   0x08022ffc   0x00000010   Data   RO         1725    .constdata          system_stm32f4xx_1.o
    0x0802300c   0x0802300c   0x00000008   Data   RO         1726    .constdata          system_stm32f4xx_1.o
    0x08023014   0x08023014   0x000000a8   Data   RO         1772    .constdata          net_config.o
    0x080230bc   0x080230bc   0x0000001c   Data   RO         1773    .constdata          net_config.o
    0x080230d8   0x080230d8   0x00000014   Data   RO         1774    .constdata          net_config.o
    0x080230ec   0x080230ec   0x0000000c   Data   RO         1775    .constdata          net_config.o
    0x080230f8   0x080230f8   0x00000010   Data   RO         1776    .constdata          net_config.o
    0x08023108   0x08023108   0x00000010   Data   RO         1777    .constdata          net_config.o
    0x08023118   0x08023118   0x00000028   Data   RO         1778    .constdata          net_config.o
    0x08023140   0x08023140   0x00000010   Data   RO         1779    .constdata          net_config.o
    0x08023150   0x08023150   0x0000000c   Data   RO         1780    .constdata          net_config.o
    0x0802315c   0x0802315c   0x00000014   Data   RO         1781    .constdata          net_config.o
    0x08023170   0x08023170   0x00000020   Data   RO         1782    .constdata          net_config.o
    0x08023190   0x08023190   0x0000002c   Data   RO         1783    .constdata          net_config.o
    0x080231bc   0x080231bc   0x00000008   Data   RO         1784    .constdata          net_config.o
    0x080231c4   0x080231c4   0x00000008   Data   RO         1785    .constdata          net_config.o
    0x080231cc   0x080231cc   0x00000008   Data   RO         1786    .constdata          net_config.o
    0x080231d4   0x080231d4   0x00000008   Data   RO         1787    .constdata          net_config.o
    0x080231dc   0x080231dc   0x00000008   Data   RO         1788    .constdata          net_config.o
    0x080231e4   0x080231e4   0x00000008   Data   RO         1789    .constdata          net_config.o
    0x080231ec   0x080231ec   0x00000008   Data   RO         1790    .constdata          net_config.o
    0x080231f4   0x080231f4   0x00000008   Data   RO         1791    .constdata          net_config.o
    0x080231fc   0x080231fc   0x00000008   Data   RO         1792    .constdata          net_config.o
    0x08023204   0x08023204   0x00000008   Data   RO         1793    .constdata          net_config.o
    0x0802320c   0x0802320c   0x00000008   Data   RO         1794    .constdata          net_config.o
    0x08023214   0x08023214   0x00000008   Data   RO         1795    .constdata          net_config.o
    0x0802321c   0x0802321c   0x00000008   Data   RO         1796    .constdata          net_config.o
    0x08023224   0x08023224   0x0000000c   Data   RO         1797    .constdata          net_config.o
    0x08023230   0x08023230   0x00000018   Data   RO         1798    .constdata          net_config.o
    0x08023248   0x08023248   0x00000034   Data   RO         1799    .constdata          net_config.o
    0x0802327c   0x0802327c   0x00000008   Data   RO         1800    .constdata          net_config.o
    0x08023284   0x08023284   0x0000003c   Data   RO         1801    .constdata          net_config.o
    0x080232c0   0x080232c0   0x00000034   Data   RO         1802    .constdata          net_config.o
    0x080232f4   0x080232f4   0x00000010   Data   RO         1804    .constdata          net_config.o
    0x08023304   0x08023304   0x00000010   Data   RO         1805    .constdata          net_config.o
    0x08023314   0x08023314   0x00000008   Data   RO         2023    .constdata          Net_Dbg_CM3_L.lib(net_igmp.o)
    0x0802331c   0x0802331c   0x0000002c   Data   RO         2119    .constdata          Net_Dbg_CM3_L.lib(net_loopback.o)
    0x08023348   0x08023348   0x0000000c   Data   RO         2120    .constdata          Net_Dbg_CM3_L.lib(net_loopback.o)
    0x08023354   0x08023354   0x00000010   Data   RO         2437    .constdata          Net_Dbg_CM3_L.lib(net_dhcp6_client.o)
    0x08023364   0x08023364   0x00000008   Data   RO         2463    .constdata          Net_Dbg_CM3_L.lib(net_nbns_client.o)
    0x0802336c   0x0802336c   0x000000fa   Data   RO         2532    .constdata          Net_Dbg_CM3_L.lib(net_http_server.o)
    0x08023466   0x08023466   0x00000002   PAD
    0x08023468   0x08023468   0x00000018   Data   RO         2611    .constdata          Net_Dbg_CM3_L.lib(net_http_server_auth.o)
    0x08023480   0x08023480   0x00000012   Data   RO         2667    .constdata          Net_Dbg_CM3_L.lib(net_ping_core.o)
    0x08023492   0x08023492   0x00000010   Data   RO         2760    .constdata          Net_Dbg_CM3_L.lib(net_addr.o)
    0x080234a2   0x080234a2   0x00000006   Data   RO         2761    .constdata          Net_Dbg_CM3_L.lib(net_addr.o)
    0x080234a8   0x080234a8   0x00000004   Data   RO         2813    .constdata          Net_Dbg_CM3_L.lib(net_ip4.o)
    0x080234ac   0x080234ac   0x00000020   Data   RO         2848    .constdata          Net_Dbg_CM3_L.lib(net_ip6.o)
    0x080234cc   0x080234cc   0x00000010   Data   RO         2849    .constdata          Net_Dbg_CM3_L.lib(net_ip6.o)
    0x080234dc   0x080234dc   0x00000018   Data   RO         2868    .constdata          Net_Dbg_CM3_L.lib(net_http_server_err.o)
    0x080234f4   0x080234f4   0x00000010   Data   RO         2922    .constdata          Net_Dbg_CM3_L.lib(net_common.o)
    0x08023504   0x08023504   0x00000090   Data   RO         2969    .constdata          Net_Dbg_CM3_L.lib(net_base64.o)
    0x08023594   0x08023594   0x00000004   Data   RO         2978    .constdata          Net_Dbg_CM3_L.lib(net_version.o)
    0x08023598   0x08023598   0x0000000c   Data   RO         2998    .constdata          mc_w.l(localtime.o)
    0x080235a4   0x080235a4   0x00000056   Data   RO         3001    .constdata          mc_w.l(strftime.o)
    0x080235fa   0x080235fa   0x00000002   PAD
    0x080235fc   0x080235fc   0x000000da   Data   RO          226    .conststring        http_server_cgi.o
    0x080236d6   0x080236d6   0x00000002   PAD
    0x080236d8   0x080236d8   0x00000078   Data   RO         1806    .conststring        net_config.o
    0x08023750   0x08023750   0x0000000d   Data   RO         1807    .conststring        net_config.o
    0x0802375d   0x0802375d   0x00000003   PAD
    0x08023760   0x08023760   0x00000001   Data   RO         1808    .conststring        net_config.o
    0x08023761   0x08023761   0x00000003   PAD
    0x08023764   0x08023764   0x00000040   Data   RO         1809    .conststring        net_config.o
    0x080237a4   0x080237a4   0x0000003d   Data   RO         1810    .conststring        net_config.o
    0x080237e1   0x080237e1   0x00000003   PAD
    0x080237e4   0x080237e4   0x0000001c   Data   RO         1811    .conststring        net_config.o
    0x08023800   0x08023800   0x0000000f   Data   RO         1812    .conststring        net_config.o
    0x0802380f   0x0802380f   0x00000001   PAD
    0x08023810   0x08023810   0x00000203   Data   RO         2869    .conststring        Net_Dbg_CM3_L.lib(net_http_server_err.o)
    0x08023a13   0x08023a13   0x00000001   PAD
    0x08023a14   0x08023a14   0x0000000b   Data   RO          702    .conststrlit        rtx_kernel.o
    0x08023a1f   0x08023a1f   0x00000001   PAD
    0x08023a20   0x08023a20   0x000000a8   Data   RO          763    .rodata             rtx_lib.o
    0x08023ac8   0x08023ac8   0x00000030   Data   RO         3334    Region$$Table       anon$$obj.o


    Execution Region RW_IRAM2 (Exec base: 0x10000000, Load base: 0x08023c38, Size: 0x000004a4, Max: 0x00010000, ABSOLUTE)

    Exec Addr    Load Addr    Size         Type   Attr      Idx    E Section Name        Object

    0x10000000        -       0x000004a4   Zero   RW         1212    .bss.noinit         eventrecorder.o


    Execution Region RW_IRAM1 (Exec base: 0x20000000, Load base: 0x08023af8, Size: 0x0000f910, Max: 0x00030000, ABSOLUTE, COMPRESSED[0x00000140])

    Exec Addr    Load Addr    Size         Type   Attr      Idx    E Section Name        Object

    0x20000000   COMPRESSED   0x00008000   Data   RW          750    .bss.os             rtx_lib.o
    0x20008000   COMPRESSED   0x00000040   Data   RW          751    .bss.os             rtx_lib.o
    0x20008040   COMPRESSED   0x00000001   Data   RW         1055    .bss.os             os_systick.o
    0x20008041   COMPRESSED   0x00000003   PAD
    0x20008044   COMPRESSED   0x00000034   Data   RW          752    .bss.os.msgqueue.cb  rtx_lib.o
    0x20008078   COMPRESSED   0x00000050   Data   RW          753    .bss.os.msgqueue.mem  rtx_lib.o
    0x200080c8   COMPRESSED   0x0000001c   Data   RW         1766    .bss.os.mutex.cb    net_config.o
    0x200080e4   COMPRESSED   0x0000001c   Data   RW         1767    .bss.os.mutex.cb    net_config.o
    0x20008100   COMPRESSED   0x00000010   Data   RW         1768    .bss.os.semaphore.cb  net_config.o
    0x20008110   COMPRESSED   0x00000044   Data   RW          754    .bss.os.thread.cb   rtx_lib.o
    0x20008154   COMPRESSED   0x00000044   Data   RW          755    .bss.os.thread.cb   rtx_lib.o
    0x20008198   COMPRESSED   0x00000044   Data   RW         1769    .bss.os.thread.cb   net_config.o
    0x200081dc   COMPRESSED   0x00000044   Data   RW         1770    .bss.os.thread.cb   net_config.o
    0x20008220   COMPRESSED   0x00000200   Data   RW          756    .bss.os.thread.idle.stack  rtx_lib.o
    0x20008420   COMPRESSED   0x00000200   Data   RW          757    .bss.os.thread.timer.stack  rtx_lib.o
    0x20008620   COMPRESSED   0x00000020   Data   RW         1771    .bss.os.timer.cb    net_config.o
    0x20008640   COMPRESSED   0x00000004   Data   RW            6    .data               main.o
    0x20008644   COMPRESSED   0x0000002e   Data   RW          169    .data               http_server.o
    0x20008672   COMPRESSED   0x00000001   Data   RW          170    .data               http_server.o
    0x20008673   COMPRESSED   0x00000001   PAD
    0x20008674   COMPRESSED   0x00000008   Data   RW          227    .data               http_server_cgi.o
    0x2000867c   COMPRESSED   0x00000010   Data   RW          311    .data               lcd.o
    0x2000868c   COMPRESSED   0x00000014   Data   RW          376    .data               rtc.o
    0x200086a0   COMPRESSED   0x00000004   Data   RW          438    .data               thlcd.o
    0x200086a4   COMPRESSED   0x00000004   Data   RW          492    .data               thalarm.o
    0x200086a8   COMPRESSED   0x00000004   Data   RW         1243    .data               retarget_io.o
    0x200086ac   COMPRESSED   0x0000000c   Data   RW         1275    .data               stm32f4xx_hal.o
    0x200086b8   COMPRESSED   0x00000004   Data   RW         1727    .data               system_stm32f4xx_1.o
    0x200086bc   COMPRESSED   0x00000004   Data   RW         1813    .data               net_config.o
    0x200086c0   COMPRESSED   0x00000006   Data   RW         1814    .data               net_config.o
    0x200086c6   COMPRESSED   0x00000004   Data   RW         1815    .data               net_config.o
    0x200086ca   COMPRESSED   0x00000004   Data   RW         2024    .data               Net_Dbg_CM3_L.lib(net_igmp.o)
    0x200086ce   COMPRESSED   0x00000002   PAD
    0x200086d0   COMPRESSED   0x00000004   Data   RW         2121    .data               Net_Dbg_CM3_L.lib(net_loopback.o)
    0x200086d4   COMPRESSED   0x00000004   Data   RW         2139    .data               Net_Dbg_CM3_L.lib(net_ip4_frag.o)
    0x200086d8   COMPRESSED   0x00000001   Data   RW         2157    .data               Net_Dbg_CM3_L.lib(net_icmp.o)
    0x200086d9   COMPRESSED   0x00000001   Data   RW         2178    .data               Net_Dbg_CM3_L.lib(net_icmp6.o)
    0x200086da   COMPRESSED   0x00000002   Data   RW         2219    .data               Net_Dbg_CM3_L.lib(net_udp.o)
    0x200086dc   COMPRESSED   0x00000004   Data   RW         2310    .data               Net_Dbg_CM3_L.lib(net_tcp.o)
    0x200086e0   COMPRESSED   0x00000002   Data   RW         2395    .data               Net_Dbg_CM3_L.lib(net_dhcp_client.o)
    0x200086e2   COMPRESSED   0x00000002   Data   RW         2438    .data               Net_Dbg_CM3_L.lib(net_dhcp6_client.o)
    0x200086e4   COMPRESSED   0x00000001   Data   RW         2464    .data               Net_Dbg_CM3_L.lib(net_nbns_client.o)
    0x200086e5   COMPRESSED   0x00000003   PAD
    0x200086e8   COMPRESSED   0x0000000c   Data   RW         2533    .data               Net_Dbg_CM3_L.lib(net_http_server.o)
    0x200086f4   COMPRESSED   0x00000008   Data   RW         2814    .data               Net_Dbg_CM3_L.lib(net_ip4.o)
    0x200086fc   COMPRESSED   0x00000004   Data   RW         2850    .data               Net_Dbg_CM3_L.lib(net_ip6.o)
    0x20008700   COMPRESSED   0x00000004   Data   RW         2992    .data               mc_w.l(stdout.o)
    0x20008704   COMPRESSED   0x00000004   Data   RW         2993    .data               mc_w.l(stderr.o)
    0x20008708   COMPRESSED   0x000000a4   Data   RW          703    .data.os            rtx_kernel.o
    0x200087ac        -       0x00000048   Zero   RW            5    .bss                main.o
    0x200087f4        -       0x00000068   Zero   RW          166    .bss                http_server.o
    0x2000885c   COMPRESSED   0x00000004   PAD
    0x20008860        -       0x00000400   Zero   RW          167    .bss                http_server.o
    0x20008c60        -       0x00000074   Zero   RW          225    .bss                http_server_cgi.o
    0x20008cd4        -       0x0000003c   Zero   RW          284    .bss                configuracion.o
    0x20008d10        -       0x00000254   Zero   RW          309    .bss                lcd.o
    0x20008f64        -       0x0000005c   Zero   RW          375    .bss                rtc.o
    0x20008fc0        -       0x0000000c   Zero   RW         1102    .bss                phy_lan8742a.o
    0x20008fcc        -       0x000024cc   Zero   RW         1130    .bss                emac_stm32f4xx.o
    0x2000b498        -       0x00000010   Zero   RW         1172    .bss                spi_stm32f4xx.o
    0x2000b4a8        -       0x0000001c   Zero   RW         1173    .bss                spi_stm32f4xx.o
    0x2000b4c4   COMPRESSED   0x00000004   PAD
    0x2000b4c8        -       0x00000400   Zero   RW         1754    .bss                net_config.o
    0x2000b8c8        -       0x00000400   Zero   RW         1755    .bss                net_config.o
    0x2000bcc8        -       0x00002ee0   Zero   RW         1756    .bss                net_config.o
    0x2000eba8        -       0x000000c8   Zero   RW         1757    .bss                net_config.o
    0x2000ec70        -       0x00000028   Zero   RW         1758    .bss                net_config.o
    0x2000ec98        -       0x00000018   Zero   RW         1759    .bss                net_config.o
    0x2000ecb0        -       0x000000a0   Zero   RW         1760    .bss                net_config.o
    0x2000ed50        -       0x00000064   Zero   RW         1761    .bss                net_config.o
    0x2000edb4        -       0x00000028   Zero   RW         1762    .bss                net_config.o
    0x2000eddc        -       0x00000050   Zero   RW         1763    .bss                net_config.o
    0x2000ee2c        -       0x00000228   Zero   RW         1764    .bss                net_config.o
    0x2000f054        -       0x00000150   Zero   RW         1765    .bss                net_config.o
    0x2000f1a4        -       0x000000a0   Zero   RW         1913    .bss                Net_Dbg_CM3_L.lib(net_eth.o)
    0x2000f244        -       0x00000018   Zero   RW         1973    .bss                Net_Dbg_CM3_L.lib(net_arp.o)
    0x2000f25c        -       0x00000044   Zero   RW         2075    .bss                Net_Dbg_CM3_L.lib(net_ndp.o)
    0x2000f2a0        -       0x0000001c   Zero   RW         2218    .bss                Net_Dbg_CM3_L.lib(net_udp.o)
    0x2000f2bc        -       0x00000028   Zero   RW         2391    .bss                Net_Dbg_CM3_L.lib(net_dhcp_client.o)
    0x2000f2e4        -       0x00000044   Zero   RW         2433    .bss                Net_Dbg_CM3_L.lib(net_dhcp6_client.o)
    0x2000f328        -       0x00000098   Zero   RW         2531    .bss                Net_Dbg_CM3_L.lib(net_http_server.o)
    0x2000f3c0        -       0x0000002c   Zero   RW         2643    .bss                Net_Dbg_CM3_L.lib(net_sntp_client_core.o)
    0x2000f3ec        -       0x0000002c   Zero   RW         2666    .bss                Net_Dbg_CM3_L.lib(net_ping_core.o)
    0x2000f418        -       0x00000038   Zero   RW         2701    .bss                Net_Dbg_CM3_L.lib(net_sys.o)
    0x2000f450        -       0x00000024   Zero   RW         2702    .bss                Net_Dbg_CM3_L.lib(net_sys.o)
    0x2000f474        -       0x0000005c   Zero   RW         2759    .bss                Net_Dbg_CM3_L.lib(net_addr.o)
    0x2000f4d0        -       0x00000014   Zero   RW         2884    .bss                Net_Dbg_CM3_L.lib(net_mem.o)
    0x2000f4e4        -       0x0000002c   Zero   RW         2997    .bss                mc_w.l(localtime.o)
    0x2000f510        -       0x00000400   Zero   RW         1714    STACK               startup_stm32f429xx.o


==============================================================================

Image component sizes


      Code (inc. data)   RO Data    RW Data    ZI Data      Debug   Object Name

       216         12          0          0          0       1864   adc.o
       340         24          0          0         60       1621   configuracion.o
      2536        156        148          0       9420      47678   emac_stm32f4xx.o
      1452         40         24          0       1188      17500   eventrecorder.o
       216         22         36         47       1128      11166   http_server.o
      2008        358        218          8        116       8410   http_server_cgi.o
       148          8          0          0          0        676   irq_armv7m.o
       960         36       2400         16        596       9157   lcd.o
       364         36          0          4         72     799769   main.o
       336         26       1070        254      15580      31680   net_config.o
       338          0          0          0          0        890   net_debug.o
       196         12          0          1          0       1992   os_systick.o
       428         10         36          0         12       6970   phy_lan8742a.o
       240         60          0          4          0       4151   retarget_io.o
       764        224          0         20         92       3711   rtc.o
         4          0          0          0          0        635   rtx_config.o
       260         14          0          0          0      17930   rtx_delay.o
      2392         88          0          0          0      45217   rtx_evr.o
      1740         96         11        164          0      28084   rtx_kernel.o
        24          0        268      34124          0       9883   rtx_lib.o
       292          0          0          0          0       3847   rtx_memory.o
      1984         48          0          0          0      15280   rtx_mempool.o
      2820         58          0          0          0      23800   rtx_msgqueue.o
      1368         30          0          0          0      10178   rtx_mutex.o
      1432         34          0          0          0      12008   rtx_semaphore.o
       668         18          0          0          0       8585   rtx_system.o
      4892        124          0          0          0      33737   rtx_thread.o
      1152         34          0          0          0      10285   rtx_timer.o
       340        168          0          0          0       2070   sntp.o
      3164         98        128          0         44      44963   spi_stm32f4xx.o
        36          8        428          0       1024        872   startup_stm32f429xx.o
       456         38          0         12          0      11471   stm32f4xx_hal.o
      2744         92          0          0          0       8855   stm32f4xx_hal_adc.o
      1828         42          0          0          0       6570   stm32f4xx_hal_adc_ex.o
       664         10          0          0          0      36162   stm32f4xx_hal_cortex.o
      1816         28          8          0          0       7669   stm32f4xx_hal_dma.o
       868         54          0          0          0       4023   stm32f4xx_hal_gpio.o
       376         20          0          0          0       3651   stm32f4xx_hal_pwr.o
      1888         66          0          0          0       6175   stm32f4xx_hal_rcc.o
      1508         80          0          0          0       4733   stm32f4xx_hal_rcc_ex.o
      2416         24          0          0          0       8737   stm32f4xx_hal_rtc.o
      2828         22          0          0          0      13729   stm32f4xx_hal_rtc_ex.o
      9170        166          0          0          0      37672   stm32f4xx_hal_tim.o
      2992         62          0          0          0      13696   stm32f4xx_hal_tim_ex.o
        52          0          0          0          0       1295   stm32f4xx_it.o
       148         20         24          4          0       1905   system_stm32f4xx_1.o
       100         14          0          4          0        977   thalarm.o
        96          4          0          4          0        987   thlcd.o
       120         10      27749          0          0       1844   web.o

    ----------------------------------------------------------------------
     63182       2594      32612      34670      29340    1384760   Object Totals
         0          0         48          0          0          0   (incl. Generated)
         2          0         16          4          8          0   (incl. Padding)

    ----------------------------------------------------------------------

      Code (inc. data)   RO Data    RW Data    ZI Data      Debug   Library Member Name

      1458         18         22          0         92       1624   net_addr.o
      2892        144          0          0         24       1616   net_arp.o
       120          6        144          0          0         84   net_base64.o
       622         10         16          0          0       1340   net_common.o
      3454        144         16          2         68        944   net_dhcp6_client.o
      3766        164          0          2         40        888   net_dhcp_client.o
      3664        138          0          0        160       1600   net_eth.o
      6834       1268        250         12        152       2852   net_http_server.o
       266         66         24          0          0        368   net_http_server_auth.o
         0          0        539          0          0          0   net_http_server_err.o
       640         48          0          1          0        236   net_icmp.o
       812         60          0          1          0        332   net_icmp6.o
       972         46          8          4          0        680   net_igmp.o
      1188         82          4          8          0        956   net_ip4.o
       690         30          0          4          0        476   net_ip4_frag.o
       848         72         48          4          0        644   net_ip6.o
       348         28         56          4          0        256   net_loopback.o
       592         64          0          0         20        564   net_mem.o
       520         44          8          1          0        188   net_nbns_client.o
      4150        176          0          0         68       1848   net_ndp.o
       188         32         18          0         44        220   net_ping_core.o
       872         70          0          0         44        584   net_sntp_client_core.o
       834         84          0          0         92       1012   net_sys.o
      6566        282          0          4          0       2728   net_tcp.o
      1440         86          0          2         28        840   net_udp.o
         0          0          4          0          0          0   net_version.o
        86          0          0          0          0          0   __dczerorl2.o
         0          0          0          0          0          0   entry.o
         0          0          0          0          0          0   entry10a.o
         0          0          0          0          0          0   entry11a.o
         4          0          0          0          0          0   entry12b.o
         8          4          0          0          0          0   entry2.o
         4          0          0          0          0          0   entry5.o
         0          0          0          0          0          0   entry7b.o
         0          0          0          0          0          0   entry8b.o
         8          4          0          0          0          0   entry9a.o
        24          0          0          0          0         80   fputs.o
        30          0          0          0          0          0   handlers.o
        36          8          0          0          0         68   init.o
         0          0          0          0          0          0   iusefp.o
        30          0          0          0          0         68   llshl.o
        36          0          0          0          0         68   llsshr.o
        32          0          0          0          0         68   llushr.o
       148         10         12          0         44         76   localtime.o
        26          0          0          0          0         80   memcmp.o
        36          0          0          0          0         68   memcpya.o
        36          0          0          0          0        108   memseta.o
      2268         96          0          0          0        616   printfa.o
         0          0          0          4          0          0   stderr.o
         0          0          0          4          0          0   stdout.o
        24          0          0          0          0         68   strcat.o
        28          0          0          0          0         76   strcmp.o
        18          0          0          0          0         68   strcpy.o
       916        264         86          0          0        144   strftime.o
        14          0          0          0          0         68   strlen.o
        30          0          0          0          0         80   strncmp.o
        44          0          0          0          0         80   uidiv.o
        98          0          0          0          0         92   uldiv.o
        48          0          0          0          0         68   cdrcmple.o
       334          0          0          0          0        148   dadd.o
       222          0          0          0          0        100   ddiv.o
       186          0          0          0          0        176   depilogue.o
        48          0          0          0          0         68   dfixul.o
       228          0          0          0          0         96   dmul.o
        38          0          0          0          0         68   f2d.o
       110          0          0          0          0        168   fepilogue.o
        10          0          0          0          0         68   ffltui.o
       100          0          0          0          0         76   fmul.o
        24          0          0          0          0         68   fscalb.o

    ----------------------------------------------------------------------
     49114       3548       1260         62        876      25960   Library Totals
        46          0          5          5          0          0   (incl. Padding)

    ----------------------------------------------------------------------

      Code (inc. data)   RO Data    RW Data    ZI Data      Debug   Library Name

     43736       3162       1157         49        832      22880   Net_Dbg_CM3_L.lib
      3984        386         98          8         44       1976   mc_w.l
      1348          0          0          0          0       1104   mf_w.l

    ----------------------------------------------------------------------
     49114       3548       1260         62        876      25960   Library Totals

    ----------------------------------------------------------------------

==============================================================================


      Code (inc. data)   RO Data    RW Data    ZI Data      Debug   

    112296       6142      33872      34732      30216    1390256   Grand Totals
    112296       6142      33872        320      30216    1390256   ELF Image Totals (compressed)
    112296       6142      33872        320          0          0   ROM Totals

==============================================================================

    Total RO  Size (Code + RO Data)               146168 ( 142.74kB)
    Total RW  Size (RW Data + ZI Data)             64948 (  63.43kB)
    Total ROM Size (Code + RO Data + RW Data)     146488 ( 143.05kB)

==============================================================================

