Component: ARM Compiler 5.06 update 7 (build 960) Tool: armlink [4d3601]

==============================================================================

Section Cross References

    main.o(.text) refers to rtx_kernel.o(.text) for osKernelGetState
    main.o(.text) refers to stm32f4xx_hal_rcc.o(.text) for HAL_RCC_OscConfig
    main.o(.text) refers to stm32f4xx_hal_rcc_ex.o(.text) for HAL_RCCEx_PeriphCLKConfig
    main.o(.text) refers to stm32f4xx_hal.o(.text) for HAL_GetREVID
    main.o(.text) refers to system_stm32f4xx_1.o(.text) for SystemCoreClockUpdate
    main.o(.text) refers to configuracion.o(.text) for configuracion
    main.o(.text) refers to lcd.o(.text) for LCD_reset
    main.o(.text) refers to adc.o(.text) for ADC1_pins_F429ZI_config
    main.o(.text) refers to rtc.o(.text) for init_RTC
    main.o(.text) refers to rtx_thread.o(.text) for osThreadNew
    main.o(.text) refers to system_stm32f4xx_1.o(.data) for SystemCoreClock
    main.o(.text) refers to main.o(.data) for .data
    main.o(.text) refers to main.o(.bss) for .bss
    main.o(.text) refers to http_server.o(.constdata) for app_main_attr
    main.o(.text) refers to http_server.o(.text) for app_main
    http_server.o(.text) refers to adc.o(.text) for ADC_getVoltage
    http_server.o(.text) refers to rtx_thread.o(.text) for osThreadFlagsSet
    http_server.o(.text) refers to net_sys.o(i.netIF_GetOption) for netIF_GetOption
    http_server.o(.text) refers to net_addr.o(i.netIP_ntoa) for netIP_ntoa
    http_server.o(.text) refers to printfa.o(i.__0sprintf) for __2sprintf
    http_server.o(.text) refers to lcd.o(.text) for LCD_escribir_linea
    http_server.o(.text) refers to net_sys.o(i.netInitialize) for netInitialize
    http_server.o(.text) refers to main.o(.bss) for adc
    http_server.o(.text) refers to http_server.o(.data) for .data
    http_server.o(.text) refers to http_server.o(.bss) for .bss
    http_server.o(.constdata) refers to http_server.o(.bss) for app_main_stk
    http_server_cgi.o(.text) refers to net_http_server.o(i.netCGI_GetEnvVar) for netCGI_GetEnvVar
    http_server_cgi.o(.text) refers to net_addr.o(i.netIP_aton) for netIP_aton
    http_server_cgi.o(.text) refers to net_sys.o(i.netIF_SetOption) for netIF_SetOption
    http_server_cgi.o(.text) refers to configuracion.o(.text) for reset_leds
    http_server_cgi.o(.text) refers to strcmp.o(.text) for strcmp
    http_server_cgi.o(.text) refers to strncmp.o(.text) for strncmp
    http_server_cgi.o(.text) refers to stm32f4xx_hal_gpio.o(.text) for HAL_GPIO_TogglePin
    http_server_cgi.o(.text) refers to net_http_server.o(i.netHTTPs_LoginActive) for netHTTPs_LoginActive
    http_server_cgi.o(.text) refers to strcpy.o(.text) for strcpy
    http_server_cgi.o(.text) refers to net_http_server.o(i.netHTTPs_SetPassword) for netHTTPs_SetPassword
    http_server_cgi.o(.text) refers to rtx_thread.o(.text) for osThreadFlagsSet
    http_server_cgi.o(.text) refers to net_sys.o(i.netIF_GetOption) for netIF_GetOption
    http_server_cgi.o(.text) refers to net_addr.o(i.netIP_ntoa) for netIP_ntoa
    http_server_cgi.o(.text) refers to printfa.o(i.__0sprintf) for __2sprintf
    http_server_cgi.o(.text) refers to net_tcp.o(i.netTCP_GetState) for netTCP_GetState
    http_server_cgi.o(.text) refers to net_tcp.o(i.netTCP_GetPeer) for netTCP_GetPeer
    http_server_cgi.o(.text) refers to net_tcp.o(i.netTCP_GetTimer) for netTCP_GetTimer
    http_server_cgi.o(.text) refers to net_tcp.o(i.netTCP_GetLocalPort) for netTCP_GetLocalPort
    http_server_cgi.o(.text) refers to http_server_cgi.o(.bss) for .bss
    http_server_cgi.o(.text) refers to http_server_cgi.o(.data) for .data
    http_server_cgi.o(.text) refers to http_server.o(.data) for LEDrun
    http_server_cgi.o(.text) refers to http_server.o(.data) for TID_Display
    http_server_cgi.o(.text) refers to http_server_cgi.o(.conststring) for .conststring
    http_server_cgi.o(.text) refers to net_http_server.o(i.netHTTPs_GetPassword) for netHTTPs_GetPassword
    http_server_cgi.o(.text) refers to net_http_server.o(i.netHTTPs_GetLanguage) for netHTTPs_GetLanguage
    http_server_cgi.o(.text) refers to http_server.o(.text) for AD_in
    http_server_cgi.o(.text) refers to ffltui.o(.text) for __aeabi_ui2f
    http_server_cgi.o(.text) refers to fmul.o(.text) for __aeabi_fmul
    http_server_cgi.o(.text) refers to fscalb.o(.text) for __ARM_scalbnf
    http_server_cgi.o(.text) refers to f2d.o(.text) for __aeabi_f2d
    http_server_cgi.o(.text) refers to rtc.o(.text) for get_time_date
    http_server_cgi.o(.text) refers to memcpya.o(.text) for __aeabi_memcpy
    http_server_cgi.o(.text) refers to strcat.o(.text) for strcat
    web.o(.text) refers to web.o(.constdata) for .constdata
    web.o(.constdata) refers to web.o(.constdata) for imageFileData
    configuracion.o(.text) refers to stm32f4xx_hal_gpio.o(.text) for HAL_GPIO_Init
    configuracion.o(.text) refers to configuracion.o(.bss) for .bss
[...]
    netHTTPs_SetPassword                     0x08014481   Thumb Code    78  net_http_server.o(i.netHTTPs_SetPassword)
    netIF_GetOption                          0x080144d9   Thumb Code   128  net_sys.o(i.netIF_GetOption)
    netIF_SetOption                          0x08014561   Thumb Code   124  net_sys.o(i.netIF_SetOption)
    netIP_aton                               0x080145e5   Thumb Code    26  net_addr.o(i.netIP_aton)
    netIP_ntoa                               0x080145ff   Thumb Code    50  net_addr.o(i.netIP_ntoa)
    netInitialize                            0x08014631   Thumb Code   156  net_sys.o(i.netInitialize)
    netMAC_aton                              0x080146dd   Thumb Code   140  net_addr.o(i.netMAC_aton)
    netTCP_GetLocalPort                      0x08014769   Thumb Code     4  net_tcp.o(i.netTCP_GetLocalPort)
    netTCP_GetPeer                           0x0801476d   Thumb Code    32  net_tcp.o(i.netTCP_GetPeer)
    netTCP_GetState                          0x0801478d   Thumb Code     4  net_tcp.o(i.netTCP_GetState)
    netTCP_GetTimer                          0x08014791   Thumb Code     4  net_tcp.o(i.netTCP_GetTimer)
    net_addr4_aton                           0x08014795   Thumb Code   124  net_addr.o(i.net_addr4_aton)
    net_addr4_to_mac                         0x08014811   Thumb Code    30  net_addr.o(i.net_addr4_to_mac)
    net_addr6_aton                           0x08014831   Thumb Code   230  net_addr.o(i.net_addr6_aton)
    net_addr6_comp                           0x08014917   Thumb Code    40  net_addr.o(i.net_addr6_comp)
    net_addr6_copy                           0x0801493f   Thumb Code    18  net_addr.o(i.net_addr6_copy)
    net_addr6_create                         0x08014951   Thumb Code    70  net_addr.o(i.net_addr6_create)
    net_addr6_get_solicited                  0x0801499d   Thumb Code    34  net_addr.o(i.net_addr6_get_solicited)
    net_addr6_is_linklocal                   0x080149c5   Thumb Code    24  net_addr.o(i.net_addr6_is_linklocal)
    net_addr6_is_onlink                      0x080149dd   Thumb Code   110  net_addr.o(i.net_addr6_is_onlink)
    net_addr6_is_solicited                   0x08014a4b   Thumb Code    72  net_addr.o(i.net_addr6_is_solicited)
    net_addr6_is_unspec                      0x08014a93   Thumb Code    24  net_addr.o(i.net_addr6_is_unspec)
    net_addr6_to_mac                         0x08014aab   Thumb Code    14  net_addr.o(i.net_addr6_to_mac)
    net_addr_copy                            0x08014ab9   Thumb Code    38  net_addr.o(i.net_addr_copy)
    net_addr_find_route                      0x08014adf   Thumb Code    26  net_addr.o(i.net_addr_find_route)
    net_addr_get_local                       0x08014af9   Thumb Code    26  net_addr.o(i.net_addr_get_local)
    net_addr_is_unspec                       0x08014b19   Thumb Code    34  net_addr.o(i.net_addr_is_unspec)
    net_arp_cache_add                        0x08014b3d   Thumb Code   276  net_arp.o(i.net_arp_cache_add)
    net_arp_cache_early                      0x08014c59   Thumb Code   180  net_arp.o(i.net_arp_cache_early)
    net_arp_cache_find                       0x08014d15   Thumb Code   224  net_arp.o(i.net_arp_cache_find)
    net_arp_cache_init                       0x08014e01   Thumb Code    64  net_arp.o(i.net_arp_cache_init)
    net_arp_cache_run                        0x08014e49   Thumb Code    22  net_arp.o(i.net_arp_cache_run)
    net_arp_enqueue                          0x08014e65   Thumb Code   114  net_arp.o(i.net_arp_enqueue)
    net_arp_notify                           0x08014edd   Thumb Code    32  net_arp.o(i.net_arp_notify)
    net_arp_process                          0x08014efd   Thumb Code   536  net_arp.o(i.net_arp_process)
    net_atoi                                 0x08015121   Thumb Code    66  net_common.o(i.net_atoi)
    net_base64_decode                        0x08015165   Thumb Code   114  net_base64.o(i.net_base64_decode)
    net_chksum_buf                           0x080151dd   Thumb Code    48  net_common.o(i.net_chksum_buf)
    net_crc_buf                              0x0801520d   Thumb Code    30  net_common.o(i.net_crc_buf)
    net_dhcp6_client_init                    0x0801522d   Thumb Code   114  net_dhcp6_client.o(i.net_dhcp6_client_init)
    net_dhcp6_client_run                     0x080152b5   Thumb Code    22  net_dhcp6_client.o(i.net_dhcp6_client_run)
    net_eth_callback                         0x080152d1   Thumb Code    14  net_eth.o(i.net_eth_callback)
    net_eth_config_mcast                     0x080152df   Thumb Code   104  net_eth.o(i.net_eth_config_mcast)
    net_eth_get_option                       0x08015347   Thumb Code   234  net_eth.o(i.net_eth_get_option)
    net_eth_iface_init                       0x08015431   Thumb Code    22  net_eth.o(i.net_eth_iface_init)
    net_eth_iface_run                        0x0801544d   Thumb Code    22  net_eth.o(i.net_eth_iface_run)
    net_eth_output                           0x08015469   Thumb Code   164  net_eth.o(i.net_eth_output)
    net_eth_send_frame                       0x08015511   Thumb Code   462  net_eth.o(i.net_eth_send_frame)
    net_eth_set_option                       0x080156f1   Thumb Code   610  net_eth.o(i.net_eth_set_option)
    net_http_server_init                     0x08015961   Thumb Code   212  net_http_server.o(i.net_http_server_init)
    net_http_server_run                      0x08015a49   Thumb Code    30  net_http_server.o(i.net_http_server_run)
    net_icmp6_init                           0x08015a71   Thumb Code    20  net_icmp6.o(i.net_icmp6_init)
    net_icmp6_process                        0x08015a89   Thumb Code   542  net_icmp6.o(i.net_icmp6_process)
    net_icmp6_send                           0x08015cc1   Thumb Code   122  net_icmp6.o(i.net_icmp6_send)
    net_icmp6_send_echo                      0x08015d45   Thumb Code    78  net_icmp6.o(i.net_icmp6_send_echo)
    net_icmp_init                            0x08015d9d   Thumb Code    20  net_icmp.o(i.net_icmp_init)
    net_icmp_process                         0x08015db5   Thumb Code   430  net_icmp.o(i.net_icmp_process)
    net_icmp_send_echo                       0x08015f7d   Thumb Code   142  net_icmp.o(i.net_icmp_send_echo)
    net_if_map_all                           0x0801601d   Thumb Code     6  net_sys.o(i.net_if_map_all)
    net_ip4_chk_frame                        0x08016029   Thumb Code   372  net_ip4.o(i.net_ip4_chk_frame)
    net_ip4_chksum                           0x080161b5   Thumb Code    44  net_ip4.o(i.net_ip4_chksum)
    net_ip4_chksum_buf                       0x080161e1   Thumb Code     6  net_ip4.o(i.net_ip4_chksum_buf)
    net_ip4_find_route                       0x080161e9   Thumb Code   104  net_ip4.o(i.net_ip4_find_route)
    net_ip4_frag_add                         0x08016269   Thumb Code   284  net_ip4_frag.o(i.net_ip4_frag_add)
    net_ip4_frag_get                         0x0801638d   Thumb Code   168  net_ip4_frag.o(i.net_ip4_frag_get)
    net_ip4_frag_init                        0x08016439   Thumb Code    12  net_ip4_frag.o(i.net_ip4_frag_init)
    net_ip4_frag_run                         0x08016449   Thumb Code    50  net_ip4_frag.o(i.net_ip4_frag_run)
    net_ip4_get_local                        0x08016485   Thumb Code    40  net_ip4.o(i.net_ip4_get_local)
    net_ip4_init                             0x080164b1   Thumb Code    22  net_ip4.o(i.net_ip4_init)
    net_ip4_is_onlink                        0x080164d5   Thumb Code    32  net_ip4.o(i.net_ip4_is_onlink)
    net_ip4_is_subcast                       0x080164f5   Thumb Code    38  net_ip4.o(i.net_ip4_is_subcast)
    net_ip4_reass_frame                      0x0801651b   Thumb Code    14  net_ip4.o(i.net_ip4_reass_frame)
    net_ip4_send_frame                       0x08016529   Thumb Code   340  net_ip4.o(i.net_ip4_send_frame)
    net_ip4_tx_offl_hl                       0x0801668d   Thumb Code    42  net_ip4.o(i.net_ip4_tx_offl_hl)
    net_ip6_chk_frame                        0x080166b9   Thumb Code   236  net_ip6.o(i.net_ip6_chk_frame)
    net_ip6_chksum                           0x080167b9   Thumb Code    50  net_ip6.o(i.net_ip6_chksum)
    net_ip6_collect_mcast                    0x080167ed   Thumb Code   118  net_ip6.o(i.net_ip6_collect_mcast)
    net_ip6_find_route                       0x08016869   Thumb Code    56  net_ip6.o(i.net_ip6_find_route)
    net_ip6_get_local                        0x080168b1   Thumb Code    74  net_ip6.o(i.net_ip6_get_local)
    net_ip6_init                             0x08016905   Thumb Code    20  net_ip6.o(i.net_ip6_init)
    net_ip6_send_frame                       0x08016921   Thumb Code   192  net_ip6.o(i.net_ip6_send_frame)
    net_ip6_tx_offl_hl                       0x080169ed   Thumb Code    30  net_ip6.o(i.net_ip6_tx_offl_hl)
    net_itoa                                 0x08016a0b   Thumb Code     8  net_common.o(i.net_itoa)
    net_itoa_n0                              0x08016a13   Thumb Code     6  net_common.o(i.net_itoa_n0)
    net_loop_iface_init                      0x08016a19   Thumb Code    40  net_loopback.o(i.net_loop_iface_init)
    net_loop_iface_run                       0x08016a49   Thumb Code   176  net_loopback.o(i.net_loop_iface_run)
    net_loop_send_frame                      0x08016b05   Thumb Code   104  net_loopback.o(i.net_loop_send_frame)
    net_mem_alloc                            0x08016b75   Thumb Code   178  net_mem.o(i.net_mem_alloc)
    net_mem_avail                            0x08016c35   Thumb Code    22  net_mem.o(i.net_mem_avail)
    net_mem_free                             0x08016c51   Thumb Code   152  net_mem.o(i.net_mem_free)
    net_mem_init                             0x08016cf5   Thumb Code    98  net_mem.o(i.net_mem_init)
    net_mem_shrink                           0x08016d65   Thumb Code    62  net_mem.o(i.net_mem_shrink)
    net_nbns_client_init                     0x08016dad   Thumb Code    82  net_nbns_client.o(i.net_nbns_client_init)
    net_ndp_cache_find                       0x08016e11   Thumb Code   438  net_ndp.o(i.net_ndp_cache_find)
    net_ndp_cache_init                       0x08016fd5   Thumb Code   114  net_ndp.o(i.net_ndp_cache_init)
    net_ndp_cache_refresh                    0x08017055   Thumb Code   112  net_ndp.o(i.net_ndp_cache_refresh)
    net_ndp_cache_run                        0x080170cd   Thumb Code    22  net_ndp.o(i.net_ndp_cache_run)
    net_ndp_enqueue                          0x080170e9   Thumb Code   108  net_ndp.o(i.net_ndp_enqueue)
    net_ndp_process                          0x08017159   Thumb Code   872  net_ndp.o(i.net_ndp_process)
    net_path                                 0x080174cd   Thumb Code    52  net_sys.o(i.net_path)
    net_ping_client_init                     0x08017505   Thumb Code    22  net_ping_core.o(i.net_ping_client_init)
    net_ping_client_run                      0x08017525   Thumb Code   110  net_ping_core.o(i.net_ping_client_run)
    net_rand32                               0x080175a5   Thumb Code    18  net_sys.o(i.net_rand32)
    net_strcasecmp                           0x080175c1   Thumb Code    46  net_common.o(i.net_strcasecmp)
    net_strchr                               0x080175ef   Thumb Code    22  net_common.o(i.net_strchr)
    net_strcmp                               0x08017605   Thumb Code    26  net_common.o(i.net_strcmp)
    net_strcpy                               0x0801761f   Thumb Code    18  net_common.o(i.net_strcpy)
    net_strnchr                              0x08017631   Thumb Code    28  net_common.o(i.net_strnchr)
    net_strncpy                              0x0801764d   Thumb Code    26  net_common.o(i.net_strncpy)
    net_strtoupper                           0x08017667   Thumb Code    32  net_common.o(i.net_strtoupper)
    net_sys_lock                             0x08017689   Thumb Code     8  net_sys.o(i.net_sys_lock)
    net_sys_resume                           0x08017695   Thumb Code    22  net_sys.o(i.net_sys_resume)
    net_sys_tick                             0x080176ad   Thumb Code    16  net_sys.o(i.net_sys_tick)
    net_sys_unlock                           0x080176c1   Thumb Code     8  net_sys.o(i.net_sys_unlock)
    net_sys_wakeup                           0x080176cd   Thumb Code    26  net_sys.o(i.net_sys_wakeup)
    net_tcp_abort                            0x080176ed   Thumb Code   122  net_tcp.o(i.net_tcp_abort)
    net_tcp_close                            0x08017771   Thumb Code   218  net_tcp.o(i.net_tcp_close)
    net_tcp_get_buf                          0x08017855   Thumb Code    46  net_tcp.o(i.net_tcp_get_buf)
    net_tcp_get_local_port                   0x08017885   Thumb Code    48  net_tcp.o(i.net_tcp_get_local_port)
    net_tcp_get_mss                          0x080178b9   Thumb Code    34  net_tcp.o(i.net_tcp_get_mss)
    net_tcp_get_peer                         0x080178e1   Thumb Code    80  net_tcp.o(i.net_tcp_get_peer)
    net_tcp_get_socket                       0x08017935   Thumb Code   104  net_tcp.o(i.net_tcp_get_socket)
    net_tcp_get_state                        0x080179a5   Thumb Code    40  net_tcp.o(i.net_tcp_get_state)
    net_tcp_get_timer                        0x080179d1   Thumb Code    48  net_tcp.o(i.net_tcp_get_timer)
    net_tcp_listen                           0x08017a05   Thumb Code   168  net_tcp.o(i.net_tcp_listen)
    net_tcp_process                          0x08017ab5   Thumb Code  1956  net_tcp.o(i.net_tcp_process)
    net_tcp_send                             0x0801825d   Thumb Code   336  net_tcp.o(i.net_tcp_send)
    net_tcp_set_option                       0x080183b9   Thumb Code   288  net_tcp.o(i.net_tcp_set_option)
    net_tcp_socket_init                      0x080184e5   Thumb Code    30  net_tcp.o(i.net_tcp_socket_init)
    net_tcp_socket_run                       0x0801850d   Thumb Code   938  net_tcp.o(i.net_tcp_socket_run)
    net_udp_get_buf                          0x080188cd   Thumb Code    46  net_udp.o(i.net_udp_get_buf)
    net_udp_get_socket                       0x080188fd   Thumb Code   102  net_udp.o(i.net_udp_get_socket)
    net_udp_open                             0x0801896d   Thumb Code   160  net_udp.o(i.net_udp_open)
    net_udp_process                          0x08018a19   Thumb Code   322  net_udp.o(i.net_udp_process)
    net_udp_send_if                          0x08018b71   Thumb Code   540  net_udp.o(i.net_udp_send_if)
    net_udp_socket_init                      0x08018d9d   Thumb Code    30  net_udp.o(i.net_udp_socket_init)
    net_ultoa                                0x08018dc1   Thumb Code     8  net_common.o(i.net_ultoa)
    net_ultox                                0x08018dc9   Thumb Code    44  net_common.o(i.net_ultox)
    net_xtoul                                0x08018df9   Thumb Code    76  net_common.o(i.net_xtoul)
    app_main_attr                            0x08019ac4   Data          36  http_server.o(.constdata)
    imageLastModified                        0x08019ae8   Data           4  web.o(.constdata)
    Arial12x12                               0x08020750   Data        2400  lcd.o(.constdata)
    osRtxUserSVC                             0x08021110   Data           4  rtx_lib.o(.constdata)
    Driver_ETH_PHY0                          0x08021118   Data          32  phy_lan8742a.o(.constdata)
    Driver_ETH_MAC0                          0x08021188   Data          68  emac_stm32f4xx.o(.constdata)
    Driver_SPI1                              0x08021220   Data          44  spi_stm32f4xx.o(.constdata)
    EventRecorderInfo                        0x0802124c   Data          24  eventrecorder.o(.constdata)
    AHBPrescTable                            0x0802126c   Data          16  system_stm32f4xx_1.o(.constdata)
    APBPrescTable                            0x0802127c   Data           8  system_stm32f4xx_1.o(.constdata)
    net_sys_config                           0x0802132c   Data          28  net_config.o(.constdata)
    net_eth0_if_config                       0x080213e0   Data          44  net_config.o(.constdata)
    net_eth_list                             0x0802140c   Data           8  net_config.o(.constdata)
    net_if_list_lan                          0x08021414   Data           8  net_config.o(.constdata)
    net_if_list_all                          0x0802141c   Data           8  net_config.o(.constdata)
    net_if_inet_def                          0x08021424   Data           8  net_config.o(.constdata)
    net_if_link_def                          0x0802142c   Data           8  net_config.o(.constdata)
    net_arp_list                             0x08021434   Data           8  net_config.o(.constdata)
    net_icmp_list                            0x0802143c   Data           8  net_config.o(.constdata)
    net_ndp_list                             0x08021444   Data           8  net_config.o(.constdata)
    net_icmp6_list                           0x0802144c   Data           8  net_config.o(.constdata)
    net_dhcp6_list                           0x08021454   Data           8  net_config.o(.constdata)
    net_ip4_frag_config                      0x0802145c   Data           8  net_config.o(.constdata)
    net_udp_config                           0x08021464   Data          12  net_config.o(.constdata)
    net_tcp_config                           0x08021470   Data          24  net_config.o(.constdata)
    net_http_config                          0x08021488   Data          52  net_config.o(.constdata)
    netif_getopt_func                        0x08021514   Data          16  net_config.o(.constdata)
    netif_setopt_func                        0x08021524   Data          16  net_config.o(.constdata)
    net_loop_if_config                       0x08021534   Data          44  net_loopback.o(.constdata)
    net_http_auth_basic_func                 0x08021680   Data          24  net_http_server_auth.o(.constdata)
    net_ping_payload                         0x08021698   Data          18  net_ping_core.o(.constdata)
    net_addr_unspec                          0x080216aa   Data          16  net_addr.o(.constdata)
    net_addr_bcast                           0x080216ba   Data           6  net_addr.o(.constdata)
    net_addr4_loopback                       0x080216c0   Data           4  net_ip4.o(.constdata)
    net_addr6_all_nodes                      0x080216c4   Data          16  net_ip6.o(.constdata)
    net_addr6_loopback                       0x080216d4   Data          16  net_ip6.o(.constdata)
    net_addr6_all_routers                    0x080216e4   Data          16  net_ip6.o(.constdata)
    net_http_error                           0x080216f4   Data          24  net_http_server_err.o(.constdata)
    net_lib_version                          0x080217ac   Data           4  net_version.o(.constdata)
    network_ip4ip6_debug_v7.15.0             0x080217ac   Data           4  net_version.o(.constdata)
    osRtxConfig                              0x08021bc4   Data         112  rtx_lib.o(.rodata)
    os_cb_sections                           0x08021c34   Data          56  rtx_lib.o(.rodata)
    Region$$Table$$Base                      0x08021c6c   Number         0  anon$$obj.o(Region$$Table)
    Region$$Table$$Limit                     0x08021c9c   Number         0  anon$$obj.o(Region$$Table)
    .bss.os.msgqueue.cb$$Base                0x20008044   Number         0  rtx_lib.o(.bss.os.msgqueue.cb)
    .bss.os.msgqueue.cb$$Limit               0x20008078   Number         0  rtx_lib.o(.bss.os.msgqueue.cb)
    .bss.os.mutex.cb$$Base                   0x200080c8   Number         0  net_config.o(.bss.os.mutex.cb)
    .bss.os.mutex.cb$$Limit                  0x20008100   Number         0  net_config.o(.bss.os.mutex.cb)
    .bss.os.semaphore.cb$$Base               0x20008100   Number         0  net_config.o(.bss.os.semaphore.cb)
    .bss.os.semaphore.cb$$Limit              0x20008110   Number         0  net_config.o(.bss.os.semaphore.cb)
    .bss.os.thread.cb$$Base                  0x20008110   Number         0  rtx_lib.o(.bss.os.thread.cb)
    .bss.os.thread.cb$$Limit                 0x20008220   Number         0  net_config.o(.bss.os.thread.cb)
    .bss.os.timer.cb$$Base                   0x20008620   Number         0  net_config.o(.bss.os.timer.cb)
    .bss.os.timer.cb$$Limit                  0x20008640   Number         0  net_config.o(.bss.os.timer.cb)
    TID_Display                              0x20008644   Data           4  http_server.o(.data)
    lcd_text                                 0x20008648   Data          42  http_server.o(.data)
    LEDrun                                   0x20008672   Data           1  http_server.o(.data)
    positionL1                               0x2000867c   Data           4  lcd.o(.data)
    positionL2                               0x20008680   Data           4  lcd.o(.data)
    SPIdrv                                   0x20008684   Data           4  lcd.o(.data)
    vacio                                    0x20008688   Data           4  lcd.o(.data)
    sDate                                    0x2000868c   Data           4  rtc.o(.data)
    tim_toggle                               0x20008690   Data           4  rtc.o(.data)
    tim_timeout                              0x20008698   Data           4  rtc.o(.data)
    ITM_RxBuffer                             0x200086a0   Data           4  retarget_io.o(.data)
    uwTickFreq                               0x200086a4   Data           1  stm32f4xx_hal.o(.data)
    uwTickPrio                               0x200086a8   Data           4  stm32f4xx_hal.o(.data)
    uwTick                                   0x200086ac   Data           4  stm32f4xx_hal.o(.data)
    SystemCoreClock                          0x200086b0   Data           4  system_stm32f4xx_1.o(.data)
    net_eth0_icmp_control                    0x200086cc   Data           1  net_icmp.o(.data)
    net_eth0_icmp6_control                   0x200086cd   Data           1  net_icmp6.o(.data)
    __stdout                                 0x200086f0   Data           4  stdout.o(.data)
    __stderr                                 0x200086f4   Data           4  stderr.o(.data)
    osRtxInfo                                0x200086f8   Data         164  rtx_kernel.o(.data.os)
    adc                                      0x2000879c   Data          72  main.o(.bss)
    app_main_stk                             0x20008850   Data        1024  http_server.o(.bss)
    tiempo                                   0x20008c88   Data          60  http_server_cgi.o(.bss)
    GPIO_InitStruct                          0x20008cec   Data          20  lcd.o(.bss)
    htim7                                    0x20008d00   Data          64  lcd.o(.bss)
    buffer                                   0x20008d40   Data         512  lcd.o(.bss)
    sTime                                    0x20008f40   Data          20  rtc.o(.bss)
    hrtc                                     0x20008f54   Data          32  rtc.o(.bss)
    alarmRtc                                 0x20008f74   Data          40  rtc.o(.bss)
    net_eth0_if_control                      0x2000f154   Data         160  net_eth.o(.bss)
    net_eth0_arp_control                     0x2000f1f4   Data          24  net_arp.o(.bss)
    net_eth0_ndp_control                     0x2000f20c   Data          68  net_ndp.o(.bss)
    net_eth0_dhcp6_control                   0x2000f26c   Data          68  net_dhcp6_client.o(.bss)
    net_http_control                         0x2000f334   Data          20  net_http_server.o(.bss)
    net_ping_control                         0x2000f348   Data          44  net_ping_core.o(.bss)
    net_sys_control                          0x2000f384   Data          28  net_sys.o(.bss)
    net_dbg_buf                              0x2000f3ac   Data          36  net_sys.o(.bss)
    __initial_sp                             0x2000f840   Data           0  startup_stm32f429xx.o(STACK)



==============================================================================

Memory Map of the image

  Image Entry point : 0x080001ad

  Load Region LR_IROM1 (Base: 0x08000000, Size: 0x0002a438, Max: 0x00200000, ABSOLUTE, COMPRESSED[0x00021ddc])

    Execution Region ER_IROM1 (Exec base: 0x08000000, Load base: 0x08000000, Size: 0x00021c9c, Max: 0x00200000, ABSOLUTE)

    Exec Addr    Load Addr    Size         Type   Attr      Idx    E Section Name        Object

    0x08000000   0x08000000   0x000001ac   Data   RO         1595    RESET               startup_stm32f429xx.o
    0x080001ac   0x080001ac   0x00000000   Code   RO         2749  * .ARM.Collect$$$$00000000  mc_w.l(entry.o)
    0x080001ac   0x080001ac   0x00000004   Code   RO         3047    .ARM.Collect$$$$00000001  mc_w.l(entry2.o)
    0x080001b0   0x080001b0   0x00000004   Code   RO         3050    .ARM.Collect$$$$00000004  mc_w.l(entry5.o)
    0x080001b4   0x080001b4   0x00000000   Code   RO         3052    .ARM.Collect$$$$00000008  mc_w.l(entry7b.o)
    0x080001b4   0x080001b4   0x00000000   Code   RO         3054    .ARM.Collect$$$$0000000A  mc_w.l(entry8b.o)
    0x080001b4   0x080001b4   0x00000008   Code   RO         3055    .ARM.Collect$$$$0000000B  mc_w.l(entry9a.o)
    0x080001bc   0x080001bc   0x00000004   Code   RO         3062    .ARM.Collect$$$$0000000E  mc_w.l(entry12b.o)
    0x080001c0   0x080001c0   0x00000000   Code   RO         3057    .ARM.Collect$$$$0000000F  mc_w.l(entry10a.o)
    0x080001c0   0x080001c0   0x00000000   Code   RO         3059    .ARM.Collect$$$$00000011  mc_w.l(entry11a.o)
    0x080001c0   0x080001c0   0x00000004   Code   RO         3048    .ARM.Collect$$$$00002712  mc_w.l(entry2.o)
    0x080001c4   0x080001c4   0x00000148   Code   RO          707    .emb_text           rtx_mempool.o
    0x0800030c   0x0800030c   0x00000148   Code   RO          738    .emb_text           rtx_msgqueue.o
    0x08000454   0x08000454   0x00000148   Code   RO          803    .emb_text           rtx_semaphore.o
    0x0800059c   0x0800059c   0x00000148   Code   RO          834    .emb_text           rtx_system.o
    0x080006e4   0x080006e4   0x00000148   Code   RO          868    .emb_text           rtx_thread.o
    0x0800082c   0x0800082c   0x00000074   Code   RO         1089    .emb_text           eventrecorder.o
    0x080008a0   0x080008a0   0x00000168   Code   RO            4    .text               main.o
    0x08000a08   0x08000a08   0x000000c4   Code   RO          162    .text               http_server.o
    0x08000acc   0x08000acc   0x000007d8   Code   RO          215    .text               http_server_cgi.o
    0x080012a4   0x080012a4   0x00000078   Code   RO          254    .text               web.o
    0x0800131c   0x0800131c   0x00000114   Code   RO          274    .text               configuracion.o
    0x08001430   0x08001430   0x000003c0   Code   RO          299    .text               lcd.o
    0x080017f0   0x080017f0   0x000000d8   Code   RO          341    .text               adc.o
    0x080018c8   0x080018c8   0x000002c4   Code   RO          365    .text               rtc.o
    0x08001b8c   0x08001b8c   0x00000094   Code   RO          449    .text               irq_armv7m.o
    0x08001c20   0x08001c20   0x00000104   Code   RO          457    .text               rtx_delay.o
    0x08001d24   0x08001d24   0x00000958   Code   RO          555    .text               rtx_evr.o
    0x0800267c   0x0800267c   0x000006cc   Code   RO          580    .text               rtx_kernel.o
    0x08002d48   0x08002d48   0x00000018   Code   RO          628    .text               rtx_lib.o
    0x08002d60   0x08002d60   0x00000124   Code   RO          677    .text               rtx_memory.o
    0x08002e84   0x08002e84   0x00000678   Code   RO          708    .text               rtx_mempool.o
    0x080034fc   0x080034fc   0x000009bc   Code   RO          739    .text               rtx_msgqueue.o
    0x08003eb8   0x08003eb8   0x00000558   Code   RO          773    .text               rtx_mutex.o
    0x08004410   0x08004410   0x00000450   Code   RO          804    .text               rtx_semaphore.o
    0x08004860   0x08004860   0x00000154   Code   RO          835    .text               rtx_system.o
    0x080049b4   0x080049b4   0x000011d4   Code   RO          869    .text               rtx_thread.o
    0x08005b88   0x08005b88   0x00000480   Code   RO          903    .text               rtx_timer.o
    0x08006008   0x08006008   0x000000c4   Code   RO          933    .text               os_systick.o
    0x080060cc   0x080060cc   0x00000004   Code   RO          959    .text               rtx_config.o
    0x080060d0   0x080060d0   0x000001ac   Code   RO          980    .text               phy_lan8742a.o
    0x0800627c   0x0800627c   0x000009e8   Code   RO         1008    .text               emac_stm32f4xx.o
    0x08006c64   0x08006c64   0x00000c5c   Code   RO         1050    .text               spi_stm32f4xx.o
    0x080078c0   0x080078c0   0x00000538   Code   RO         1090    .text               eventrecorder.o
    0x08007df8   0x08007df8   0x000000f0   Code   RO         1121    .text               retarget_io.o
    0x08007ee8   0x08007ee8   0x000001c8   Code   RO         1153    .text               stm32f4xx_hal.o
    0x080080b0   0x080080b0   0x00000ab8   Code   RO         1183    .text               stm32f4xx_hal_adc.o
    0x08008b68   0x08008b68   0x00000724   Code   RO         1207    .text               stm32f4xx_hal_adc_ex.o
    0x0800928c   0x0800928c   0x00000298   Code   RO         1231    .text               stm32f4xx_hal_cortex.o
    0x08009524   0x08009524   0x00000718   Code   RO         1259    .text               stm32f4xx_hal_dma.o
    0x08009c3c   0x08009c3c   0x00000364   Code   RO         1308    .text               stm32f4xx_hal_gpio.o
    0x08009fa0   0x08009fa0   0x00000178   Code   RO         1332    .text               stm32f4xx_hal_pwr.o
    0x0800a118   0x0800a118   0x00000760   Code   RO         1380    .text               stm32f4xx_hal_rcc.o
    0x0800a878   0x0800a878   0x000005e4   Code   RO         1404    .text               stm32f4xx_hal_rcc_ex.o
    0x0800ae5c   0x0800ae5c   0x00000970   Code   RO         1428    .text               stm32f4xx_hal_rtc.o
    0x0800b7cc   0x0800b7cc   0x00000b0c   Code   RO         1452    .text               stm32f4xx_hal_rtc_ex.o
    0x0800c2d8   0x0800c2d8   0x000023d2   Code   RO         1524    .text               stm32f4xx_hal_tim.o
    0x0800e6aa   0x0800e6aa   0x00000002   PAD
    0x0800e6ac   0x0800e6ac   0x00000bb0   Code   RO         1548    .text               stm32f4xx_hal_tim_ex.o
    0x0800f25c   0x0800f25c   0x00000024   Code   RO         1596    .text               startup_stm32f429xx.o
    0x0800f280   0x0800f280   0x00000094   Code   RO         1603    .text               system_stm32f4xx_1.o
    0x0800f314   0x0800f314   0x00000170   Code   RO         1632    .text               net_config.o
    0x0800f484   0x0800f484   0x00000152   Code   RO         1727    .text               net_debug.o
    0x0800f5d6   0x0800f5d6   0x00000062   Code   RO         2758    .text               mc_w.l(uldiv.o)
    0x0800f638   0x0800f638   0x00000024   Code   RO         2760    .text               mc_w.l(memcpya.o)
    0x0800f65c   0x0800f65c   0x00000024   Code   RO         2762    .text               mc_w.l(memseta.o)
    0x0800f680   0x0800f680   0x00000018   Code   RO         2764    .text               mc_w.l(strcat.o)
    0x0800f698   0x0800f698   0x0000000e   Code   RO         2766    .text               mc_w.l(strlen.o)
    0x0800f6a6   0x0800f6a6   0x0000001c   Code   RO         2768    .text               mc_w.l(strcmp.o)
    0x0800f6c2   0x0800f6c2   0x0000001a   Code   RO         2770    .text               mc_w.l(memcmp.o)
    0x0800f6dc   0x0800f6dc   0x00000012   Code   RO         2772    .text               mc_w.l(strcpy.o)
    0x0800f6ee   0x0800f6ee   0x0000001e   Code   RO         2774    .text               mc_w.l(strncmp.o)
    0x0800f70c   0x0800f70c   0x00000064   Code   RO         3039    .text               mf_w.l(fmul.o)
    0x0800f770   0x0800f770   0x00000018   Code   RO         3041    .text               mf_w.l(fscalb.o)
    0x0800f788   0x0800f788   0x0000000a   Code   RO         3043    .text               mf_w.l(ffltui.o)
    0x0800f792   0x0800f792   0x00000026   Code   RO         3045    .text               mf_w.l(f2d.o)
    0x0800f7b8   0x0800f7b8   0x0000002c   Code   RO         3063    .text               mc_w.l(uidiv.o)
    0x0800f7e4   0x0800f7e4   0x0000001e   Code   RO         3065    .text               mc_w.l(llshl.o)
    0x0800f802   0x0800f802   0x00000020   Code   RO         3067    .text               mc_w.l(llushr.o)
    0x0800f822   0x0800f822   0x00000000   Code   RO         3069    .text               mc_w.l(iusefp.o)
    0x0800f822   0x0800f822   0x0000006e   Code   RO         3070    .text               mf_w.l(fepilogue.o)
    0x0800f890   0x0800f890   0x0000014e   Code   RO         3072    .text               mf_w.l(dadd.o)
    0x0800f9de   0x0800f9de   0x000000e4   Code   RO         3074    .text               mf_w.l(dmul.o)
    0x0800fac2   0x0800fac2   0x000000de   Code   RO         3076    .text               mf_w.l(ddiv.o)
    0x0800fba0   0x0800fba0   0x00000030   Code   RO         3078    .text               mf_w.l(dfixul.o)
    0x0800fbd0   0x0800fbd0   0x00000030   Code   RO         3080    .text               mf_w.l(cdrcmple.o)
    0x0800fc00   0x0800fc00   0x00000024   Code   RO         3082    .text               mc_w.l(init.o)
    0x0800fc24   0x0800fc24   0x00000024   Code   RO         3084    .text               mc_w.l(llsshr.o)
    0x0800fc48   0x0800fc48   0x000000ba   Code   RO         3086    .text               mf_w.l(depilogue.o)
    0x0800fd02   0x0800fd02   0x00000056   Code   RO         3095    .text               mc_w.l(__dczerorl2.o)
    0x0800fd58   0x0800fd58   0x00000020   Code   RO         3011    i.__0printf         mc_w.l(printfa.o)
    0x0800fd78   0x0800fd78   0x00000028   Code   RO         3013    i.__0sprintf        mc_w.l(printfa.o)
    0x0800fda0   0x0800fda0   0x0000000e   Code   RO         3089    i.__scatterload_copy  mc_w.l(handlers.o)
    0x0800fdae   0x0800fdae   0x00000002   Code   RO         3090    i.__scatterload_null  mc_w.l(handlers.o)
    0x0800fdb0   0x0800fdb0   0x0000000e   Code   RO         3091    i.__scatterload_zeroinit  mc_w.l(handlers.o)
    0x0800fdbe   0x0800fdbe   0x00000002   PAD
    0x0800fdc0   0x0800fdc0   0x00000184   Code   RO         3018    i._fp_digits        mc_w.l(printfa.o)
    0x0800ff44   0x0800ff44   0x000006b4   Code   RO         3019    i._printf_core      mc_w.l(printfa.o)
    0x080105f8   0x080105f8   0x00000024   Code   RO         3020    i._printf_post_padding  mc_w.l(printfa.o)
    0x0801061c   0x0801061c   0x0000002e   Code   RO         3021    i._printf_pre_padding  mc_w.l(printfa.o)
    0x0801064a   0x0801064a   0x0000000a   Code   RO         3023    i._sputc            mc_w.l(printfa.o)
    0x08010654   0x08010654   0x00000054   Code   RO         2265    i.add_server_id     Net_Dbg_CM3_L.lib(net_http_server.o)
    0x080106a8   0x080106a8   0x0000005c   Code   RO         1813    i.arp_cache_alloc   Net_Dbg_CM3_L.lib(net_arp.o)
    0x08010704   0x08010704   0x00000170   Code   RO         1814    i.arp_cache_run     Net_Dbg_CM3_L.lib(net_arp.o)
    0x08010874   0x08010874   0x00000038   Code   RO         1815    i.arp_is_cacheable  Net_Dbg_CM3_L.lib(net_arp.o)
    0x080108ac   0x080108ac   0x00000088   Code   RO         1816    i.arp_probe_run     Net_Dbg_CM3_L.lib(net_arp.o)
    0x08010934   0x08010934   0x000000d8   Code   RO         1818    i.arp_proc_response  Net_Dbg_CM3_L.lib(net_arp.o)
    0x08010a0c   0x08010a0c   0x0000001a   Code   RO         1819    i.arp_que_free      Net_Dbg_CM3_L.lib(net_arp.o)
    0x08010a26   0x08010a26   0x00000002   PAD
    0x08010a28   0x08010a28   0x000000a0   Code   RO         1820    i.arp_send_reply    Net_Dbg_CM3_L.lib(net_arp.o)
    0x08010ac8   0x08010ac8   0x000000d0   Code   RO         1821    i.arp_send_request  Net_Dbg_CM3_L.lib(net_arp.o)
    0x08010b98   0x08010b98   0x00000068   Code   RO         1822    i.arp_sender_valid  Net_Dbg_CM3_L.lib(net_arp.o)
    0x08010c00   0x08010c00   0x0000006c   Code   RO         2209    i.check_client_id   Net_Dbg_CM3_L.lib(net_dhcp6_client.o)
    0x08010c6c   0x08010c6c   0x0000018c   Code   RO         2266    i.chk_post_req      Net_Dbg_CM3_L.lib(net_http_server.o)
    0x08010df8   0x08010df8   0x00000028   Code   RO         2663    i.crc32_8bit        Net_Dbg_CM3_L.lib(net_common.o)
    0x08010e20   0x08010e20   0x00000394   Code   RO         2210    i.dhcp6_client_run  Net_Dbg_CM3_L.lib(net_dhcp6_client.o)
    0x080111b4   0x080111b4   0x00000058   Code   RO         2211    i.dhcp6_client_start  Net_Dbg_CM3_L.lib(net_dhcp6_client.o)
    0x0801120c   0x0801120c   0x000004b8   Code   RO         2213    i.dhcp6_listener    Net_Dbg_CM3_L.lib(net_dhcp6_client.o)
    0x080116c4   0x080116c4   0x000001f8   Code   RO         2214    i.dhcp6_send_message  Net_Dbg_CM3_L.lib(net_dhcp6_client.o)
    0x080118bc   0x080118bc   0x0000009a   Code   RO         1757    i.eth_check_link    Net_Dbg_CM3_L.lib(net_eth.o)
    0x08011956   0x08011956   0x00000002   PAD
    0x08011958   0x08011958   0x00000020   Code   RO         1758    i.eth_if_map        Net_Dbg_CM3_L.lib(net_eth.o)
    0x08011978   0x08011978   0x00000304   Code   RO         1759    i.eth_iface_init    Net_Dbg_CM3_L.lib(net_eth.o)
    0x08011c7c   0x08011c7c   0x00000290   Code   RO         1760    i.eth_iface_run     Net_Dbg_CM3_L.lib(net_eth.o)
    0x08011f0c   0x08011f0c   0x00000008   Code   RO         1762    i.eth_lock          Net_Dbg_CM3_L.lib(net_eth.o)
    0x08011f14   0x08011f14   0x0000001c   Code   RO         1763    i.eth_mtu_limit     Net_Dbg_CM3_L.lib(net_eth.o)
    0x08011f30   0x08011f30   0x00000048   Code   RO         1764    i.eth_opt_len       Net_Dbg_CM3_L.lib(net_eth.o)
    0x08011f78   0x08011f78   0x00000088   Code   RO         1765    i.eth_receive       Net_Dbg_CM3_L.lib(net_eth.o)
    0x08012000   0x08012000   0x00000008   Code   RO         1766    i.eth_unlock        Net_Dbg_CM3_L.lib(net_eth.o)
    0x08012008   0x08012008   0x00000018   Code   RO         2752    i.fputs             mc_w.l(fputs.o)
    0x08012020   0x08012020   0x0000007c   Code   RO         1967    i.frag_map_session  Net_Dbg_CM3_L.lib(net_ip4_frag.o)
    0x0801209c   0x0801209c   0x00000028   Code   RO         2267    i.get_next_field    Net_Dbg_CM3_L.lib(net_http_server.o)
    0x080120c4   0x080120c4   0x00000032   Code   RO         2268    i.get_next_par      Net_Dbg_CM3_L.lib(net_http_server.o)
    0x080120f6   0x080120f6   0x0000005c   Code   RO         2215    i.get_tout          Net_Dbg_CM3_L.lib(net_dhcp6_client.o)
    0x08012152   0x08012152   0x00000022   Code   RO         2269    i.hex2byte          Net_Dbg_CM3_L.lib(net_http_server.o)
    0x08012174   0x08012174   0x0000036c   Code   RO         2270    i.http_add_header   Net_Dbg_CM3_L.lib(net_http_server.o)
    0x080124e0   0x080124e0   0x00000050   Code   RO         2390    i.http_auth_basic_add  Net_Dbg_CM3_L.lib(net_http_server_auth.o)
    0x08012530   0x08012530   0x00000090   Code   RO         2391    i.http_auth_basic_parse  Net_Dbg_CM3_L.lib(net_http_server_auth.o)
    0x080125c0   0x080125c0   0x00000002   Code   RO         2397    i.http_auth_dummy   Net_Dbg_CM3_L.lib(net_http_server_auth.o)
    0x080125c2   0x080125c2   0x00000002   PAD
    0x080125c4   0x080125c4   0x00000024   Code   RO         2398    i.http_auth_init    Net_Dbg_CM3_L.lib(net_http_server_auth.o)
    0x080125e8   0x080125e8   0x000001cc   Code   RO         2271    i.http_error_msg    Net_Dbg_CM3_L.lib(net_http_server.o)
    0x080127b4   0x080127b4   0x00000078   Code   RO         2272    i.http_get_ftype    Net_Dbg_CM3_L.lib(net_http_server.o)
    0x0801282c   0x0801282c   0x0000005e   Code   RO         2273    i.http_kill_session  Net_Dbg_CM3_L.lib(net_http_server.o)
    0x0801288a   0x0801288a   0x00000002   PAD
    0x0801288c   0x0801288c   0x000002a8   Code   RO         2274    i.http_listener     Net_Dbg_CM3_L.lib(net_http_server.o)
    0x08012b34   0x08012b34   0x00000184   Code   RO         2275    i.http_open_file    Net_Dbg_CM3_L.lib(net_http_server.o)
    0x08012cb8   0x08012cb8   0x0000011c   Code   RO         2276    i.http_parse_header  Net_Dbg_CM3_L.lib(net_http_server.o)
    0x08012dd4   0x08012dd4   0x000001a8   Code   RO         2277    i.http_proc_multipart  Net_Dbg_CM3_L.lib(net_http_server.o)
    0x08012f7c   0x08012f7c   0x00000138   Code   RO         2278    i.http_proc_post    Net_Dbg_CM3_L.lib(net_http_server.o)
    0x080130b4   0x080130b4   0x00000468   Code   RO         2279    i.http_server_run   Net_Dbg_CM3_L.lib(net_http_server.o)
    0x0801351c   0x0801351c   0x00000060   Code   RO         2280    i.http_server_start  Net_Dbg_CM3_L.lib(net_http_server.o)
    0x0801357c   0x0801357c   0x00000020   Code   RO         2282    i.http_strcpy       Net_Dbg_CM3_L.lib(net_http_server.o)
    0x0801359c   0x0801359c   0x000000ac   Code   RO         2283    i.http_to_utc       Net_Dbg_CM3_L.lib(net_http_server.o)
    0x08013648   0x08013648   0x0000001a   Code   RO         2664    i.i2str             Net_Dbg_CM3_L.lib(net_common.o)
    0x08013662   0x08013662   0x0000000c   Code   RO         2561    i.ip4_get_chksum    Net_Dbg_CM3_L.lib(net_ip4.o)
    0x0801366e   0x0801366e   0x00000028   Code   RO         2562    i.ip4_get_mtu       Net_Dbg_CM3_L.lib(net_ip4.o)
    0x08013696   0x08013696   0x00000040   Code   RO         2494    i.ip4_ntoa          Net_Dbg_CM3_L.lib(net_addr.o)
    0x080136d6   0x080136d6   0x00000002   PAD
    0x080136d8   0x080136d8   0x000000ca   Code   RO         2495    i.ip6_ntoa          Net_Dbg_CM3_L.lib(net_addr.o)
    0x080137a2   0x080137a2   0x00000002   PAD
    0x080137a4   0x080137a4   0x0000000c   Code   RO         2640    i.mem_lock          Net_Dbg_CM3_L.lib(net_mem.o)
    0x080137b0   0x080137b0   0x0000000c   Code   RO         2641    i.mem_unlock        Net_Dbg_CM3_L.lib(net_mem.o)
    0x080137bc   0x080137bc   0x000001a4   Code   RO         2251    i.nbns_listener     Net_Dbg_CM3_L.lib(net_nbns_client.o)
    0x08013960   0x08013960   0x00000120   Code   RO         1880    i.ndp_cache_add     Net_Dbg_CM3_L.lib(net_ndp.o)
    0x08013a80   0x08013a80   0x00000072   Code   RO         1881    i.ndp_cache_alloc   Net_Dbg_CM3_L.lib(net_ndp.o)
    0x08013af2   0x08013af2   0x00000002   PAD
    0x08013af4   0x08013af4   0x00000078   Code   RO         1882    i.ndp_cache_delete  Net_Dbg_CM3_L.lib(net_ndp.o)
    0x08013b6c   0x08013b6c   0x0000016c   Code   RO         1883    i.ndp_cache_run     Net_Dbg_CM3_L.lib(net_ndp.o)
    0x08013cd8   0x08013cd8   0x0000002c   Code   RO         1884    i.ndp_check_frame   Net_Dbg_CM3_L.lib(net_ndp.o)
    0x08013d04   0x08013d04   0x00000012   Code   RO         1885    i.ndp_next_opt      Net_Dbg_CM3_L.lib(net_ndp.o)
    0x08013d16   0x08013d16   0x00000002   PAD
    0x08013d18   0x08013d18   0x000000e4   Code   RO         1886    i.ndp_prefix_add    Net_Dbg_CM3_L.lib(net_ndp.o)
    0x08013dfc   0x08013dfc   0x0000009c   Code   RO         1887    i.ndp_probe_run     Net_Dbg_CM3_L.lib(net_ndp.o)
    0x08013e98   0x08013e98   0x000000fc   Code   RO         1889    i.ndp_proc_response  Net_Dbg_CM3_L.lib(net_ndp.o)
    0x08013f94   0x08013f94   0x0000001a   Code   RO         1890    i.ndp_que_free      Net_Dbg_CM3_L.lib(net_ndp.o)
    0x08013fae   0x08013fae   0x00000002   PAD
    0x08013fb0   0x08013fb0   0x00000038   Code   RO         1891    i.ndp_router_remove  Net_Dbg_CM3_L.lib(net_ndp.o)
    0x08013fe8   0x08013fe8   0x0000009c   Code   RO         1892    i.ndp_send_reply    Net_Dbg_CM3_L.lib(net_ndp.o)
    0x08014084   0x08014084   0x000000bc   Code   RO         1893    i.ndp_send_request  Net_Dbg_CM3_L.lib(net_ndp.o)
    0x08014140   0x08014140   0x000001a0   Code   RO         1894    i.ndp_slaac_run     Net_Dbg_CM3_L.lib(net_ndp.o)
    0x080142e0   0x080142e0   0x00000004   Code   RO         2284    i.netCGI_Charset    Net_Dbg_CM3_L.lib(net_http_server.o)
    0x080142e4   0x080142e4   0x00000004   Code   RO         2285    i.netCGI_ContentType  Net_Dbg_CM3_L.lib(net_http_server.o)
    0x080142e8   0x080142e8   0x00000004   Code   RO         2286    i.netCGI_CustomHeader  Net_Dbg_CM3_L.lib(net_http_server.o)
    0x080142ec   0x080142ec   0x0000006c   Code   RO         2287    i.netCGI_GetEnvVar  Net_Dbg_CM3_L.lib(net_http_server.o)
    0x08014358   0x08014358   0x00000004   Code   RO         2290    i.netCGI_Redirect   Net_Dbg_CM3_L.lib(net_http_server.o)
    0x0801435c   0x0801435c   0x00000004   Code   RO         2292    i.netCGX_ContentType  Net_Dbg_CM3_L.lib(net_http_server.o)
    0x08014360   0x08014360   0x00000064   Code   RO         2444    i.netCore_Thread    Net_Dbg_CM3_L.lib(net_sys.o)
    0x080143c4   0x080143c4   0x00000002   Code   RO         2218    i.netDHCP6_Notify   Net_Dbg_CM3_L.lib(net_dhcp6_client.o)
    0x080143c6   0x080143c6   0x00000002   Code   RO         1767    i.netETH_Notify     Net_Dbg_CM3_L.lib(net_eth.o)
    0x080143c8   0x080143c8   0x00000002   Code   RO         1768    i.netETH_ReceiveRaw  Net_Dbg_CM3_L.lib(net_eth.o)
    0x080143ca   0x080143ca   0x00000072   Code   RO         1770    i.netETH_Thread     Net_Dbg_CM3_L.lib(net_eth.o)
    0x0801443c   0x0801443c   0x00000004   Code   RO         2293    i.netHTTPs_AcceptClient  Net_Dbg_CM3_L.lib(net_http_server.o)
    0x08014440   0x08014440   0x00000004   Code   RO         2399    i.netHTTPs_CheckAccount  Net_Dbg_CM3_L.lib(net_http_server_auth.o)
    0x08014444   0x08014444   0x00000004   Code   RO         2295    i.netHTTPs_FileAccess  Net_Dbg_CM3_L.lib(net_http_server.o)
    0x08014448   0x08014448   0x00000020   Code   RO         2298    i.netHTTPs_GetLanguage  Net_Dbg_CM3_L.lib(net_http_server.o)
    0x08014468   0x08014468   0x0000000c   Code   RO         2299    i.netHTTPs_GetPassword  Net_Dbg_CM3_L.lib(net_http_server.o)
    0x08014474   0x08014474   0x0000000c   Code   RO         2305    i.netHTTPs_LoginActive  Net_Dbg_CM3_L.lib(net_http_server.o)
    0x08014480   0x08014480   0x00000058   Code   RO         2308    i.netHTTPs_SetPassword  Net_Dbg_CM3_L.lib(net_http_server.o)
    0x080144d8   0x080144d8   0x00000088   Code   RO         2445    i.netIF_GetOption   Net_Dbg_CM3_L.lib(net_sys.o)
    0x08014560   0x08014560   0x00000084   Code   RO         2447    i.netIF_SetOption   Net_Dbg_CM3_L.lib(net_sys.o)
    0x080145e4   0x080145e4   0x0000001a   Code   RO         2497    i.netIP_aton        Net_Dbg_CM3_L.lib(net_addr.o)
    0x080145fe   0x080145fe   0x00000032   Code   RO         2498    i.netIP_ntoa        Net_Dbg_CM3_L.lib(net_addr.o)
    0x08014630   0x08014630   0x000000ac   Code   RO         2448    i.netInitialize     Net_Dbg_CM3_L.lib(net_sys.o)
    0x080146dc   0x080146dc   0x0000008c   Code   RO         2499    i.netMAC_aton       Net_Dbg_CM3_L.lib(net_addr.o)
    0x08014768   0x08014768   0x00000004   Code   RO         2090    i.netTCP_GetLocalPort  Net_Dbg_CM3_L.lib(net_tcp.o)
    0x0801476c   0x0801476c   0x00000020   Code   RO         2092    i.netTCP_GetPeer    Net_Dbg_CM3_L.lib(net_tcp.o)
    0x0801478c   0x0801478c   0x00000004   Code   RO         2094    i.netTCP_GetState   Net_Dbg_CM3_L.lib(net_tcp.o)
    0x08014790   0x08014790   0x00000004   Code   RO         2095    i.netTCP_GetTimer   Net_Dbg_CM3_L.lib(net_tcp.o)
    0x08014794   0x08014794   0x0000007c   Code   RO         2501    i.net_addr4_aton    Net_Dbg_CM3_L.lib(net_addr.o)
    0x08014810   0x08014810   0x0000001e   Code   RO         2503    i.net_addr4_to_mac  Net_Dbg_CM3_L.lib(net_addr.o)
    0x0801482e   0x0801482e   0x00000002   PAD
    0x08014830   0x08014830   0x000000e6   Code   RO         2504    i.net_addr6_aton    Net_Dbg_CM3_L.lib(net_addr.o)
    0x08014916   0x08014916   0x00000028   Code   RO         2505    i.net_addr6_comp    Net_Dbg_CM3_L.lib(net_addr.o)
    0x0801493e   0x0801493e   0x00000012   Code   RO         2506    i.net_addr6_copy    Net_Dbg_CM3_L.lib(net_addr.o)
    0x08014950   0x08014950   0x0000004c   Code   RO         2507    i.net_addr6_create  Net_Dbg_CM3_L.lib(net_addr.o)
    0x0801499c   0x0801499c   0x00000028   Code   RO         2508    i.net_addr6_get_solicited  Net_Dbg_CM3_L.lib(net_addr.o)
    0x080149c4   0x080149c4   0x00000018   Code   RO         2509    i.net_addr6_is_linklocal  Net_Dbg_CM3_L.lib(net_addr.o)
    0x080149dc   0x080149dc   0x0000006e   Code   RO         2510    i.net_addr6_is_onlink  Net_Dbg_CM3_L.lib(net_addr.o)
    0x08014a4a   0x08014a4a   0x00000048   Code   RO         2511    i.net_addr6_is_solicited  Net_Dbg_CM3_L.lib(net_addr.o)
    0x08014a92   0x08014a92   0x00000018   Code   RO         2512    i.net_addr6_is_unspec  Net_Dbg_CM3_L.lib(net_addr.o)
    0x08014aaa   0x08014aaa   0x0000000e   Code   RO         2514    i.net_addr6_to_mac  Net_Dbg_CM3_L.lib(net_addr.o)
    0x08014ab8   0x08014ab8   0x00000026   Code   RO         2516    i.net_addr_copy     Net_Dbg_CM3_L.lib(net_addr.o)
    0x08014ade   0x08014ade   0x0000001a   Code   RO         2517    i.net_addr_find_route  Net_Dbg_CM3_L.lib(net_addr.o)
    0x08014af8   0x08014af8   0x00000020   Code   RO         2519    i.net_addr_get_local  Net_Dbg_CM3_L.lib(net_addr.o)
    0x08014b18   0x08014b18   0x00000022   Code   RO         2520    i.net_addr_is_unspec  Net_Dbg_CM3_L.lib(net_addr.o)
    0x08014b3a   0x08014b3a   0x00000002   PAD
    0x08014b3c   0x08014b3c   0x0000011c   Code   RO         1830    i.net_arp_cache_add  Net_Dbg_CM3_L.lib(net_arp.o)
    0x08014c58   0x08014c58   0x000000bc   Code   RO         1831    i.net_arp_cache_early  Net_Dbg_CM3_L.lib(net_arp.o)
    0x08014d14   0x08014d14   0x000000ec   Code   RO         1832    i.net_arp_cache_find  Net_Dbg_CM3_L.lib(net_arp.o)
    0x08014e00   0x08014e00   0x00000048   Code   RO         1833    i.net_arp_cache_init  Net_Dbg_CM3_L.lib(net_arp.o)
    0x08014e48   0x08014e48   0x0000001c   Code   RO         1834    i.net_arp_cache_run  Net_Dbg_CM3_L.lib(net_arp.o)
    0x08014e64   0x08014e64   0x00000078   Code   RO         1836    i.net_arp_enqueue   Net_Dbg_CM3_L.lib(net_arp.o)
    0x08014edc   0x08014edc   0x00000020   Code   RO         1838    i.net_arp_notify    Net_Dbg_CM3_L.lib(net_arp.o)
    0x08014efc   0x08014efc   0x00000224   Code   RO         1840    i.net_arp_process   Net_Dbg_CM3_L.lib(net_arp.o)
    0x08015120   0x08015120   0x00000042   Code   RO         2665    i.net_atoi          Net_Dbg_CM3_L.lib(net_common.o)
    0x08015162   0x08015162   0x00000002   PAD
    0x08015164   0x08015164   0x00000078   Code   RO         2731    i.net_base64_decode  Net_Dbg_CM3_L.lib(net_base64.o)
    0x080151dc   0x080151dc   0x00000030   Code   RO         2667    i.net_chksum_buf    Net_Dbg_CM3_L.lib(net_common.o)
    0x0801520c   0x0801520c   0x0000001e   Code   RO         2668    i.net_crc_buf       Net_Dbg_CM3_L.lib(net_common.o)
    0x0801522a   0x0801522a   0x00000002   PAD
    0x0801522c   0x0801522c   0x00000088   Code   RO         2219    i.net_dhcp6_client_init  Net_Dbg_CM3_L.lib(net_dhcp6_client.o)
    0x080152b4   0x080152b4   0x0000001c   Code   RO         2220    i.net_dhcp6_client_run  Net_Dbg_CM3_L.lib(net_dhcp6_client.o)
    0x080152d0   0x080152d0   0x0000000e   Code   RO         1771    i.net_eth_callback  Net_Dbg_CM3_L.lib(net_eth.o)
    0x080152de   0x080152de   0x00000068   Code   RO         1772    i.net_eth_config_mcast  Net_Dbg_CM3_L.lib(net_eth.o)
    0x08015346   0x08015346   0x000000ea   Code   RO         1774    i.net_eth_get_option  Net_Dbg_CM3_L.lib(net_eth.o)
    0x08015430   0x08015430   0x0000001c   Code   RO         1775    i.net_eth_iface_init  Net_Dbg_CM3_L.lib(net_eth.o)
    0x0801544c   0x0801544c   0x0000001c   Code   RO         1776    i.net_eth_iface_run  Net_Dbg_CM3_L.lib(net_eth.o)
    0x08015468   0x08015468   0x000000a8   Code   RO         1778    i.net_eth_output    Net_Dbg_CM3_L.lib(net_eth.o)
    0x08015510   0x08015510   0x000001e0   Code   RO         1779    i.net_eth_send_frame  Net_Dbg_CM3_L.lib(net_eth.o)
    0x080156f0   0x080156f0   0x00000270   Code   RO         1780    i.net_eth_set_option  Net_Dbg_CM3_L.lib(net_eth.o)
    0x08015960   0x08015960   0x000000e8   Code   RO         2314    i.net_http_server_init  Net_Dbg_CM3_L.lib(net_http_server.o)
    0x08015a48   0x08015a48   0x00000028   Code   RO         2315    i.net_http_server_run  Net_Dbg_CM3_L.lib(net_http_server.o)
    0x08015a70   0x08015a70   0x00000018   Code   RO         2009    i.net_icmp6_init    Net_Dbg_CM3_L.lib(net_icmp6.o)
    0x08015a88   0x08015a88   0x00000238   Code   RO         2010    i.net_icmp6_process  Net_Dbg_CM3_L.lib(net_icmp6.o)
    0x08015cc0   0x08015cc0   0x00000084   Code   RO         2011    i.net_icmp6_send    Net_Dbg_CM3_L.lib(net_icmp6.o)
    0x08015d44   0x08015d44   0x00000058   Code   RO         2012    i.net_icmp6_send_echo  Net_Dbg_CM3_L.lib(net_icmp6.o)
    0x08015d9c   0x08015d9c   0x00000018   Code   RO         1989    i.net_icmp_init     Net_Dbg_CM3_L.lib(net_icmp.o)
    0x08015db4   0x08015db4   0x000001c8   Code   RO         1990    i.net_icmp_process  Net_Dbg_CM3_L.lib(net_icmp.o)
    0x08015f7c   0x08015f7c   0x000000a0   Code   RO         1991    i.net_icmp_send_echo  Net_Dbg_CM3_L.lib(net_icmp.o)
    0x0801601c   0x0801601c   0x0000000c   Code   RO         2452    i.net_if_map_all    Net_Dbg_CM3_L.lib(net_sys.o)
    0x08016028   0x08016028   0x0000018c   Code   RO         2563    i.net_ip4_chk_frame  Net_Dbg_CM3_L.lib(net_ip4.o)
    0x080161b4   0x080161b4   0x0000002c   Code   RO         2564    i.net_ip4_chksum    Net_Dbg_CM3_L.lib(net_ip4.o)
    0x080161e0   0x080161e0   0x00000006   Code   RO         2565    i.net_ip4_chksum_buf  Net_Dbg_CM3_L.lib(net_ip4.o)
    0x080161e6   0x080161e6   0x00000002   PAD
    0x080161e8   0x080161e8   0x00000080   Code   RO         2567    i.net_ip4_find_route  Net_Dbg_CM3_L.lib(net_ip4.o)
    0x08016268   0x08016268   0x00000124   Code   RO         1968    i.net_ip4_frag_add  Net_Dbg_CM3_L.lib(net_ip4_frag.o)
    0x0801638c   0x0801638c   0x000000ac   Code   RO         1969    i.net_ip4_frag_get  Net_Dbg_CM3_L.lib(net_ip4_frag.o)
    0x08016438   0x08016438   0x00000010   Code   RO         1970    i.net_ip4_frag_init  Net_Dbg_CM3_L.lib(net_ip4_frag.o)
    0x08016448   0x08016448   0x0000003c   Code   RO         1971    i.net_ip4_frag_run  Net_Dbg_CM3_L.lib(net_ip4_frag.o)
    0x08016484   0x08016484   0x0000002c   Code   RO         2568    i.net_ip4_get_local  Net_Dbg_CM3_L.lib(net_ip4.o)
    0x080164b0   0x080164b0   0x00000024   Code   RO         2569    i.net_ip4_init      Net_Dbg_CM3_L.lib(net_ip4.o)
    0x080164d4   0x080164d4   0x00000020   Code   RO         2570    i.net_ip4_is_onlink  Net_Dbg_CM3_L.lib(net_ip4.o)
    0x080164f4   0x080164f4   0x00000026   Code   RO         2571    i.net_ip4_is_subcast  Net_Dbg_CM3_L.lib(net_ip4.o)
    0x0801651a   0x0801651a   0x0000000e   Code   RO         2572    i.net_ip4_reass_frame  Net_Dbg_CM3_L.lib(net_ip4.o)
    0x08016528   0x08016528   0x00000164   Code   RO         2573    i.net_ip4_send_frame  Net_Dbg_CM3_L.lib(net_ip4.o)
    0x0801668c   0x0801668c   0x0000002a   Code   RO         2575    i.net_ip4_tx_offl_hl  Net_Dbg_CM3_L.lib(net_ip4.o)
    0x080166b6   0x080166b6   0x00000002   PAD
    0x080166b8   0x080166b8   0x00000100   Code   RO         2601    i.net_ip6_chk_frame  Net_Dbg_CM3_L.lib(net_ip6.o)
    0x080167b8   0x080167b8   0x00000032   Code   RO         2602    i.net_ip6_chksum    Net_Dbg_CM3_L.lib(net_ip6.o)
    0x080167ea   0x080167ea   0x00000002   PAD
    0x080167ec   0x080167ec   0x0000007c   Code   RO         2603    i.net_ip6_collect_mcast  Net_Dbg_CM3_L.lib(net_ip6.o)
    0x08016868   0x08016868   0x00000048   Code   RO         2605    i.net_ip6_find_route  Net_Dbg_CM3_L.lib(net_ip6.o)
    0x080168b0   0x080168b0   0x00000054   Code   RO         2606    i.net_ip6_get_local  Net_Dbg_CM3_L.lib(net_ip6.o)
    0x08016904   0x08016904   0x0000001c   Code   RO         2607    i.net_ip6_init      Net_Dbg_CM3_L.lib(net_ip6.o)
    0x08016920   0x08016920   0x000000cc   Code   RO         2608    i.net_ip6_send_frame  Net_Dbg_CM3_L.lib(net_ip6.o)
    0x080169ec   0x080169ec   0x0000001e   Code   RO         2610    i.net_ip6_tx_offl_hl  Net_Dbg_CM3_L.lib(net_ip6.o)
    0x08016a0a   0x08016a0a   0x00000008   Code   RO         2669    i.net_itoa          Net_Dbg_CM3_L.lib(net_common.o)
    0x08016a12   0x08016a12   0x00000006   Code   RO         2671    i.net_itoa_n0       Net_Dbg_CM3_L.lib(net_common.o)
    0x08016a18   0x08016a18   0x00000030   Code   RO         1950    i.net_loop_iface_init  Net_Dbg_CM3_L.lib(net_loopback.o)
    0x08016a48   0x08016a48   0x000000bc   Code   RO         1951    i.net_loop_iface_run  Net_Dbg_CM3_L.lib(net_loopback.o)
    0x08016b04   0x08016b04   0x00000070   Code   RO         1953    i.net_loop_send_frame  Net_Dbg_CM3_L.lib(net_loopback.o)
    0x08016b74   0x08016b74   0x000000c0   Code   RO         2642    i.net_mem_alloc     Net_Dbg_CM3_L.lib(net_mem.o)
    0x08016c34   0x08016c34   0x0000001c   Code   RO         2643    i.net_mem_avail     Net_Dbg_CM3_L.lib(net_mem.o)
    0x08016c50   0x08016c50   0x000000a4   Code   RO         2644    i.net_mem_free      Net_Dbg_CM3_L.lib(net_mem.o)
    0x08016cf4   0x08016cf4   0x00000070   Code   RO         2645    i.net_mem_init      Net_Dbg_CM3_L.lib(net_mem.o)
    0x08016d64   0x08016d64   0x00000048   Code   RO         2646    i.net_mem_shrink    Net_Dbg_CM3_L.lib(net_mem.o)
    0x08016dac   0x08016dac   0x00000064   Code   RO         2252    i.net_nbns_client_init  Net_Dbg_CM3_L.lib(net_nbns_client.o)
    0x08016e10   0x08016e10   0x000001c4   Code   RO         1901    i.net_ndp_cache_find  Net_Dbg_CM3_L.lib(net_ndp.o)
    0x08016fd4   0x08016fd4   0x00000080   Code   RO         1902    i.net_ndp_cache_init  Net_Dbg_CM3_L.lib(net_ndp.o)
    0x08017054   0x08017054   0x00000078   Code   RO         1904    i.net_ndp_cache_refresh  Net_Dbg_CM3_L.lib(net_ndp.o)
    0x080170cc   0x080170cc   0x0000001c   Code   RO         1905    i.net_ndp_cache_run  Net_Dbg_CM3_L.lib(net_ndp.o)
    0x080170e8   0x080170e8   0x00000070   Code   RO         1907    i.net_ndp_enqueue   Net_Dbg_CM3_L.lib(net_ndp.o)
    0x08017158   0x08017158   0x00000374   Code   RO         1909    i.net_ndp_process   Net_Dbg_CM3_L.lib(net_ndp.o)
    0x080174cc   0x080174cc   0x00000038   Code   RO         2454    i.net_path          Net_Dbg_CM3_L.lib(net_sys.o)
    0x08017504   0x08017504   0x00000020   Code   RO         2425    i.net_ping_client_init  Net_Dbg_CM3_L.lib(net_ping_core.o)
    0x08017524   0x08017524   0x00000080   Code   RO         2426    i.net_ping_client_run  Net_Dbg_CM3_L.lib(net_ping_core.o)
    0x080175a4   0x080175a4   0x0000001c   Code   RO         2455    i.net_rand32        Net_Dbg_CM3_L.lib(net_sys.o)
    0x080175c0   0x080175c0   0x0000002e   Code   RO         2672    i.net_strcasecmp    Net_Dbg_CM3_L.lib(net_common.o)
    0x080175ee   0x080175ee   0x00000016   Code   RO         2673    i.net_strchr        Net_Dbg_CM3_L.lib(net_common.o)
    0x08017604   0x08017604   0x0000001a   Code   RO         2674    i.net_strcmp        Net_Dbg_CM3_L.lib(net_common.o)
    0x0801761e   0x0801761e   0x00000012   Code   RO         2675    i.net_strcpy        Net_Dbg_CM3_L.lib(net_common.o)
    0x08017630   0x08017630   0x0000001c   Code   RO         2677    i.net_strnchr       Net_Dbg_CM3_L.lib(net_common.o)
    0x0801764c   0x0801764c   0x0000001a   Code   RO         2678    i.net_strncpy       Net_Dbg_CM3_L.lib(net_common.o)
    0x08017666   0x08017666   0x00000020   Code   RO         2679    i.net_strtoupper    Net_Dbg_CM3_L.lib(net_common.o)
    0x08017686   0x08017686   0x00000002   PAD
    0x08017688   0x08017688   0x0000000c   Code   RO         2456    i.net_sys_lock      Net_Dbg_CM3_L.lib(net_sys.o)
    0x08017694   0x08017694   0x00000016   Code   RO         2457    i.net_sys_resume    Net_Dbg_CM3_L.lib(net_sys.o)
    0x080176aa   0x080176aa   0x00000002   PAD
    0x080176ac   0x080176ac   0x00000014   Code   RO         2459    i.net_sys_tick      Net_Dbg_CM3_L.lib(net_sys.o)
    0x080176c0   0x080176c0   0x0000000c   Code   RO         2460    i.net_sys_unlock    Net_Dbg_CM3_L.lib(net_sys.o)
    0x080176cc   0x080176cc   0x00000020   Code   RO         2462    i.net_sys_wakeup    Net_Dbg_CM3_L.lib(net_sys.o)
    0x080176ec   0x080176ec   0x00000084   Code   RO         2102    i.net_tcp_abort     Net_Dbg_CM3_L.lib(net_tcp.o)
    0x08017770   0x08017770   0x000000e4   Code   RO         2105    i.net_tcp_close     Net_Dbg_CM3_L.lib(net_tcp.o)
    0x08017854   0x08017854   0x0000002e   Code   RO         2108    i.net_tcp_get_buf   Net_Dbg_CM3_L.lib(net_tcp.o)
    0x08017882   0x08017882   0x00000002   PAD
    0x08017884   0x08017884   0x00000034   Code   RO         2110    i.net_tcp_get_local_port  Net_Dbg_CM3_L.lib(net_tcp.o)
    0x080178b8   0x080178b8   0x00000028   Code   RO         2111    i.net_tcp_get_mss   Net_Dbg_CM3_L.lib(net_tcp.o)
    0x080178e0   0x080178e0   0x00000054   Code   RO         2113    i.net_tcp_get_peer  Net_Dbg_CM3_L.lib(net_tcp.o)
    0x08017934   0x08017934   0x00000070   Code   RO         2115    i.net_tcp_get_socket  Net_Dbg_CM3_L.lib(net_tcp.o)
    0x080179a4   0x080179a4   0x0000002c   Code   RO         2116    i.net_tcp_get_state  Net_Dbg_CM3_L.lib(net_tcp.o)
    0x080179d0   0x080179d0   0x00000034   Code   RO         2117    i.net_tcp_get_timer  Net_Dbg_CM3_L.lib(net_tcp.o)
    0x08017a04   0x08017a04   0x000000b0   Code   RO         2118    i.net_tcp_listen    Net_Dbg_CM3_L.lib(net_tcp.o)
    0x08017ab4   0x08017ab4   0x000007a8   Code   RO         2120    i.net_tcp_process   Net_Dbg_CM3_L.lib(net_tcp.o)
    0x0801825c   0x0801825c   0x0000015c   Code   RO         2124    i.net_tcp_send      Net_Dbg_CM3_L.lib(net_tcp.o)
    0x080183b8   0x080183b8   0x0000012c   Code   RO         2126    i.net_tcp_set_option  Net_Dbg_CM3_L.lib(net_tcp.o)
    0x080184e4   0x080184e4   0x00000028   Code   RO         2127    i.net_tcp_socket_init  Net_Dbg_CM3_L.lib(net_tcp.o)
    0x0801850c   0x0801850c   0x000003c0   Code   RO         2128    i.net_tcp_socket_run  Net_Dbg_CM3_L.lib(net_tcp.o)
    0x080188cc   0x080188cc   0x0000002e   Code   RO         2039    i.net_udp_get_buf   Net_Dbg_CM3_L.lib(net_udp.o)
    0x080188fa   0x080188fa   0x00000002   PAD
    0x080188fc   0x080188fc   0x00000070   Code   RO         2042    i.net_udp_get_socket  Net_Dbg_CM3_L.lib(net_udp.o)
    0x0801896c   0x0801896c   0x000000ac   Code   RO         2044    i.net_udp_open      Net_Dbg_CM3_L.lib(net_udp.o)
    0x08018a18   0x08018a18   0x00000158   Code   RO         2045    i.net_udp_process   Net_Dbg_CM3_L.lib(net_udp.o)
    0x08018b70   0x08018b70   0x0000022c   Code   RO         2048    i.net_udp_send_if   Net_Dbg_CM3_L.lib(net_udp.o)
    0x08018d9c   0x08018d9c   0x00000024   Code   RO         2050    i.net_udp_socket_init  Net_Dbg_CM3_L.lib(net_udp.o)
    0x08018dc0   0x08018dc0   0x00000008   Code   RO         2680    i.net_ultoa         Net_Dbg_CM3_L.lib(net_common.o)
    0x08018dc8   0x08018dc8   0x00000030   Code   RO         2683    i.net_ultox         Net_Dbg_CM3_L.lib(net_common.o)
    0x08018df8   0x08018df8   0x0000004c   Code   RO         2684    i.net_xtoul         Net_Dbg_CM3_L.lib(net_common.o)
    0x08018e44   0x08018e44   0x0000001c   Code   RO         2429    i.ping_send_req     Net_Dbg_CM3_L.lib(net_ping_core.o)
    0x08018e60   0x08018e60   0x00000104   Code   RO         2222    i.proc_opt_ia_na    Net_Dbg_CM3_L.lib(net_dhcp6_client.o)
    0x08018f64   0x08018f64   0x00000058   Code   RO         2318    i.proc_req_line     Net_Dbg_CM3_L.lib(net_http_server.o)
    0x08018fbc   0x08018fbc   0x0000001a   Code   RO         1973    i.que_free_list     Net_Dbg_CM3_L.lib(net_ip4_frag.o)
    0x08018fd6   0x08018fd6   0x000000a0   Code   RO         2319    i.read_script_line  Net_Dbg_CM3_L.lib(net_http_server.o)
    0x08019076   0x08019076   0x00000048   Code   RO         2320    i.search_delim      Net_Dbg_CM3_L.lib(net_http_server.o)
    0x080190be   0x080190be   0x00000070   Code   RO         2223    i.select_server     Net_Dbg_CM3_L.lib(net_dhcp6_client.o)
    0x0801912e   0x0801912e   0x00000018   Code   RO         2463    i.sys_map_if        Net_Dbg_CM3_L.lib(net_sys.o)
    0x08019146   0x08019146   0x00000002   PAD
    0x08019148   0x08019148   0x0000004c   Code   RO         2464    i.sys_proc_tick     Net_Dbg_CM3_L.lib(net_sys.o)
    0x08019194   0x08019194   0x00000110   Code   RO         2130    i.tcp_map_socket    Net_Dbg_CM3_L.lib(net_tcp.o)
    0x080192a4   0x080192a4   0x00000084   Code   RO         2131    i.tcp_parse_opt     Net_Dbg_CM3_L.lib(net_tcp.o)
    0x08019328   0x08019328   0x0000011c   Code   RO         2132    i.tcp_proc_acknr    Net_Dbg_CM3_L.lib(net_tcp.o)
    0x08019444   0x08019444   0x000000ac   Code   RO         2133    i.tcp_proc_dupack   Net_Dbg_CM3_L.lib(net_tcp.o)
    0x080194f0   0x080194f0   0x0000001a   Code   RO         2134    i.tcp_que_free      Net_Dbg_CM3_L.lib(net_tcp.o)
    0x0801950a   0x0801950a   0x0000001a   Code   RO         2135    i.tcp_que_init      Net_Dbg_CM3_L.lib(net_tcp.o)
    0x08019524   0x08019524   0x000000ac   Code   RO         2136    i.tcp_que_resend    Net_Dbg_CM3_L.lib(net_tcp.o)
    0x080195d0   0x080195d0   0x00000090   Code   RO         2137    i.tcp_send_ctrl     Net_Dbg_CM3_L.lib(net_tcp.o)
    0x08019660   0x08019660   0x0000007c   Code   RO         2138    i.tcp_send_data     Net_Dbg_CM3_L.lib(net_tcp.o)
    0x080196dc   0x080196dc   0x00000090   Code   RO         2139    i.tcp_send_reset    Net_Dbg_CM3_L.lib(net_tcp.o)
    0x0801976c   0x0801976c   0x00000044   Code   RO         2140    i.tcp_set_cwnd      Net_Dbg_CM3_L.lib(net_tcp.o)
    0x080197b0   0x080197b0   0x00000074   Code   RO         2141    i.tcp_transit       Net_Dbg_CM3_L.lib(net_tcp.o)
    0x08019824   0x08019824   0x0000010c   Code   RO         2142    i.tcp_write         Net_Dbg_CM3_L.lib(net_tcp.o)
    0x08019930   0x08019930   0x0000002c   Code   RO         2052    i.udp_port_in_use   Net_Dbg_CM3_L.lib(net_udp.o)
    0x0801995c   0x0801995c   0x00000044   Code   RO         2685    i.ul2str            Net_Dbg_CM3_L.lib(net_common.o)
    0x080199a0   0x080199a0   0x00000124   Code   RO         2321    i.utc_to_http       Net_Dbg_CM3_L.lib(net_http_server.o)
    0x08019ac4   0x08019ac4   0x00000024   Data   RO          165    .constdata          http_server.o
    0x08019ae8   0x08019ae8   0x00000004   Data   RO          255    .constdata          web.o
    0x08019aec   0x08019aec   0x00006bb1   Data   RO          256    .constdata          web.o
    0x0802069d   0x0802069d   0x00000003   PAD
    0x080206a0   0x080206a0   0x000000b0   Data   RO          257    .constdata          web.o
    0x08020750   0x08020750   0x00000960   Data   RO          301    .constdata          lcd.o
    0x080210b0   0x080210b0   0x00000024   Data   RO          637    .constdata          rtx_lib.o
    0x080210d4   0x080210d4   0x00000024   Data   RO          638    .constdata          rtx_lib.o
    0x080210f8   0x080210f8   0x00000018   Data   RO          639    .constdata          rtx_lib.o
    0x08021110   0x08021110   0x00000004   Data   RO          641    .constdata          rtx_lib.o
    0x08021114   0x08021114   0x00000004   Data   RO          982    .constdata          phy_lan8742a.o
    0x08021118   0x08021118   0x00000020   Data   RO          983    .constdata          phy_lan8742a.o
    0x08021138   0x08021138   0x00000050   Data   RO         1010    .constdata          emac_stm32f4xx.o
    0x08021188   0x08021188   0x00000044   Data   RO         1011    .constdata          emac_stm32f4xx.o
    0x080211cc   0x080211cc   0x00000034   Data   RO         1053    .constdata          spi_stm32f4xx.o
    0x08021200   0x08021200   0x00000010   Data   RO         1054    .constdata          spi_stm32f4xx.o
    0x08021210   0x08021210   0x00000010   Data   RO         1055    .constdata          spi_stm32f4xx.o
    0x08021220   0x08021220   0x0000002c   Data   RO         1056    .constdata          spi_stm32f4xx.o
    0x0802124c   0x0802124c   0x00000018   Data   RO         1092    .constdata          eventrecorder.o
    0x08021264   0x08021264   0x00000008   Data   RO         1260    .constdata          stm32f4xx_hal_dma.o
    0x0802126c   0x0802126c   0x00000010   Data   RO         1604    .constdata          system_stm32f4xx_1.o
    0x0802127c   0x0802127c   0x00000008   Data   RO         1605    .constdata          system_stm32f4xx_1.o
    0x08021284   0x08021284   0x000000a8   Data   RO         1650    .constdata          net_config.o
    0x0802132c   0x0802132c   0x0000001c   Data   RO         1651    .constdata          net_config.o
    0x08021348   0x08021348   0x00000014   Data   RO         1652    .constdata          net_config.o
    0x0802135c   0x0802135c   0x0000000c   Data   RO         1653    .constdata          net_config.o
    0x08021368   0x08021368   0x00000028   Data   RO         1654    .constdata          net_config.o
    0x08021390   0x08021390   0x00000010   Data   RO         1655    .constdata          net_config.o
    0x080213a0   0x080213a0   0x0000000c   Data   RO         1656    .constdata          net_config.o
    0x080213ac   0x080213ac   0x00000014   Data   RO         1657    .constdata          net_config.o
    0x080213c0   0x080213c0   0x00000020   Data   RO         1658    .constdata          net_config.o
    0x080213e0   0x080213e0   0x0000002c   Data   RO         1659    .constdata          net_config.o
    0x0802140c   0x0802140c   0x00000008   Data   RO         1660    .constdata          net_config.o
    0x08021414   0x08021414   0x00000008   Data   RO         1661    .constdata          net_config.o
    0x0802141c   0x0802141c   0x00000008   Data   RO         1662    .constdata          net_config.o
    0x08021424   0x08021424   0x00000008   Data   RO         1663    .constdata          net_config.o
    0x0802142c   0x0802142c   0x00000008   Data   RO         1664    .constdata          net_config.o
    0x08021434   0x08021434   0x00000008   Data   RO         1665    .constdata          net_config.o
    0x0802143c   0x0802143c   0x00000008   Data   RO         1666    .constdata          net_config.o
    0x08021444   0x08021444   0x00000008   Data   RO         1667    .constdata          net_config.o
    0x0802144c   0x0802144c   0x00000008   Data   RO         1668    .constdata          net_config.o
    0x08021454   0x08021454   0x00000008   Data   RO         1669    .constdata          net_config.o
    0x0802145c   0x0802145c   0x00000008   Data   RO         1670    .constdata          net_config.o
    0x08021464   0x08021464   0x0000000c   Data   RO         1671    .constdata          net_config.o
    0x08021470   0x08021470   0x00000018   Data   RO         1672    .constdata          net_config.o
    0x08021488   0x08021488   0x00000034   Data   RO         1673    .constdata          net_config.o
    0x080214bc   0x080214bc   0x00000030   Data   RO         1674    .constdata          net_config.o
    0x080214ec   0x080214ec   0x00000028   Data   RO         1675    .constdata          net_config.o
    0x08021514   0x08021514   0x00000010   Data   RO         1677    .constdata          net_config.o
    0x08021524   0x08021524   0x00000010   Data   RO         1678    .constdata          net_config.o
    0x08021534   0x08021534   0x0000002c   Data   RO         1954    .constdata          Net_Dbg_CM3_L.lib(net_loopback.o)
    0x08021560   0x08021560   0x0000000c   Data   RO         1955    .constdata          Net_Dbg_CM3_L.lib(net_loopback.o)
    0x0802156c   0x0802156c   0x00000010   Data   RO         2228    .constdata          Net_Dbg_CM3_L.lib(net_dhcp6_client.o)
    0x0802157c   0x0802157c   0x00000008   Data   RO         2254    .constdata          Net_Dbg_CM3_L.lib(net_nbns_client.o)
    0x08021584   0x08021584   0x000000fa   Data   RO         2323    .constdata          Net_Dbg_CM3_L.lib(net_http_server.o)
    0x0802167e   0x0802167e   0x00000002   PAD
    0x08021680   0x08021680   0x00000018   Data   RO         2402    .constdata          Net_Dbg_CM3_L.lib(net_http_server_auth.o)
    0x08021698   0x08021698   0x00000012   Data   RO         2431    .constdata          Net_Dbg_CM3_L.lib(net_ping_core.o)
    0x080216aa   0x080216aa   0x00000010   Data   RO         2524    .constdata          Net_Dbg_CM3_L.lib(net_addr.o)
    0x080216ba   0x080216ba   0x00000006   Data   RO         2525    .constdata          Net_Dbg_CM3_L.lib(net_addr.o)
    0x080216c0   0x080216c0   0x00000004   Data   RO         2577    .constdata          Net_Dbg_CM3_L.lib(net_ip4.o)
    0x080216c4   0x080216c4   0x00000020   Data   RO         2612    .constdata          Net_Dbg_CM3_L.lib(net_ip6.o)
    0x080216e4   0x080216e4   0x00000010   Data   RO         2613    .constdata          Net_Dbg_CM3_L.lib(net_ip6.o)
    0x080216f4   0x080216f4   0x00000018   Data   RO         2632    .constdata          Net_Dbg_CM3_L.lib(net_http_server_err.o)
    0x0802170c   0x0802170c   0x00000010   Data   RO         2686    .constdata          Net_Dbg_CM3_L.lib(net_common.o)
    0x0802171c   0x0802171c   0x00000090   Data   RO         2733    .constdata          Net_Dbg_CM3_L.lib(net_base64.o)
    0x080217ac   0x080217ac   0x00000004   Data   RO         2742    .constdata          Net_Dbg_CM3_L.lib(net_version.o)
    0x080217b0   0x080217b0   0x000000da   Data   RO          217    .conststring        http_server_cgi.o
    0x0802188a   0x0802188a   0x00000002   PAD
    0x0802188c   0x0802188c   0x00000078   Data   RO         1679    .conststring        net_config.o
    0x08021904   0x08021904   0x0000000d   Data   RO         1680    .conststring        net_config.o
    0x08021911   0x08021911   0x00000003   PAD
    0x08021914   0x08021914   0x00000040   Data   RO         1681    .conststring        net_config.o
    0x08021954   0x08021954   0x0000003d   Data   RO         1682    .conststring        net_config.o
    0x08021991   0x08021991   0x00000003   PAD
    0x08021994   0x08021994   0x0000001d   Data   RO         1683    .conststring        net_config.o
    0x080219b1   0x080219b1   0x00000003   PAD
    0x080219b4   0x080219b4   0x00000203   Data   RO         2633    .conststring        Net_Dbg_CM3_L.lib(net_http_server_err.o)
    0x08021bb7   0x08021bb7   0x00000001   PAD
    0x08021bb8   0x08021bb8   0x0000000b   Data   RO          581    .conststrlit        rtx_kernel.o
    0x08021bc3   0x08021bc3   0x00000001   PAD
    0x08021bc4   0x08021bc4   0x000000a8   Data   RO          642    .rodata             rtx_lib.o
    0x08021c6c   0x08021c6c   0x00000030   Data   RO         3088    Region$$Table       anon$$obj.o


    Execution Region RW_IRAM2 (Exec base: 0x10000000, Load base: 0x08021ddc, Size: 0x000004a4, Max: 0x00010000, ABSOLUTE)

    Exec Addr    Load Addr    Size         Type   Attr      Idx    E Section Name        Object

    0x10000000        -       0x000004a4   Zero   RW         1091    .bss.noinit         eventrecorder.o


    Execution Region RW_IRAM1 (Exec base: 0x20000000, Load base: 0x08021c9c, Size: 0x0000f840, Max: 0x00030000, ABSOLUTE, COMPRESSED[0x00000140])

    Exec Addr    Load Addr    Size         Type   Attr      Idx    E Section Name        Object

    0x20000000   COMPRESSED   0x00008000   Data   RW          629    .bss.os             rtx_lib.o
    0x20008000   COMPRESSED   0x00000040   Data   RW          630    .bss.os             rtx_lib.o
    0x20008040   COMPRESSED   0x00000001   Data   RW          934    .bss.os             os_systick.o
    0x20008041   COMPRESSED   0x00000003   PAD
    0x20008044   COMPRESSED   0x00000034   Data   RW          631    .bss.os.msgqueue.cb  rtx_lib.o
    0x20008078   COMPRESSED   0x00000050   Data   RW          632    .bss.os.msgqueue.mem  rtx_lib.o
    0x200080c8   COMPRESSED   0x0000001c   Data   RW         1644    .bss.os.mutex.cb    net_config.o
    0x200080e4   COMPRESSED   0x0000001c   Data   RW         1645    .bss.os.mutex.cb    net_config.o
    0x20008100   COMPRESSED   0x00000010   Data   RW         1646    .bss.os.semaphore.cb  net_config.o
    0x20008110   COMPRESSED   0x00000044   Data   RW          633    .bss.os.thread.cb   rtx_lib.o
    0x20008154   COMPRESSED   0x00000044   Data   RW          634    .bss.os.thread.cb   rtx_lib.o
    0x20008198   COMPRESSED   0x00000044   Data   RW         1647    .bss.os.thread.cb   net_config.o
    0x200081dc   COMPRESSED   0x00000044   Data   RW         1648    .bss.os.thread.cb   net_config.o
    0x20008220   COMPRESSED   0x00000200   Data   RW          635    .bss.os.thread.idle.stack  rtx_lib.o
    0x20008420   COMPRESSED   0x00000200   Data   RW          636    .bss.os.thread.timer.stack  rtx_lib.o
    0x20008620   COMPRESSED   0x00000020   Data   RW         1649    .bss.os.timer.cb    net_config.o
    0x20008640   COMPRESSED   0x00000004   Data   RW            6    .data               main.o
    0x20008644   COMPRESSED   0x0000002e   Data   RW          166    .data               http_server.o
    0x20008672   COMPRESSED   0x00000001   Data   RW          167    .data               http_server.o
    0x20008673   COMPRESSED   0x00000001   PAD
    0x20008674   COMPRESSED   0x00000008   Data   RW          218    .data               http_server_cgi.o
    0x2000867c   COMPRESSED   0x00000010   Data   RW          302    .data               lcd.o
    0x2000868c   COMPRESSED   0x00000014   Data   RW          367    .data               rtc.o
    0x200086a0   COMPRESSED   0x00000004   Data   RW         1122    .data               retarget_io.o
    0x200086a4   COMPRESSED   0x0000000c   Data   RW         1154    .data               stm32f4xx_hal.o
    0x200086b0   COMPRESSED   0x00000004   Data   RW         1606    .data               system_stm32f4xx_1.o
    0x200086b4   COMPRESSED   0x00000004   Data   RW         1684    .data               net_config.o
    0x200086b8   COMPRESSED   0x00000006   Data   RW         1685    .data               net_config.o
    0x200086be   COMPRESSED   0x00000004   Data   RW         1686    .data               net_config.o
    0x200086c2   COMPRESSED   0x00000002   PAD
    0x200086c4   COMPRESSED   0x00000004   Data   RW         1956    .data               Net_Dbg_CM3_L.lib(net_loopback.o)
    0x200086c8   COMPRESSED   0x00000004   Data   RW         1974    .data               Net_Dbg_CM3_L.lib(net_ip4_frag.o)
    0x200086cc   COMPRESSED   0x00000001   Data   RW         1992    .data               Net_Dbg_CM3_L.lib(net_icmp.o)
    0x200086cd   COMPRESSED   0x00000001   Data   RW         2013    .data               Net_Dbg_CM3_L.lib(net_icmp6.o)
    0x200086ce   COMPRESSED   0x00000002   Data   RW         2054    .data               Net_Dbg_CM3_L.lib(net_udp.o)
    0x200086d0   COMPRESSED   0x00000004   Data   RW         2145    .data               Net_Dbg_CM3_L.lib(net_tcp.o)
    0x200086d4   COMPRESSED   0x00000002   Data   RW         2229    .data               Net_Dbg_CM3_L.lib(net_dhcp6_client.o)
    0x200086d6   COMPRESSED   0x00000001   Data   RW         2255    .data               Net_Dbg_CM3_L.lib(net_nbns_client.o)
    0x200086d7   COMPRESSED   0x00000001   PAD
    0x200086d8   COMPRESSED   0x0000000c   Data   RW         2324    .data               Net_Dbg_CM3_L.lib(net_http_server.o)
    0x200086e4   COMPRESSED   0x00000008   Data   RW         2578    .data               Net_Dbg_CM3_L.lib(net_ip4.o)
    0x200086ec   COMPRESSED   0x00000004   Data   RW         2614    .data               Net_Dbg_CM3_L.lib(net_ip6.o)
    0x200086f0   COMPRESSED   0x00000004   Data   RW         2756    .data               mc_w.l(stdout.o)
    0x200086f4   COMPRESSED   0x00000004   Data   RW         2757    .data               mc_w.l(stderr.o)
    0x200086f8   COMPRESSED   0x000000a4   Data   RW          582    .data.os            rtx_kernel.o
    0x2000879c        -       0x00000048   Zero   RW            5    .bss                main.o
    0x200087e4        -       0x00000068   Zero   RW          163    .bss                http_server.o
    0x2000884c   COMPRESSED   0x00000004   PAD
    0x20008850        -       0x00000400   Zero   RW          164    .bss                http_server.o
    0x20008c50        -       0x00000074   Zero   RW          216    .bss                http_server_cgi.o
    0x20008cc4        -       0x00000028   Zero   RW          275    .bss                configuracion.o
    0x20008cec        -       0x00000254   Zero   RW          300    .bss                lcd.o
    0x20008f40        -       0x0000005c   Zero   RW          366    .bss                rtc.o
    0x20008f9c        -       0x0000000c   Zero   RW          981    .bss                phy_lan8742a.o
    0x20008fa8        -       0x000024cc   Zero   RW         1009    .bss                emac_stm32f4xx.o
    0x2000b474        -       0x00000010   Zero   RW         1051    .bss                spi_stm32f4xx.o
    0x2000b484        -       0x0000001c   Zero   RW         1052    .bss                spi_stm32f4xx.o
    0x2000b4a0        -       0x00000400   Zero   RW         1633    .bss                net_config.o
    0x2000b8a0        -       0x00000400   Zero   RW         1634    .bss                net_config.o
    0x2000bca0        -       0x00002ee0   Zero   RW         1635    .bss                net_config.o
    0x2000eb80        -       0x000000c8   Zero   RW         1636    .bss                net_config.o
    0x2000ec48        -       0x00000018   Zero   RW         1637    .bss                net_config.o
    0x2000ec60        -       0x000000a0   Zero   RW         1638    .bss                net_config.o
    0x2000ed00        -       0x00000064   Zero   RW         1639    .bss                net_config.o
    0x2000ed64        -       0x00000028   Zero   RW         1640    .bss                net_config.o
    0x2000ed8c        -       0x00000050   Zero   RW         1641    .bss                net_config.o
    0x2000eddc        -       0x00000228   Zero   RW         1642    .bss                net_config.o
    0x2000f004        -       0x00000150   Zero   RW         1643    .bss                net_config.o
    0x2000f154        -       0x000000a0   Zero   RW         1781    .bss                Net_Dbg_CM3_L.lib(net_eth.o)
    0x2000f1f4        -       0x00000018   Zero   RW         1841    .bss                Net_Dbg_CM3_L.lib(net_arp.o)
    0x2000f20c        -       0x00000044   Zero   RW         1910    .bss                Net_Dbg_CM3_L.lib(net_ndp.o)
    0x2000f250        -       0x0000001c   Zero   RW         2053    .bss                Net_Dbg_CM3_L.lib(net_udp.o)
    0x2000f26c        -       0x00000044   Zero   RW         2224    .bss                Net_Dbg_CM3_L.lib(net_dhcp6_client.o)
    0x2000f2b0        -       0x00000098   Zero   RW         2322    .bss                Net_Dbg_CM3_L.lib(net_http_server.o)
    0x2000f348        -       0x0000002c   Zero   RW         2430    .bss                Net_Dbg_CM3_L.lib(net_ping_core.o)
    0x2000f374        -       0x00000038   Zero   RW         2465    .bss                Net_Dbg_CM3_L.lib(net_sys.o)
    0x2000f3ac        -       0x00000024   Zero   RW         2466    .bss                Net_Dbg_CM3_L.lib(net_sys.o)
    0x2000f3d0        -       0x0000005c   Zero   RW         2523    .bss                Net_Dbg_CM3_L.lib(net_addr.o)
    0x2000f42c        -       0x00000014   Zero   RW         2648    .bss                Net_Dbg_CM3_L.lib(net_mem.o)
    0x2000f440        -       0x00000400   Zero   RW         1593    STACK               startup_stm32f429xx.o


==============================================================================

Image component sizes


      Code (inc. data)   RO Data    RW Data    ZI Data      Debug   Object Name

       216         12          0          0          0       1864   adc.o
       276         16          0          0         40       1404   configuracion.o
      2536        156        148          0       9420      47678   emac_stm32f4xx.o
      1452         40         24          0       1188      17500   eventrecorder.o
       196         22         36         47       1128      11078   http_server.o
      2008        358        218          8        116       8410   http_server_cgi.o
       148          8          0          0          0        676   irq_armv7m.o
       960         36       2400         16        596       9157   lcd.o
       360         36          0          4         72     799753   main.o
       368         24        975        254      15540      32896   net_config.o
       338          0          0          0          0        890   net_debug.o
       196         12          0          1          0       1992   os_systick.o
       428         10         36          0         12       6970   phy_lan8742a.o
       240         60          0          4          0       4151   retarget_io.o
       708        224          0         20         92       3649   rtc.o
         4          0          0          0          0        635   rtx_config.o
       260         14          0          0          0      17930   rtx_delay.o
      2392         88          0          0          0      45217   rtx_evr.o
      1740         96         11        164          0      28084   rtx_kernel.o
        24          0        268      34124          0       9883   rtx_lib.o
       292          0          0          0          0       3847   rtx_memory.o
      1984         48          0          0          0      15280   rtx_mempool.o
      2820         58          0          0          0      23800   rtx_msgqueue.o
      1368         30          0          0          0      10178   rtx_mutex.o
      1432         34          0          0          0      12008   rtx_semaphore.o
       668         18          0          0          0       8585   rtx_system.o
      4892        124          0          0          0      33737   rtx_thread.o
      1152         34          0          0          0      10285   rtx_timer.o
      3164         98        128          0         44      44963   spi_stm32f4xx.o
        36          8        428          0       1024        872   startup_stm32f429xx.o
       456         38          0         12          0      11471   stm32f4xx_hal.o
      2744         92          0          0          0       8855   stm32f4xx_hal_adc.o
      1828         42          0          0          0       6570   stm32f4xx_hal_adc_ex.o
       664         10          0          0          0      36162   stm32f4xx_hal_cortex.o
      1816         28          8          0          0       7669   stm32f4xx_hal_dma.o
       868         54          0          0          0       4023   stm32f4xx_hal_gpio.o
       376         20          0          0          0       3651   stm32f4xx_hal_pwr.o
      1888         66          0          0          0       6175   stm32f4xx_hal_rcc.o
      1508         80          0          0          0       4733   stm32f4xx_hal_rcc_ex.o
      2416         24          0          0          0       8737   stm32f4xx_hal_rtc.o
      2828         22          0          0          0      13729   stm32f4xx_hal_rtc_ex.o
      9170        166          0          0          0      37672   stm32f4xx_hal_tim.o
      2992         62          0          0          0      13696   stm32f4xx_hal_tim_ex.o
       148         20         24          4          0       1905   system_stm32f4xx_1.o
       120         10      27749          0          0       1844   web.o

    ----------------------------------------------------------------------
     62482       2398      32516      34664      29276    1380264   Object Totals
         0          0         48          0          0          0   (incl. Generated)
         2          0         15          6          4          0   (incl. Padding)

    ----------------------------------------------------------------------

      Code (inc. data)   RO Data    RW Data    ZI Data      Debug   Library Member Name

      1414         18         22          0         92       1556   net_addr.o
      2874        144          0          0         24       1548   net_arp.o
       120          6        144          0          0         84   net_base64.o
       622         10         16          0          0       1340   net_common.o
      3454        144         16          2         68        944   net_dhcp6_client.o
      3664        138          0          0        160       1600   net_eth.o
      6834       1268        250         12        152       2852   net_http_server.o
       266         66         24          0          0        368   net_http_server_auth.o
         0          0        539          0          0          0   net_http_server_err.o
       640         48          0          1          0        236   net_icmp.o
       812         60          0          1          0        332   net_icmp6.o
      1188         82          4          8          0        956   net_ip4.o
       690         30          0          4          0        476   net_ip4_frag.o
       848         72         48          4          0        644   net_ip6.o
       348         28         56          4          0        256   net_loopback.o
       592         64          0          0         20        564   net_mem.o
       520         44          8          1          0        188   net_nbns_client.o
      4150        176          0          0         68       1848   net_ndp.o
       188         32         18          0         44        220   net_ping_core.o
       834         84          0          0         92       1012   net_sys.o
      6566        282          0          4          0       2728   net_tcp.o
      1310         70          0          2         28        620   net_udp.o
         0          0          4          0          0          0   net_version.o
        86          0          0          0          0          0   __dczerorl2.o
         0          0          0          0          0          0   entry.o
         0          0          0          0          0          0   entry10a.o
         0          0          0          0          0          0   entry11a.o
         4          0          0          0          0          0   entry12b.o
         8          4          0          0          0          0   entry2.o
         4          0          0          0          0          0   entry5.o
         0          0          0          0          0          0   entry7b.o
         0          0          0          0          0          0   entry8b.o
         8          4          0          0          0          0   entry9a.o
        24          0          0          0          0         80   fputs.o
        30          0          0          0          0          0   handlers.o
        36          8          0          0          0         68   init.o
         0          0          0          0          0          0   iusefp.o
        30          0          0          0          0         68   llshl.o
        36          0          0          0          0         68   llsshr.o
        32          0          0          0          0         68   llushr.o
        26          0          0          0          0         80   memcmp.o
        36          0          0          0          0         68   memcpya.o
        36          0          0          0          0        108   memseta.o
      2268         96          0          0          0        616   printfa.o
         0          0          0          4          0          0   stderr.o
         0          0          0          4          0          0   stdout.o
        24          0          0          0          0         68   strcat.o
        28          0          0          0          0         76   strcmp.o
        18          0          0          0          0         68   strcpy.o
        14          0          0          0          0         68   strlen.o
        30          0          0          0          0         80   strncmp.o
        44          0          0          0          0         80   uidiv.o
        98          0          0          0          0         92   uldiv.o
        48          0          0          0          0         68   cdrcmple.o
       334          0          0          0          0        148   dadd.o
       222          0          0          0          0        100   ddiv.o
       186          0          0          0          0        176   depilogue.o
        48          0          0          0          0         68   dfixul.o
       228          0          0          0          0         96   dmul.o
        38          0          0          0          0         68   f2d.o
       110          0          0          0          0        168   fepilogue.o
        10          0          0          0          0         68   ffltui.o
       100          0          0          0          0         76   fmul.o
        24          0          0          0          0         68   fscalb.o

    ----------------------------------------------------------------------
     42246       2978       1152         52        748      23232   Library Totals
        44          0          3          1          0          0   (incl. Padding)

    ----------------------------------------------------------------------

      Code (inc. data)   RO Data    RW Data    ZI Data      Debug   Library Name

     37934       2866       1149         43        748      20372   Net_Dbg_CM3_L.lib
      2920        112          0          8          0       1756   mc_w.l
      1348          0          0          0          0       1104   mf_w.l

    ----------------------------------------------------------------------
     42246       2978       1152         52        748      23232   Library Totals

    ----------------------------------------------------------------------

==============================================================================


      Code (inc. data)   RO Data    RW Data    ZI Data      Debug   

    104728       5376      33668      34716      30024    1384852   Grand Totals
    104728       5376      33668        320      30024    1384852   ELF Image Totals (compressed)
    104728       5376      33668        320          0          0   ROM Totals

==============================================================================

    Total RO  Size (Code + RO Data)               138396 ( 135.15kB)
    Total RW  Size (RW Data + ZI Data)             64740 (  63.22kB)
    Total ROM Size (Code + RO Data + RW Data)     138716 ( 135.46kB)

==============================================================================

